--------- beginning of main
07-22 10:00:44.563  2750  2750 E pageboostd: Received HALT command code 2
07-22 10:00:44.564  2274  2331 I LiveIconUpdateEventHandler: cancelDateChangeAlarm
07-22 10:00:44.565  2274  2331 I LiveIconUpdateEventHandler: setDateChangeAlarm
07-22 10:00:44.566  2274  2331 I LiveIconUpdateEventHandler: cancelMinuteChangeAlarm
--------- beginning of system
07-22 10:00:44.566  1154  3191 D SamsungAlarmManager: Cancel Alarm calling from uid:10147 pid :2274 / OP:PendingIntent{49e2f77: PendingIntentRecord{6daa7e4 com.sec.android.app.launcher broadcastIntent}}
07-22 10:00:44.567  2274  2274 I ViewRootImpl@137bd89[LauncherActivity]: [DP] pdf(0) 1 android.view.ViewRootImpl.lambda$createFrameCompleteCallback$3$ViewRootImpl:4833 android.view.ViewRootImpl$$ExternalSyntheticLambda15.run:6 android.os.Handler.handleCallback:938 
07-22 10:00:44.567  2274  2274 I ViewRootImpl@137bd89[LauncherActivity]: [DP] rdf()
07-22 10:00:44.567  2274  2331 I LiveIconUpdateEventHandler: setMinuteChangeAlarm
07-22 10:00:44.567  5946  5946 I TrayStateTrigger: getTriggerMarginOnTop retY=247 halfHandleSize=233 getTriggerPosition=11.954848
07-22 10:00:44.567  1154  2700 D WindowManager: finishDrawingWindow: Window{d491c1a u0 com.sec.android.app.launcher/com.sec.android.app.launcher.activities.LauncherActivity} mDrawState=DRAW_PENDING
07-22 10:00:44.567  2274  2274 E libprocessgroup: set_timerslack_ns write failed: Operation not permitted
07-22 10:00:44.567  2274  2274 I BaseActivity: addActivityFlags, flags : 4
07-22 10:00:44.567  2274  2274 I Launcher: onDeferredResumed
07-22 10:00:44.567  2274  2274 W Launcher.NotificationListener: setNotificationsChangedListener connected : false
07-22 10:00:44.567  2274  2274 I BadgeCountUpdaterImpl: onNotificationsChangedConnected
07-22 10:00:44.567  2274  2274 W LauncherAppWidgetHost: setShouldListenFlag, mFlags:6 flag:resume on:true isFront:false
07-22 10:00:44.567  1154  3191 D SamsungAlarmManager: setInexact (T:1/F:0/AC:false) 20260722T100100 now=553213 - CU:10147/CP:2274/OP:PendingIntent{899244d: PendingIntentRecord{6daa7e4 com.sec.android.app.launcher broadcastIntent}}
07-22 10:00:44.567  1154  1376 V WindowManager: Setting visibility of Window{985d1cf u0 com.android.systemui.ImageWallpaper}: true, caller=com.android.server.wm.WindowContainer.sendAppVisibilityToClients:1099 com.android.server.wm.WindowToken.setClientVisible:439 com.android.server.wm.WallpaperWindowToken.setVisible:171 com.android.server.wm.WallpaperWindowToken.commitVisibility:211 com.android.server.wm.WallpaperWindowToken.setVisibility:196 
07-22 10:00:44.567  1154  3191 V SamsungAlarmManager: setLocked to kernel - W:642053 / NW:568645, now=553213
07-22 10:00:44.567  2274  2332 I InstallPairAppsReceiver: Pair apps key is null
07-22 10:00:44.567  5946  5946 I TrayStateController: setUiState 0 : 2 --> 0
07-22 10:00:44.567  2274  2331 I LiveIconUpdateEventHandler: Initialized
07-22 10:00:44.568  1803  2084 D WallpaperService: dispatchAppVisibility onVisibilityChanged(): true
07-22 10:00:44.568  1154  3191 I AppWidgetServiceImpl: startListening callbacks : com.android.internal.appwidget.IAppWidgetHost$Stub$Proxy@2d21b02
07-22 10:00:44.568  1803  1803 D WallpaperService: updateSurface forceRelayout=true forceReport=false redrawNeeded=false myWidth=1443 myHeight=2400 fixedSize=true x = 0 y = 0 mWidth=1443 mHeight=2400 mIsSleepMode=false
07-22 10:00:44.568  1803  1803 D WallpaperService: mDeviceHeight : 2400, mDeviceWidth : 1080,mDeviceRotation  : 0
07-22 10:00:44.568  2274  2274 W LauncherAppWidgetHost: startListening, mFlags:15 isFront:false
07-22 10:00:44.568  2274  2274 I TouchInteractionService: onSystemUiFlagsChanged, userUnlocked
07-22 10:00:44.569  1154  1376 D WindowManager: Loading animation for app transition. transit=TRANSIT_OLD_WALLPAPER_OPEN enter=true frame=Rect(0, 0 - 1080, 2176) insets=Rect(0, 0 - 0, 0) surfaceInsets=Rect(0, 0 - 0, 0)
07-22 10:00:44.571  2951  3247 D KnoxHelper: getActivityList callingUserId: 0, target user: 0
07-22 10:00:44.571  1154  1376 I WindowManager: Reparenting to leash, surface=Surface(name=DefaultTaskDisplayArea)/@0x1cc827, leashParent=Surface(name=FullscreenMagnification:2:14)/@0x6674ad4
07-22 10:00:44.572   985  2462 I SurfaceFlinger: id=338 createSurf (0x0),-1 flag=24004, Surface(name=DefaultTaskDisplayArea)/@0x1cc827 - animation-leash of app_transition#0
07-22 10:00:44.572  2951  3247 D KnoxHelper: getActivityList callingUserId: 0, target user: 0
07-22 10:00:44.572  2951  3247 D KnoxHelper: getActivityList callingUserId: 0, target user: 0
07-22 10:00:44.572  2951  3247 D KnoxHelper: getActivityList callingUserId: 0, target user: 0
07-22 10:00:44.573  1154  1376 D WindowManager: makeSurface duration=1 leash=Surface(name=Surface(name=DefaultTaskDisplayArea)/@0x1cc827 - animation-leash of app_transition)/@0x395966f
07-22 10:00:44.573  2951  3247 D KnoxHelper: getActivityList callingUserId: 0, target user: 0
07-22 10:00:44.574  1154  1988 V WindowManager: Relayout Window{985d1cf u0 com.android.systemui.ImageWallpaper}: viewVisibility=0 req=1443x2400 d0
07-22 10:00:44.574  2951  3247 D KnoxHelper: getActivityList callingUserId: 0, target user: 0
07-22 10:00:44.574  2951  3247 D KnoxHelper: getActivityList callingUserId: 0, target user: 0
07-22 10:00:44.574  1154  1988 V WindowManager: Relayout hash=985d1cf, pid=1803: mAttrs={(0,0)(1443x2400) gr=TOP START CENTER layoutInDisplayCutoutMode=always ty=WALLPAPER fmt=RGBX_8888 wanim=0x1030314
07-22 10:00:44.574  1154  1988 V WindowManager:   fl=14318
07-22 10:00:44.574  1154  1988 V WindowManager:   pfl=2000004
07-22 10:00:44.574  1154  1988 V WindowManager:   bhv=DEFAULT naviIconColor=0}
07-22 10:00:44.574  1803  1803 D WallpaperService: updateSurface redrawNeeded=false didSurface=false , mDestroyed = false
07-22 10:00:44.574  1803  1803 D WallpaperService: reportVisibility onVisibilityChanged visible: true
07-22 10:00:44.575  1803  1994 I ImageWallpaper:  onVisibilityChanged true , 0
07-22 10:00:44.575  1154  2700 D WALLPAPER_SVC:WallpaperManagerService: getWallpaperSafeLocked, userId = 0, which = 1, caller = com.android.server.wallpaper.WallpaperManagerService.semGetWallpaperType:5991 
07-22 10:00:44.575  2951  3247 D KnoxHelper: getActivityList callingUserId: 0, target user: 0
07-22 10:00:44.575  1154  2700 D WallpaperManagerService: which : 1, return type : 0 (called by userId= 0)
07-22 10:00:44.575  1803  1994 I ImageWallpaperRenderer: updateWallpaperOffset 0 lastCropOffset 0 wp Type , 0 , rotation == 0 Do not change Display offset 0
07-22 10:00:44.576  2951  3247 D KnoxHelper: getActivityList callingUserId: 0, target user: 0
07-22 10:00:44.576   985   985 I Layer   : id=322 removeFromCurrentState Surface(name=db79f74 StatusBar)/@0xd7bc1b - animation-leash of insets_animation#1 (104)
07-22 10:00:44.576   985   985 I Layer   : id=73 removeFromCurrentState db79f74 StatusBar#0 (104)
07-22 10:00:44.576   985   985 I Layer   : id=81 removeFromCurrentState StatusBar$_1803#0 (104)
07-22 10:00:44.576   985   985 I Layer   : id=73 addToCurrentState db79f74 StatusBar#0 (104)
07-22 10:00:44.576   985   985 I Layer   : id=81 addToCurrentState StatusBar$_1803#0 (104)
07-22 10:00:44.576   985   985 I Layer   : id=323 removeFromCurrentState Surface(name=c4c7265 NavigationBar0)/@0x6defaf6 - animation-leash of insets_animation#1 (104)
07-22 10:00:44.576   985   985 I SurfaceFlinger: [d491c1a com.sec.android.app.launcher/com.sec.android.app.launcher.activities.LauncherActivity#0] FrameRatePriority: 1
07-22 10:00:44.576   985   985 D Layer   : setBackgroundBlurRadius ## OneUiHome-BlurLayer#0, backgroundBlurRadius=150
07-22 10:00:44.576   985   985 D Layer   : GPIS:: requestGPIS
07-22 10:00:44.576   985   985 I SurfaceFlinger: id=322 Removed Surface(name=db79f74 StatusBar)/@0xd7bc1b - animation-leash of insets_animation#1 (104)
07-22 10:00:44.576   985  2586 D NativeSemDvfsManager: acquire:: timeout = 2000 mIsAcquired = 1  mTagName : SurfaceFlinger 
07-22 10:00:44.576   985   985 I SurfaceFlinger: id=323 Removed Surface(name=c4c7265 NavigationBar0)/@0x6defaf6 - animation-leash of insets_animation#1 (104)
07-22 10:00:44.576  2274  2274 I BadgeRenderer: Invalid count : 0
07-22 10:00:44.576  2274  2274 I BadgeRenderer: Invalid count : 0
07-22 10:00:44.576   985   985 I Layer   : id=322 Destroyed Surface(name=db79f74 StatusBar)/@0xd7bc1b - animation-leash of insets_animation#1
07-22 10:00:44.576   985   985 I Layer   : id=323 Destroyed Surface(name=c4c7265 NavigationBar0)/@0x6defaf6 - animation-leash of insets_animation#1
07-22 10:00:44.576   985  2586 E NativeCustomFrequencyManager: [NativeCFMS] BpCustomFrequencyManager::acquire()
07-22 10:00:44.577   908   952 I HYPER-HAL: [RequestManager.cpp]acquire(): Acquired ID : 1972105  [985 / 1000]    HINT : SF_GPU_MINLOCK    list : [TIMEOUT / 2000] 
07-22 10:00:44.577  1154  1936 D InputDispatcher: Focus entered window (0): d491c1a com.sec.android.app.launcher/com.sec.android.app.launcher.activities.LauncherActivity
--------- beginning of events
07-22 10:00:44.577  1154  1605 I input_focus: [Focus entering d491c1a com.sec.android.app.launcher/com.sec.android.app.launcher.activities.LauncherActivity (server),reason=setFocusedWindow]
07-22 10:00:44.577   985   985 D SurfaceFlinger: Display 4633128672291735937 HWC layers:
07-22 10:00:44.577   985   985 D SurfaceFlinger:      DEVICE | 0xb400006fc8f312d0 | 0100 | RGBx_8888    |  182.0    0.0 1262.0 2400.0 |    0    0 1080 2400 | Wallpaper BBQ wrapper#0
07-22 10:00:44.577   985   985 D SurfaceFlinger: 
07-22 10:00:44.578  1154  3191 V WindowManager: Relayout Window{b6d831e u0 com.samsung.android.app.cocktailbarservice/com.samsung.android.app.cocktailbarservice.CocktailBarService}: viewVisibility=0 req=67x466 d0
07-22 10:00:44.578   985  1112 I SurfaceFlinger: id=339 createSurf (67x466),-3 flag=40004, com.samsung.android.app.cocktailbarservice/com.samsung.android.app.cocktailbarservice.CocktailBarService$_5946#0
07-22 10:00:44.578  2951  3247 D KnoxHelper: getActivityList callingUserId: 0, target user: 0
07-22 10:00:44.579  1154  3191 D WindowManager: makeSurface duration=1 name=com.samsung.android.app.cocktailbarservice/com.samsung.android.app.cocktailbarservice.CocktailBarService$_5946
07-22 10:00:44.579  2951  3247 D KnoxHelper: getActivityList callingUserId: 0, target user: 0
07-22 10:00:44.580  2274  2274 I PopupDataProvider: onNotificationFullRefresh prev dotInfoSize : 0
07-22 10:00:44.580  2274  2274 I ViewRootImpl@137bd89[LauncherActivity]: MSG_WINDOW_FOCUS_CHANGED 1 1
07-22 10:00:44.580  2274  2274 I BaseActivity: addActivityFlags, flags : 8
07-22 10:00:44.580  1154  3191 V WindowManager: Relayout hash=b6d831e, pid=5946: mAttrs={(0,247)(67x466) gr=TOP RIGHT CENTER sim={adjust=nothing} layoutInDisplayCutoutMode=shortEdges ty=2226 fmt=TRANSPARENT
07-22 10:00:44.580  1154  3191 V WindowManager:   fl=81800548
07-22 10:00:44.580  1154  3191 V WindowManager:   pfl=2000050
07-22 10:00:44.580  1154  3191 V WindowManager:   vsysui=2000
07-22 10:00:44.580  1154  3191 V WindowManager:   apr=LIGHT_STATUS_BARS
07-22 10:00:44.580  1154  3191 V WindowManager:   bhv=SHOW_TRANSIENT_BARS_BY_SWIPE
07-22 10:00:44.580  1154  3191 V WindowManager:   fitTypes=NAVIGATION_BARS CAPTION_BAR dimAmount=0.0 dimDuration=0 naviIconColor=0
07-22 10:00:44.580  1154  3191 V WindowManager:   sfl=200000}
07-22 10:00:44.580  2274  2274 I InputMethodManager: startInputInner - mService.startInputOrWindowGainedFocus
07-22 10:00:44.580  1154  3191 D InputMethodManagerService: mSecureKeypadEnabled = false
07-22 10:00:44.581  1154  3191 V InputMethodManagerService: Unspecified window will hide input
07-22 10:00:44.581  1154  3191 V InputMethodManagerService: hideCurrentInputLocked : shouldHideSoftInput is false
07-22 10:00:44.581  1154  3191 D InputMethodManagerService: DESKTOP MODE! : 2
07-22 10:00:44.581  1154  3191 D InputMethodManagerService: NOT IN KNOX DESKTOP MODE!
07-22 10:00:44.581  1154  3191 V InputMethodManagerService: getDisplayIdOfInputMethodWindowToBeAdded : 0
07-22 10:00:44.581  5946  5946 I ViewRootImpl@c274245[CocktailBarService]: Relayout returned: old=(1013,247,1080,713) new=(1013,247,1080,713) req=(67,466)0 dur=4 res=0x7 s={true -5476376620758115632} ch=true fn=-1
07-22 10:00:44.581  1154  3191 D InputMethodManagerService: checkDisplayOfStartInputAndUpdateKeyboard display Id 0last 0
07-22 10:00:44.581  1154  3191 D InputTransport: Input channel constructed: 'ClientS', fd=941
07-22 10:00:44.581  1154  3191 D InputTransport: Input channel destroyed: 'ClientS', fd=941
07-22 10:00:44.581  5946  5946 I ViewRootImpl@c274245[CocktailBarService]: [DP] dp(1) 1 android.view.ViewRootImpl.reportNextDraw:11233 android.view.ViewRootImpl.performTraversals:4075 android.view.ViewRootImpl.doTraversal:2819 
07-22 10:00:44.581  2951  3247 D KnoxHelper: getActivityList callingUserId: 0, target user: 0
07-22 10:00:44.582  4789  4789 I HBD     : HoneyBoardService onFinishInput 
07-22 10:00:44.582  1154  3191 I WindowManager: Cancelling animation restarting=true, leash=Surface(name=Surface(name=31f3673 InputMethod)/@0x2bde85c - animation-leash of insets_animation)/@0x1d25169
07-22 10:00:44.582  1154  3191 I WindowManager: Reparenting to original parent: Surface(name=WindowToken{7578ed1 android.os.Binder@525d9f8})/@0xad02765, destroy=false, surface=Surface(name=31f3673 InputMethod)/@0x2bde85c
07-22 10:00:44.582  1154  3191 I WindowManager: Reparenting to leash, surface=Surface(name=31f3673 InputMethod)/@0x2bde85c, leashParent=Surface(name=WindowToken{7578ed1 android.os.Binder@525d9f8})/@0xad02765
07-22 10:00:44.582   985  2462 I SurfaceFlinger: id=340 createSurf (0x0),-1 flag=24004, Surface(name=31f3673 InputMethod)/@0x2bde85c - animation-leash of insets_animation#0
07-22 10:00:44.582  2951  3247 D KnoxHelper: getActivityList callingUserId: 0, target user: 0
07-22 10:00:44.582  4789  4789 I HBD     : a IC have been unbinding,  InputConnectionWrapper{idHash=#5a01f20 mMissingMethods=}
07-22 10:00:44.582  4789  4789 I HBD     : HoneyBoardService [PF_CL][onFinishInput]  381923 ns 
07-22 10:00:44.582  4789  4789 I HBD     : HoneyBoardService [IMI] onStartInput - caller pid : 2274 , caller uid : 10147 
07-22 10:00:44.582  4789  4789 I HBD     : j updateConfigs 
07-22 10:00:44.582  4789  4789 I HBD     : j isEnabledNightMode : false 
07-22 10:00:44.582  4789  4789 I HBD     : a IC have been binding, InputConnectionWrapper{idHash=#7821a9e mMissingMethods=} 
07-22 10:00:44.583  4789  4789 I HBD     : h [EditorInputType]setPrivateImeOptionsToTable privateImeOptions ( null )
07-22 10:00:44.583  4789  4789 I HBD     : b incognitoMode : false 
07-22 10:00:44.583  4789  4789 I HBD     : a needOff = true , isForceOff = false, isNullInputClass : true 
07-22 10:00:44.583  4789  4789 I HBD     : h getDefaultInputRange : UNKNOWN 
07-22 10:00:44.583  4789  4789 I HBD     : h getDefaultInputRange : UNKNOWN 
07-22 10:00:44.583  4789  4789 I HBD     : h getDefaultInputRange : UNKNOWN 
07-22 10:00:44.583  1154  3241 D DARUtil : Device owner status not updated yet...
07-22 10:00:44.583  1154  3241 D DARUtil : Not an enterprise user : 0
07-22 10:00:44.583  1154  3191 D WindowManager: makeSurface duration=1 leash=Surface(name=Surface(name=31f3673 InputMethod)/@0x2bde85c - animation-leash of insets_animation)/@0xe74085a
07-22 10:00:44.583  4789  4789 I HBD     : h getDefaultInputRange : UNKNOWN 
07-22 10:00:44.583  4789  4789 I HBD     : a currentState : 0 
07-22 10:00:44.584  1803  1803 D DisplayImeController: insetsControlChanged(), ime control is null, anim=null
07-22 10:00:44.584  2951  3247 D KnoxHelper: getActivityList callingUserId: 0, target user: 0
07-22 10:00:44.584  4789  4789 I HBD     : h load selected json path : /data/user/0/com.samsung.android.honeyboard/files/selected.json 
07-22 10:00:44.585  4789  4789 I HBD     : h load selected json info : {"version":"1.0","currentLanguageOrder":0,"selected":[{"activeOptionList":["auto_replace","auto_spacing"],"engName":"Russian","id":3342336,"inputType":"qwerty","isUsed":true},{"activeOptionList":["auto_replace","auto_spacing","spell_check","writing_assistant"],"engName":"English","id":65537,"inputType":"qwerty","isUsed":true}]} 
07-22 10:00:44.585  2951  3247 D KnoxHelper: getActivityList callingUserId: 0, target user: 0
07-22 10:00:44.585  4789  4789 I HBD     : a [UpdatePolicy] [post] a: 0 cl: 3342336 kit: [0/0] vt: 0 ir: 1 
07-22 10:00:44.585  2951  3247 D KnoxHelper: getActivityList callingUserId: 0, target user: 0
07-22 10:00:44.585  4789  4789 I HBD     : HoneyBoardService [PF_OP][onStartInput]  3154270 ns 
07-22 10:00:44.586  2951  3247 D KnoxHelper: getActivityList callingUserId: 0, target user: 0
07-22 10:00:44.586  5946  5946 I ViewRootImpl@c274245[CocktailBarService]: [DP] pdf(0) 1 android.view.ViewRootImpl.lambda$createFrameCompleteCallback$3$ViewRootImpl:4833 android.view.ViewRootImpl$$ExternalSyntheticLambda15.run:6 android.os.Handler.handleCallback:938 
07-22 10:00:44.586  5946  5946 I ViewRootImpl@c274245[CocktailBarService]: [DP] rdf()
07-22 10:00:44.586  2951  3247 D KnoxHelper: getActivityList callingUserId: 0, target user: 0
07-22 10:00:44.586  1154  2700 D WindowManager: finishDrawingWindow: Window{b6d831e u0 com.samsung.android.app.cocktailbarservice/com.samsung.android.app.cocktailbarservice.CocktailBarService} mDrawState=DRAW_PENDING
07-22 10:00:44.586  5946  5946 I TrayStateController: putInputRect mDynamicInputRegion=87493972@LastEvent=t=1784703632884Rect(25, 0 - 67, 466),Rect=Rect(25, 0 - 67, 466)
07-22 10:00:44.587  5946  5946 I TrayStateTrigger: showTriggerView
07-22 10:00:44.587  1154 23204 D TspStateManager: update cmd=set_grip_data,0,2,247,713
07-22 10:00:44.587  2951  3247 D KnoxHelper: getActivityList callingUserId: 0, target user: 0
07-22 10:00:44.588  2951  3247 D KnoxHelper: getActivityList callingUserId: 0, target user: 0
07-22 10:00:44.588  2951  3247 D KnoxHelper: getActivityList callingUserId: 0, target user: 0
07-22 10:00:44.589  2951  3247 D KnoxHelper: getActivityList callingUserId: 0, target user: 0
07-22 10:00:44.589  2951  3247 D KnoxHelper: getActivityList callingUserId: 0, target user: 0
07-22 10:00:44.589  2951  3247 D KnoxHelper: getActivityList callingUserId: 0, target user: 0
07-22 10:00:44.590  2951  3247 D KnoxHelper: getActivityList callingUserId: 0, target user: 0
07-22 10:00:44.590  2951  3247 D KnoxHelper: getActivityList callingUserId: 0, target user: 0
07-22 10:00:44.591  2951  3247 D KnoxHelper: getActivityList callingUserId: 0, target user: 0
07-22 10:00:44.591  2951  3247 D KnoxHelper: getActivityList callingUserId: 0, target user: 0
07-22 10:00:44.592  2951  3247 D KnoxHelper: getActivityList callingUserId: 0, target user: 0
07-22 10:00:44.592  2951  3247 D KnoxHelper: getActivityList callingUserId: 0, target user: 0
07-22 10:00:44.593   985   985 I Layer   : id=332 removeFromCurrentState Surface(name=31f3673 InputMethod)/@0x2bde85c - animation-leash of insets_animation#1 (104)
07-22 10:00:44.593  1154  3191 V WindowManager: Relayout Window{b6d831e u0 com.samsung.android.app.cocktailbarservice/com.samsung.android.app.cocktailbarservice.CocktailBarService}: viewVisibility=0 req=67x466 d0
07-22 10:00:44.594  2274  2274 I BadgeRenderer: Invalid count : 0
07-22 10:00:44.594  2274  2274 I BadgeRenderer: Invalid count : 0
07-22 10:00:44.594   985   985 D SurfaceFlinger: Display 4633128672291735937 HWC layers:
07-22 10:00:44.594   985   985 D SurfaceFlinger:      DEVICE | 0xb400006fc8f312d0 | 0100 | RGBx_8888    |  182.0    0.0 1262.0 2400.0 |    0    0 1080 2400 | Wallpaper BBQ wrapper#0
07-22 10:00:44.594   985   985 D SurfaceFlinger:      DEVICE | 0xb400006fc8f26750 | 0100 | RGBA_8888    |    0.0    0.0   67.0  466.0 | 1013  247 1080  713 | com.samsung.android.app.cocktailbars[...]arservice.CocktailBarService$_5946#0
07-22 10:00:44.594   985   985 D SurfaceFlinger: 
07-22 10:00:44.594  1154  3191 V WindowManager: Relayout hash=b6d831e, pid=5946: mAttrs={(0,247)(67x466) gr=TOP RIGHT CENTER sim={adjust=nothing} layoutInDisplayCutoutMode=shortEdges ty=2226 fmt=TRANSPARENT
07-22 10:00:44.594  1154  3191 V WindowManager:   fl=81800548
07-22 10:00:44.594  1154  3191 V WindowManager:   pfl=2000050
07-22 10:00:44.594  1154  3191 V WindowManager:   vsysui=2000
07-22 10:00:44.594  1154  3191 V WindowManager:   apr=LIGHT_STATUS_BARS
07-22 10:00:44.594  1154  3191 V WindowManager:   bhv=SHOW_TRANSIENT_BARS_BY_SWIPE
07-22 10:00:44.594  1154  3191 V WindowManager:   fitTypes=NAVIGATION_BARS CAPTION_BAR dimAmount=0.0 dimDuration=0 naviIconColor=0
07-22 10:00:44.594  1154  3191 V WindowManager:   sfl=200000}
07-22 10:00:44.595  5946  5946 I ViewRootImpl@c274245[CocktailBarService]: Relayout returned: old=(1013,247,1080,713) new=(1013,247,1080,713) req=(67,466)0 dur=1 res=0x1 s={true -5476376620758115632} ch=false fn=2
07-22 10:00:44.595  5946  5946 I CocktailBarUiController: onCocktailBarStateChanged: flag=0x1 vis=1 bgType= showTimeout=-1 activate=true
07-22 10:00:44.596  2274  2274 I wm_on_idle_called: {com.sec.android.app.launcher/com.sec.android.app.launcher.activities.LauncherActivity}
07-22 10:00:44.596  1154  2700 D InputMethodManagerServicePhysicalKey: isConnectedDexOnPC false
07-22 10:00:44.597  2951  3247 D KnoxHelper: getActivityList callingUserId: 0, target user: 0
07-22 10:00:44.597  1154  3241 I wm_idle_activity: [0,125084467,com.sec.android.app.launcher/.activities.LauncherActivity]
07-22 10:00:44.597  1154  2700 D InputMethodManagerService: isImeSwitcherDisabledPackage : false
07-22 10:00:44.598  4789  4789 I MSHandlerLifeCycle: isMultiSplitHandlerRequested: ignored. pkg=com.samsung.android.honeyboard isActivity=false callers=com.android.internal.policy.DecorView.setVisibility:4216 android.app.Dialog.hide:700 android.inputmethodservice.InputMethodService.removeImeSurface:1135 android.inputmethodservice.InputMethodService.scheduleImeSurfaceRemoval:1128 android.inputmethodservice.InputMethodService.access$1500:354 
07-22 10:00:44.598  4789  4789 I MSHandlerLifeCycle: removeMultiSplitHandler: no exist. decor=DecorView@f1a4d8e[InputMethod]
07-22 10:00:44.599  2951  3247 D KnoxHelper: getActivityList callingUserId: 0, target user: 0
07-22 10:00:44.600  2951  3247 D KnoxHelper: getActivityList callingUserId: 0, target user: 0
07-22 10:00:44.600  2951  3247 D KnoxHelper: getActivityList callingUserId: 0, target user: 0
07-22 10:00:44.601  2951  3247 D KnoxHelper: getActivityList callingUserId: 0, target user: 0
07-22 10:00:44.601  2951  3247 D KnoxHelper: getActivityList callingUserId: 0, target user: 0
07-22 10:00:44.601  2951  3247 D KnoxHelper: getActivityList callingUserId: 0, target user: 0
07-22 10:00:44.602  2951  3247 D KnoxHelper: getActivityList callingUserId: 0, target user: 0
07-22 10:00:44.602  2951  3247 D KnoxHelper: getActivityList callingUserId: 0, target user: 0
07-22 10:00:44.603  2274  2332 W QuickstepModelDelegate: handleUpdate targets : 9
07-22 10:00:44.605  2274  2274 W SuggestedAppsViewImpl: pending predictedApps : 9, alpha: 0.0, overview: false
07-22 10:00:44.628   985   985 D SurfaceFlinger: Display 4633128672291735937 HWC layers:
07-22 10:00:44.628   985   985 D SurfaceFlinger:      DEVICE | 0xb400006fc8f312d0 | 0100 | RGBx_8888    |  182.0    0.0 1262.0 2400.0 |    0    0 1080 2400 | Wallpaper BBQ wrapper#0
07-22 10:00:44.628   985   985 D SurfaceFlinger:      DEVICE | 0xb400006fc8f38d50 | 0100 | RGBA_8888    |    0.0    0.0   67.0  466.0 | 1013  247 1080  713 | com.samsung.android.app.cocktailbars[...]arservice.CocktailBarService$_5946#0
07-22 10:00:44.628   985   985 D SurfaceFlinger:      CLIENT | 0xb400006fc8f33410 | 0100 | RGBA_8888    |    0.0    0.0 1080.0    1.0 |    0 2399 1080 2400 | NavigationBar0$_1803#0
07-22 10:00:44.628   985   985 D SurfaceFlinger: 
07-22 10:00:44.645   985   985 D SurfaceFlinger: Display 4633128672291735937 HWC layers:
07-22 10:00:44.645   985   985 D SurfaceFlinger:      DEVICE | 0xb400006fc8f312d0 | 0100 | RGBx_8888    |  182.0    0.0 1262.0 2400.0 |    0    0 1080 2400 | Wallpaper BBQ wrapper#0
07-22 10:00:44.645   985   985 D SurfaceFlinger:      DEVICE | 0xb400006fc8f39290 | 0100 | RGBA_8888    |  269.0  543.0  811.0 1746.0 |    0    0 1080 2400 | com.sec.android.app.launcher/com.sec[...].activities.LauncherActivity$_2274#0
07-22 10:00:44.645   985   985 D SurfaceFlinger:      CLIENT | 0xb400006fc8f34050 | 0100 | RGBA_8888    |    0.0   77.0 1080.0   79.0 |    0    0 1080    2 | StatusBar$_1803#0
07-22 10:00:44.645   985   985 D SurfaceFlinger:      CLIENT | 0xb400006fc8f38d50 | 0100 | RGBA_8888    |    0.0    0.0   67.0  466.0 | 1013  247 1080  713 | com.samsung.android.app.cocktailbars[...]arservice.CocktailBarService$_5946#0
07-22 10:00:44.645   985   985 D SurfaceFlinger:      CLIENT | 0xb400006fc8f23f10 | 0100 | RGBA_8888    |    0.0    0.0 1080.0    5.0 |    0 2395 1080 2400 | NavigationBar0$_1803#0
07-22 10:00:44.645   985   985 D SurfaceFlinger: 
07-22 10:00:44.651  1154  1825 D MdnieScenarioControlService:  packageName : com.sec.android.app.launcher    className : com.android.launcher3.uioverrides.QuickstepLauncher
07-22 10:00:44.651  1154  1825 V MdnieScenarioControlService: setUIMode from UI function(3)
07-22 10:00:44.665   985   985 D SurfaceFlinger: Display 4633128672291735937 HWC layers:
07-22 10:00:44.665   985   985 D SurfaceFlinger:      CLIENT | 0xb400006fc8f312d0 | 0100 | RGBx_8888    |  182.0    0.0 1262.0 2400.0 |    0    0 1080 2400 | Wallpaper BBQ wrapper#0
07-22 10:00:44.665   985   985 D SurfaceFlinger:      CLIENT |              | 0000 |  Unknown  |    0.0    0.0    0.0    0.0 |    0    0 1080 2400 | OneUiHome-BlurLayer#0 (backgroundBlurRadius)
07-22 10:00:44.665   985   985 D SurfaceFlinger:      CLIENT | 0xb400006fc8f39290 | 0100 | RGBA_8888    |  267.0  538.0  813.0 1751.0 |    0    0 1080 2400 | com.sec.android.app.launcher/com.sec[...].activities.LauncherActivity$_2274#0
07-22 10:00:44.665   985   985 D SurfaceFlinger:      CLIENT | 0xb400006fc8f34050 | 0100 | RGBA_8888    |    0.0   72.0 1080.0   79.0 |    0    0 1080    7 | StatusBar$_1803#0
07-22 10:00:44.665   985   985 D SurfaceFlinger:      CLIENT | 0xb400006fc8f38d50 | 0100 | RGBA_8888    |    0.0    0.0   67.0  466.0 | 1013  247 1080  713 | com.samsung.android.app.cocktailbars[...]arservice.CocktailBarService$_5946#0
07-22 10:00:44.665   985   985 D SurfaceFlinger:      CLIENT | 0xb400006fc8f35550 | 0100 | RGBA_8888    |    0.0    0.0 1080.0   15.0 |    0 2385 1080 2400 | NavigationBar0$_1803#0
07-22 10:00:44.665   985   985 D SurfaceFlinger: 
07-22 10:00:44.693  3043  4606 I SDHMS:D : 37 > surface_temperature_0
07-22 10:00:44.694  3043  4606 I SDHMS:D : writeSysfs:: path() : /sys/class/audio/amp/surface_temperature_0 exist() : true canWrite() : false
07-22 10:00:44.694  3043  4606 I SDHMS:D : 34 > surface_temperature_1
07-22 10:00:44.694  1154  1713 D SemWifiSwitchForIndividualAppsService: isPackageException - result:1, com.sec.android.app.launcher
07-22 10:00:44.694  3043  4606 I SDHMS:D : writeSysfs:: path() : /sys/class/audio/amp/surface_temperature_1 exist() : true canWrite() : false
07-22 10:00:44.694  3043  4606 I SDHMS:D : SIOP:: AP:313(411,100) BAT:372(372,0) USB:344(344,0) CHG:406(406,0) PA:401(401,0) CP:406(406,0) WIFI:411(411,0) CF:384(384,0) BLK:0(0,0) SUBBAT:0(0,0) LRP:376(376,0) LRP2:382(382,0) LRF:373(373) LRB:376(376) LRF2:376(376) LRB2:382(382) AP2:381(381) CHG2:379(379) MEM2:382(382) WIFI2:379(379) RCV2:369(371) SPK2:340(341) 
07-22 10:00:44.752  1154  1825 V MdnieScenarioControlService: mAclOffEnabled : false mAclPreviewState : false mAclCompensationState : false
07-22 10:00:44.806  1154  1707 D SemNscXgbL1: L2 NRT 1 sample inference time: 0.557884 msecs
07-22 10:00:44.807  1154  1707 D SemNscXgbL2Rt: L2 RT 1 sample inference time: 0.3105 msecs
07-22 10:00:44.807  1154  1707 D SemNscXgbL2Nrt: L2 NRT 1 sample inference time: 0.2575 msecs
07-22 10:00:44.927   985   985 I SurfaceFlinger: SFWD update time=553572619719
07-22 10:00:44.965  1154  1789 I Pageboost: Launcher Page Up
07-22 10:00:44.967  1154  1789 I Pageboost: IO Prefetch for : org.example.gpstracker
07-22 10:00:44.967  1154  1789 I Pageboost: IO Prefetch for : org.amnezia.vpn
07-22 10:00:44.967  1154  1789 I Pageboost: IO Prefetch for : ru.mosparking.appnew
07-22 10:00:44.967  2750 23207 E pageboostd: prefetch start : app orgexamplegpstracker
07-22 10:00:44.967  2750  2750 E pageboostd: Received Reclaim command code 3, 150MB
07-22 10:00:44.974   839   839 E audit   : type=1400 audit(1784703644.971:3555): avc:  denied  { read } for  pid=2750 comm="pageboostd" name="product@overlay@NavigationBarMode3Button@NavigationBarMode3ButtonOverlay.apk@idmap" dev="dm-10" ino=327098 scontext=u:r:pageboostd:s0 tcontext=u:object_r:resourcecache_data_file:s0 tclass=file permissive=0 SEPF_SM-G991B_12_0001 audit_filtered
07-22 10:00:44.975   839   839 E audit   : type=1300 audit(1784703644.971:3555): arch=c00000b7 syscall=56 success=no exit=-13 a0=ffffff9c a1=b40000710337d4d0 a2=0 a3=0 items=1 ppid=1 pid=2750 auid=4294967295 uid=1000 gid=1000 euid=1000 suid=1000 fsuid=1000 egid=1000 sgid=1000 fsgid=1000 tty=(none) ses=4294967295 comm="pageboostd" exe="/system/bin/pageboostd" subj=u:r:pageboostd:s0 key=(null)
07-22 10:00:44.975   839   839 E audit   : type=1302 audit(1784703644.971:3555): item=0 name="/data/resource-cache/product@overlay@NavigationBarMode3Button@NavigationBarMode3ButtonOverlay.apk@idmap" inode=327098 dev=fd:0a mode=0100644 ouid=1000 ogid=1000 rdev=00:00 obj=u:object_r:resourcecache_data_file:s0 nametype=NORMAL cap_fp=0 cap_fi=0 cap_fe=0 cap_fver=0 cap_frootid=0
07-22 10:00:44.975   839   839 E audit   : type=1327 audit(1784703644.971:3555): proctitle="/system/bin/pageboostd"
07-22 10:00:44.975  2750 23207 E pageboostd: orgexamplegpstracker, amt 16232448 scnt 17 fcnt 548
07-22 10:00:44.975  2750 23207 E pageboostd: prefetch end : app orgexamplegpstracker data_amount 16232448
07-22 10:00:44.975  2750 23208 E pageboostd: prefetch start : app orgamneziavpn
07-22 10:00:44.978  2750 23208 E pageboostd: orgamneziavpn, amt 84484096 scnt 372 fcnt 50
07-22 10:00:44.978  2750 23208 E pageboostd: prefetch end : app orgamneziavpn data_amount 84484096
07-22 10:00:44.978  2750 23209 E pageboostd: prefetch start : app rumosparkingappnew
07-22 10:00:44.987  2750 23209 E pageboostd: rumosparkingappnew, amt 35581952 scnt 12 fcnt 55
07-22 10:00:44.987  2750 23209 E pageboostd: prefetch end : app rumosparkingappnew data_amount 35581952
07-22 10:00:44.987  2750 23210 E pageboostd: mem prepare start : 150 MB
07-22 10:00:45.033  2750 23210 E pageboostd: mem prepare done : 157286400 bytes
07-22 10:00:45.061  1154  1376 I WindowManager: Reparenting to original parent: Surface(name=FullscreenMagnification:2:14)/@0x6674ad4, destroy=true, surface=Surface(name=DefaultTaskDisplayArea)/@0x1cc827
07-22 10:00:45.061  2274  2274 W Launcher: onEnterAnimationComplete
--------- beginning of radio
07-22 10:00:45.061  1788  1788 D SST-SEM : [1] EVENT_SEM_SIGNAL_LEVEL_INFO_CHANGED
07-22 10:00:45.062  1788  1788 D SST-SEM : [1] SignalLevel: SignalBarInfo{ lteLevel=3 }
07-22 10:00:45.063  1803  1961 D MobileStatusTracker(1/1): onSignalStrengthsChanged signalStrength=SignalStrength:{mCdma=Invalid,mGsm=Invalid,mWcdma=Invalid,mTdscdma=Invalid,mLte=CellSignalStrengthLte: rssi=-93 rsrp=-93 rsrq=-12 rssnr=0 cqiTableIndex=2147483647 cqi=13 ta=2147483647 level=4 parametersUseForLevel=0,mNr=Invalid,SignalBarInfo{ lteLevel=3 },rat=14,primary=CellSignalStrengthLte} level=3
07-22 10:00:45.063  1803  1961 D CscParser: OMC path : /optics/configs/carriers/single/SER/conf/customer.xml
07-22 10:00:45.064  1803  1961 I CscParser: getCustomerPath : omc customer file can read
07-22 10:00:45.064  1803  1961 E CscParser: update(): xml file exist
07-22 10:00:45.065  1803  1961 D NetworkController: SignalStrength from intent slotId=1
07-22 10:00:45.077   985   985 I Layer   : id=338 removeFromCurrentState Surface(name=DefaultTaskDisplayArea)/@0x1cc827 - animation-leash of app_transition#0 (104)
07-22 10:00:45.077   985   985 I SurfaceFlinger: id=338 Removed Surface(name=DefaultTaskDisplayArea)/@0x1cc827 - animation-leash of app_transition#0 (104)
07-22 10:00:45.077   985   985 I Layer   : id=338 Destroyed Surface(name=DefaultTaskDisplayArea)/@0x1cc827 - animation-leash of app_transition#0
07-22 10:00:45.077   985   985 D SurfaceFlinger: GPIS:: requestGPIS
07-22 10:00:45.084  1154 23211 D TspStateManager: update cmd=set_grip_data,1,45,7,24,720,24,2400
07-22 10:00:45.215   908 23191 I HYPER-HAL: [ResourceManager.cpp]removeResource(): [CPUMaxFreq] RemoveResource Request ID : 4674167
07-22 10:00:45.215   908 23191 I HYPER-HAL: [RequestManager.cpp]releaseLocked(): Released ID : 4674167
07-22 10:00:45.308  1154  1707 D SemNscXgbL1: L2 NRT 1 sample inference time: 0.52573 msecs
07-22 10:00:45.308  1154  1707 D SemNscXgbL2Rt: L2 RT 1 sample inference time: 0.332846 msecs
07-22 10:00:45.308  1154  1707 D SemNscXgbL2Nrt: L2 NRT 1 sample inference time: 0.282346 msecs
07-22 10:00:45.312   908 23190 I HYPER-HAL: [ResourceManager.cpp]removeResource(): [CPUMinFreq] RemoveResource Request ID : 689745
07-22 10:00:45.317   908 23190 I HYPER-HAL: [RequestManager.cpp]releaseLocked(): Released ID : 689745
07-22 10:00:45.538  1154  1988 D SamsungAlarmManager: Cancel Alarm calling from uid:5010 pid :17285 / OP:PendingIntent{b29d214: PendingIntentRecord{62f0227 com.samsung.android.rubin.app broadcastIntent}}
07-22 10:00:45.543  1154  1988 D SamsungAlarmManager: Cancel Alarm calling from uid:5010 pid :17285 / OP:PendingIntent{e48babd: PendingIntentRecord{f1d6e7d com.samsung.android.rubin.app broadcastIntent}}
07-22 10:00:45.548  1154 10952 D SGM:GameManager: identifyGamePackage. com.sec.android.app.launcher, mCurrentUserId: 0, callerUserId: 0, callingMethodInfo: com.android.server.ssrm.SortingMachine.isGame(SortingMachine.java:162)
07-22 10:00:45.548  1154 10952 D SGM:PkgDataHelper: getGamePkgData(). com.sec.android.app.launcher
07-22 10:00:45.549  1154  1988 D SamsungAlarmManager: Cancel Alarm calling from uid:5010 pid :17285 / OP:PendingIntent{90b48b2: PendingIntentRecord{7f99c3 com.samsung.android.rubin.app broadcastIntent}}
07-22 10:00:45.558  1788  1788 D SST-SEM : [0] EVENT_SEM_SIGNAL_LEVEL_INFO_CHANGED
07-22 10:00:45.558  1788  1788 D SST-SEM : [0] SignalLevel: SignalBarInfo{ lteLevel=3 }
07-22 10:00:45.567  1154  1698 D SemCellularStateManager: onSignalStrengthsChanged: mCellularSignalLevel=4
07-22 10:00:45.568  1803  1961 D MobileStatusTracker(0/2): onSignalStrengthsChanged signalStrength=SignalStrength:{mCdma=Invalid,mGsm=Invalid,mWcdma=Invalid,mTdscdma=Invalid,mLte=CellSignalStrengthLte: rssi=-93 rsrp=-92 rsrq=-12 rssnr=1 cqiTableIndex=2147483647 cqi=10 ta=2147483647 level=4 parametersUseForLevel=0,mNr=Invalid,SignalBarInfo{ lteLevel=3 },rat=14,primary=CellSignalStrengthLte} level=3
07-22 10:00:45.569  1803  1961 D CscParser: OMC path : /optics/configs/carriers/single/SER/conf/customer.xml
07-22 10:00:45.569  1803  1961 I CscParser: getCustomerPath : omc customer file can read
07-22 10:00:45.569  1803  1961 E CscParser: update(): xml file exist
07-22 10:00:45.581  1803  1961 D NetworkController: SignalStrength from intent slotId=0
07-22 10:00:45.709  1154  1606 D InputReader: Btn_touch(5): value=1 when=554.353872
07-22 10:00:45.709  1154  1606 I InputReader: Touch event's action is 0x0 (id=5, t=0) [pCnt=1, s=0.56 ] when=554.353872
07-22 10:00:45.712  1154  1605 I input_interaction: Interaction with: d491c1a com.sec.android.app.launcher/com.sec.android.app.launcher.activities.LauncherActivity (server), 985d1cf com.android.systemui.ImageWallpaper (server), PalmMotion (server), PalmMotion (server), PointerEventDispatcher0 (server), 
07-22 10:00:45.712  1154  1605 I InputDispatcher: Delivering touch to (1803): action: 0x4, f=0x0, d=0, 'c4c7265', t=1 
07-22 10:00:45.712  1154  1605 I InputDispatcher: Delivering touch to (2274): action: 0x0, f=0x0, d=0, 'd491c1a', t=1 
07-22 10:00:45.713  2274  2274 I ViewRootImpl@137bd89[LauncherActivity]: ViewPostIme pointer 0
07-22 10:00:45.713  2274  2274 W BaseDragLayer: dispatchTouchEvent, ACTION_DOWN - mTouchDispatchState = 9
07-22 10:00:45.713  2274  2274 W PageOverlayMover: isMoving : false
07-22 10:00:45.713  2274  2274 W StatusBarController: onControllerInterceptTouchEvent return false by setting value
07-22 10:00:45.713  2274  2274 W BaseDragLayer: findActiveController return false mTouchDispatchState = 9
07-22 10:00:45.713  1154  1605 D PowerManagerService: UserActivityStateListenerState: 1
07-22 10:00:45.717  2274  2274 I AppStartUtils: isUserUnlocked : true, isUserQuiet : false
07-22 10:00:45.717  2274  2274 W AppStartUtils: sendActiveLaunchBroadcast() v.hasOnClickListeners() : true, iconInfo : AppInfo(id=268 type=APP hidden=0 container=all_apps screen=4 rank=18 rankOfList=-1 user=UserHandle{0} title=Ароматный мир componentName=ComponentInfo{ru.amwine.android/io.imshop.development.MainActivity} screenType=0)
07-22 10:00:45.718  1154  1777 I Pageboost: start alp : ru.amwine.android
07-22 10:00:45.718  1154  1777 D ActivityTaskManager: Checking for the Active launch isPkgEverLaunched :true, isPkgStopped : false, isDataCleared :false, isAutoRunBlocked : false
07-22 10:00:45.718  1154  1777 W ContextImpl: Calling a method in the system process without a qualified user: android.app.ContextImpl.startActivity:1117 com.android.server.wm.ActivityTaskManagerService$ActiveLaunchReceiver.onReceive:1166 android.app.LoadedApk$ReceiverDispatcher$Args.lambda$getRunnable$0$LoadedApk$ReceiverDispatcher$Args:1805 android.app.LoadedApk$ReceiverDispatcher$Args$$ExternalSyntheticLambda0.run:2 android.os.Handler.handleCallback:938 
07-22 10:00:45.718  1154  1777 D ActivityTaskManager: startActivityAsUser: callingPid=1154, callingUid=1000, caller=com.android.server.wm.ActivityTaskManagerService.startActivityAsUser:1741 com.android.server.wm.ActivityTaskManagerService.startActivity:1694 android.app.Instrumentation.execStartActivity:1743 android.app.ContextImpl.startActivity:1135 com.android.server.wm.ActivityTaskManagerService$ActiveLaunchReceiver.onReceive:1166 android.app.LoadedApk$ReceiverDispatcher$Args.lambda$getRunnable$0$LoadedApk$ReceiverDispatcher$Args:1805 android.app.LoadedApk$ReceiverDispatcher$Args$$ExternalSyntheticLambda0.run:2 
07-22 10:00:45.719  1154  1777 D ActivityTaskManager: SafeActivityOptions created, mOriginalCallingPid=1154, mOriginalCallingUid=1000, options=ActivityOptions(94396419), mPackageName=null, mAnimationType=-1, mStartX=0, mStartY=0, mWidth=0, mHeight=0, caller=com.android.server.wm.SafeActivityOptions.fromBundle:82 com.android.server.wm.ActivityStarter.setActivityOptions:4360 com.android.server.wm.ActivityTaskManagerService.startActivityAsUser:1865 com.android.server.wm.ActivityTaskManagerService.startActivityAsUser:1741 com.android.server.wm.ActivityTaskManagerService.startActivity:1694 android.app.Instrumentation.execStartActivity:1743 android.app.ContextImpl.startActivity:1135 
07-22 10:00:45.719  1154  1789 I Pageboost: alp for : ru.amwine.android , 0
07-22 10:00:45.720  2750 23212 E pageboostd: alp start : app ruamwineandroid
07-22 10:00:45.720   985   985 I DisplayDevice: ActiveConfigToHWC, ID : 0, Display : 4633128672291735937
07-22 10:00:45.720   885   956 I display : Set Affinity config for fps(120) : 0, cpuIDs : 255
07-22 10:00:45.720   885   956 I display : Set Affinity CPU ID : 0
07-22 10:00:45.720   885   956 I display : Set Affinity CPU ID : 1
07-22 10:00:45.720   885   956 I display : Set Affinity CPU ID : 2
07-22 10:00:45.720   885   956 I display : Set Affinity CPU ID : 3
07-22 10:00:45.720   885   956 I display : Set Affinity CPU ID : 4
07-22 10:00:45.720   885   956 I display : Set Affinity CPU ID : 5
07-22 10:00:45.720   885   956 I display : Set Affinity CPU ID : 6
07-22 10:00:45.720   885   956 I display : Set Affinity CPU ID : 7
07-22 10:00:45.720   885   956 I display : Set affinity HWC : 885
07-22 10:00:45.720   885   956 I display : CPU set : Cluster(0), min_clock(0)
07-22 10:00:45.720   885   956 I display : CPU set : Cluster(1), min_clock(0)
07-22 10:00:45.720   885   956 I display : CPU set : Cluster(2), min_clock(0)
07-22 10:00:45.721  1154  1777 E ActivityTaskManager: TouchDown intent received, starting ActiveLaunch
07-22 10:00:45.721  1154  1777 D ActivityTaskManager: starting Active launch
07-22 10:00:45.721   985   985 I SurfaceFlinger: Touch=1, Idle=0
07-22 10:00:45.721  1154  1375 I am_uid_running: 10047
07-22 10:00:45.721   985   985 D SurfaceFlinger: GPIS:: requestGPIS
07-22 10:00:45.722  1154  1375 D CompatibilityChangeReporter: Compat change id reported: 135634846; UID 10047; state: DISABLED
07-22 10:00:45.722  1154  1375 D CompatibilityChangeReporter: Compat change id reported: 177438394; UID 10047; state: DISABLED
07-22 10:00:45.722  1154  1375 D CompatibilityChangeReporter: Compat change id reported: 135772972; UID 10047; state: DISABLED
07-22 10:00:45.722  1154  1375 D CompatibilityChangeReporter: Compat change id reported: 135754954; UID 10047; state: ENABLED
07-22 10:00:45.723  1154  1407 D CompatibilityChangeReporter: Compat change id reported: 143937733; UID 10047; state: ENABLED
07-22 10:00:45.728   885   949 I display : doDisplayConfigPostProcess needSetActiveConfig is true - mDesiredConfig: 0
07-22 10:00:45.728   885   949 I display : setActiveConfig(config=0)
07-22 10:00:45.728   885   949 I display : next config(0): width=1080 height=2400 period=8333333 Xdpi=422030 Ydpi=423333 groupId=0
07-22 10:00:45.728   885   949 I display : Current VRR MODE is 3
07-22 10:00:45.729  2750 23212 E pageboostd: ruamwineandroid, amt 2348444 scnt 3 fcnt 0
07-22 10:00:45.729  2750 23212 E pageboostd: ruamwineandroid, amt 0 scnt 3 fcnt 0
07-22 10:00:45.729  2750 23212 E pageboostd: alp end : app ruamwineandroid data_amount 2348444
07-22 10:00:45.731   859   859 D Zygote  : Forked child process 23221
07-22 10:00:45.731  1154  1407 I am_proc_start: [0,23221,10047,ru.amwine.android,activelaunch,{ru.amwine.android/io.imshop.development.MainActivity}]
07-22 10:00:45.731  1154  1407 I ActivityManager: Start proc 23221:ru.amwine.android/u0a47 for activelaunch {ru.amwine.android/io.imshop.development.MainActivity}
07-22 10:00:45.732   988  1054 I heimdall: update_proc_tgid:436, put zygote64(23221) in root memcg
07-22 10:00:45.735   985   985 I Scheduler: DisplayModeChanged : 0
07-22 10:00:45.736  1154  1375 I DisplayDeviceRepository: Display device changed: DisplayDeviceInfo{"Встроенный экран": uniqueId="local:4633128672291735937", 1080 x 2400, modeId 1, defaultModeId 3, supportedModes [{id=1, width=1080, height=2400, fps=120.00001, alternativeRefreshRates=[48.000004, 60.000004, 96.00001]}, {id=2, width=1080, height=2400, fps=96.00001, alternativeRefreshRates=[48.000004, 60.000004, 120.00001]}, {id=3, width=1080, height=2400, fps=60.000004, alternativeRefreshRates=[48.000004, 96.00001, 120.00001]}, {id=4, width=1080, height=2400, fps=48.000004, alternativeRefreshRates=[60.000004, 96.00001, 120.00001]}], colorMode 0, supportedColorModes [0, 6, 7], hdrCapabilities HdrCapabilities{mSupportedHdrTypes=[2, 3, 4], mMaxLuminance=450.0, mMaxAverageLuminance=120.0, mMinLuminance=5.0E-4}, allmSupported false, gameContentTypeSupported false, density 480, 422.03 x 423.333 dpi, appVsyncOff 0, presDeadline 9333333, cutout DisplayCutout{insets=Rect(0, 80 - 0, 0) waterfall=Insets{left=0, top=0, right=0, bottom=0} boundingRect={Bounds=[Rect(0, 0 - 0, 0), Rect(510, 0 - 570, 80), Rect(0, 0 - 0, 0), Rect(0, 0 - 0, 0)]} cutoutPathParserInfo={CutoutPathParserInfo{displayWidth=1080 displayHeight=2400 density={3.0} cutoutSpec={M 0,0 H -10 V 26.66666666666667 H 10 V 0 H 0 Z @dp} rotation={0} scale={1.0}}}}, touch INTERNAL, rotation 0, type INTERNAL, address {port=129, model=0x404c2dfae6a049}, deviceProductInfo DeviceProductInfo{name=samsung lcd  , manufacturerPnpId=SAM, productId=0, modelYear=null, manufactureDate=ManufactureDate{week=16, year=2020}, connectionToSinkType=0}, state ON, frameRateOverride , brightnessMinimum 0.0, brightnessMaximum 1.0, brightnessDefault 0.5019608, roundedCorners RoundedCorners{[RoundedCorner{position=TopLeft, radius=78, center=Point(78, 78)}, RoundedCorner{position=TopRight, radius=78, center=Point(1002, 78)}, RoundedCorner{position=BottomRight, radius=78, center=Point(1002, 2322)}, RoundedCorner{position=BottomLeft, radius=78, center=Point(78, 2322)}]}, FLAG_DEFAULT_DISPLAY, FLAG_ROTATES_WITH_CONTENT, FLAG_SECURE, FLAG_SUPPORTS_PROTECTED_BUFFERS}
07-22 10:00:45.737  1154  1154 E Native_CFMS: nativePerfMgrSendFps    Fail    fps : 120    return : -1
07-22 10:00:45.737  1154  1587 I CAE     : handleMessage(CaPowerManager.java:200) - AP_WAKEUP_Already_Delivered
07-22 10:00:45.737  1154  1154 D MotionRecognitionService: [DisplayListner] getRefreshRate 120.00001
07-22 10:00:45.737  1154  1592 D MotionRecognitionService: [REFRESHRATE]  : 120
07-22 10:00:45.737  1154  1592 D SensorService: setSContextDataLocked ints length 3 , byte length 8
07-22 10:00:45.737  1154  1154 D SGM:GameManager: onDisplayChanged. displyId: 0, state: 2
07-22 10:00:45.737  1154  1154 D AODManagerService: requestReCalToTSP IsSingleTouchMode = false / previousDisplayState = ON
07-22 10:00:45.738  1154  1618 D SGM:GameManager: onLooperPrepared(), msg: MSG_LCD_ON
07-22 10:00:45.738  1154  9729 D LiftUpHandler: already ended..
07-22 10:00:45.739  4737  4737 I CAMERA_CONTROLLER: [2]a.o():2 - display changed
07-22 10:00:45.739  4737  4737 I CAMERA_CONTROLLER: [2]a.o():2
07-22 10:00:45.739  4737  4737 I CAMERA_CONTROLLER: [2]ProviderServiceImpl.checkDisplayModePortrait():39 - presentationDisplaynull
07-22 10:00:45.739  4737  4737 W CAMERA_CONTROLLER: [2]a.z():2 - presentationDisplay is null, return
07-22 10:00:45.739  4737  4737 W CAMERA_CONTROLLER: [2]ProviderServiceImpl$registerDisplayListener$displayListener$1.onDisplayChanged():17 - display is not portrait mode 
07-22 10:00:45.740  1154  1592 D SensorService: setSContextDataLocked 100048c1
07-22 10:00:45.740  1154  1587 I CAE     : handleMessage(CaPowerManager.java:210) - SCREEN_ON_Already_Delivered
07-22 10:00:45.740   897   897 D Sensors : c1 48 00 10 78 00 00 00  
07-22 10:00:45.740   897   897 E Sensors : inject_scontext_data: New ssp_data_injection_fd(42)
07-22 10:00:45.742  1803  1803 D DisplayLifecycle: updateDisplay id = 0
07-22 10:00:45.742   988  1054 I heimdall: update_proc_tgid:436, put zygote64(23221) in root memcg
07-22 10:00:45.742 23221 23221 I .amwine.androi: Using CollectorTypeCC GC.
07-22 10:00:45.743  2274  2331 I DisplayController: Global displayType : -1
07-22 10:00:45.743  2274  2331 I DisplayController: handleInfoChange start
07-22 10:00:45.743  2274  2331 I DisplayController: Update bounds Point(1080, 2176)-1080x2400, Point(2176, 1001)-2400x1080, handleInfoChange end 4
07-22 10:00:45.743   897   897 D Sensors : SContext Data Injection return 8
07-22 10:00:45.744  2274  2274 W PageOverlayMover: isMoving : false
07-22 10:00:45.744  2274  2274 W StatusBarController: onControllerInterceptTouchEvent return false by setting value
07-22 10:00:45.744  2274  2274 W BaseDragLayer: findActiveController return false mTouchDispatchState = 9
07-22 10:00:45.744 23221 23221 E .amwine.androi: Not starting debugger since process cannot load the jdwp agent.
07-22 10:00:45.744   885   949 I display : config 16666666, desired 8333333
07-22 10:00:45.746 23221 23221 E USNET   : USNET: appName: ru.amwine.android
07-22 10:00:45.746  1788  1788 D DCT-C-0 : Screen INTERNAL on
07-22 10:00:45.746 23221 23221 D ProcessState: Binder ioctl to enable oneway spam detection failed: Invalid argument
07-22 10:00:45.746  1788  1788 D DCT-C-1 : Screen INTERNAL on
07-22 10:00:45.746   988  1054 I heimdall: update_proc_tgid:436, put zygote64(23221) in root memcg
07-22 10:00:45.747   988  1054 I heimdall: update_proc_tgid:436, put com.google.android.projection.gearhead:car(23221) in root memcg
07-22 10:00:45.747   988  1054 I heimdall: update_proc_tgid:436, put com.google.android.projection.gearhead:car(23221) in root memcg
07-22 10:00:45.747   988  1054 I heimdall: update_proc_tgid:436, put <pre-initialized>(23221) in root memcg
07-22 10:00:45.747 23221 23221 D ActivityThread: setConscryptValidator
07-22 10:00:45.747 23221 23221 D ActivityThread: setConscryptValidator - put
07-22 10:00:45.749  1154  3191 D CompatibilityChangeReporter: Compat change id reported: 168419799; UID 10047; state: DISABLED
07-22 10:00:45.750  1154  3191 I ActivityManager: DSS OFF for ru.amwine.android
07-22 10:00:45.750  1154  3191 I am_proc_bound: [0,23221,ru.amwine.android]
07-22 10:00:45.752  1154  3191 D ActivityManager: attachApplicationLocked() app=ProcessRecord{7dbfb80 23221:ru.amwine.android/u0a47} app.isolatedEntryPoint=null instr2=null
07-22 10:00:45.753  1154  1371 D NetworkPolicy: onUidStateChanged() uid: 10047, isForeground(false, 19)
07-22 10:00:45.753 23221 23221 D ActivityThread: handleBindApplication()++ app=ru.amwine.android
07-22 10:00:45.754 23221 23221 D CompatibilityChangeReporter: Compat change id reported: 171979766; UID 10047; state: ENABLED
07-22 10:00:45.754   988  1054 I heimdall: update_proc_tgid:436, put <pre-initialized>(23221) in root memcg
07-22 10:00:45.754   988  1054 I heimdall: alloc_group_info:83, ru.amwine.android usage : 0
07-22 10:00:45.754   988  1054 I heimdall: memcg_create:228, mkdir /dev/memcg/ru.amwine.android done 222
07-22 10:00:45.754   988  1054 I heimdall: memcg_create:234, immigrate set to 0 done.
07-22 10:00:45.756   988  1054 I heimdall: memcg_create:271, register global_limiti_kill 609 for ru.amwine.android node 1 size 4294967296
07-22 10:00:45.756   988  1056 I heimdall: insert_task_to_group:64, insert tgid 23221 to group ru.amwine.android, ret = 0
07-22 10:00:45.760  2274  2274 W PageOverlayMover: isMoving : false
07-22 10:00:45.760  2274  2274 W StatusBarController: onControllerInterceptTouchEvent return false by setting value
07-22 10:00:45.761  2274  2274 W BaseDragLayer: findActiveController return false mTouchDispatchState = 9
