07-22 10:00:45.761  2274  4265 I DvfsUtil: boostPageSwipe : takenTime = 18374
07-22 10:00:45.761  2274  4265 I SemDvfsHyPerManager: acquire hyper - LAUNCHER_TOUCH/2274@1, type = -999
07-22 10:00:45.761 23221 23221 D nativeloader: Configuring clns-4 for other apk /system/framework/sec_camerax_impl.jar. target_sdk_version=36, uses_libraries=ALL, library_path=/data/app/~~FiJKuuexqt5CBZxFDyhcyg==/ru.amwine.android-6X5dv1wFoCIi1rFTpdumUw==/lib/arm64:/data/app/~~FiJKuuexqt5CBZxFDyhcyg==/ru.amwine.android-6X5dv1wFoCIi1rFTpdumUw==/base.apk!/lib/arm64-v8a:/data/app/~~FiJKuuexqt5CBZxFDyhcyg==/ru.amwine.android-6X5dv1wFoCIi1rFTpdumUw==/split_config.arm64_v8a.apk!/lib/arm64-v8a:/data/app/~~FiJKuuexqt5CBZxFDyhcyg==/ru.amwine.android-6X5dv1wFoCIi1rFTpdumUw==/split_config.ru.apk!/lib/arm64-v8a:/data/app/~~FiJKuuexqt5CBZxFDyhcyg==/ru.amwine.android-6X5dv1wFoCIi1rFTpdumUw==/split_config.xxhdpi.apk!/lib/arm64-v8a, permitted_path=/data:/mnt/expand:/data/user/0/ru.amwine.android
07-22 10:00:45.761 23221 23221 D nativeloader: Extending system_exposed_libraries: libhal.wsm.samsung.so:libperfsdk.performance.samsung.so:libsce_v1.crypto.samsung.so:libss_jni.securestorage.samsung.so:libBestComposition.polarr.so:libTracking.polarr.so:libFeature.polarr.so:libPolarrSnap.polarr.so:libYuv.polarr.so:libhumantracking.arcsoft.so:libPortraitDistortionCorrection.arcsoft.so:libPortraitDistortionCorrectionCali.arcsoft.so:libface_landmark.arcsoft.so:libFacialStickerEngine.arcsoft.so:libveengine.arcsoft.so:lib_pet_detection.arcsoft.so:libhigh_res.arcsoft.so:libimage_enhancement.arcsoft.so:liblow_light_hdr.arcsoft.so:libhigh_dynamic_range.arcsoft.so:libsuperresolution.arcsoft.so:libFacialAttributeDetection.arcsoft.so:libBeauty_v4.camera.samsung.so:libexifa.camera.samsung.so:libjpega.camera.samsung.so:libOpenCv.camera.samsung.so:libVideoClassifier.camera.samsung.so:libtensorflowLite.dynamic_viewing.camera.samsung.so:libImageScreener.camera.samsung.so:libMyFilter.camera.samsung.so:libtflite2.myfilters.camera.samsung.so:libSmartScan.camera.samsung.so:l
07-22 10:00:45.761   908   952 I HYPER-HAL: [RequestManager.cpp]acquire(): Acquired ID : 2588951  [2274 / 1]    HINT : LAUNCHER_TOUCH    list : [TIMEOUT / 10000] 
07-22 10:00:45.765 23221 23221 D nativeloader: Configuring clns-5 for other apk /system/framework/org.apache.http.legacy.jar. target_sdk_version=36, uses_libraries=ALL, library_path=/data/app/~~FiJKuuexqt5CBZxFDyhcyg==/ru.amwine.android-6X5dv1wFoCIi1rFTpdumUw==/lib/arm64:/data/app/~~FiJKuuexqt5CBZxFDyhcyg==/ru.amwine.android-6X5dv1wFoCIi1rFTpdumUw==/base.apk!/lib/arm64-v8a:/data/app/~~FiJKuuexqt5CBZxFDyhcyg==/ru.amwine.android-6X5dv1wFoCIi1rFTpdumUw==/split_config.arm64_v8a.apk!/lib/arm64-v8a:/data/app/~~FiJKuuexqt5CBZxFDyhcyg==/ru.amwine.android-6X5dv1wFoCIi1rFTpdumUw==/split_config.ru.apk!/lib/arm64-v8a:/data/app/~~FiJKuuexqt5CBZxFDyhcyg==/ru.amwine.android-6X5dv1wFoCIi1rFTpdumUw==/split_config.xxhdpi.apk!/lib/arm64-v8a, permitted_path=/data:/mnt/expand:/data/user/0/ru.amwine.android
07-22 10:00:45.765 23221 23221 D nativeloader: Extending system_exposed_libraries: libhal.wsm.samsung.so:libperfsdk.performance.samsung.so:libsce_v1.crypto.samsung.so:libss_jni.securestorage.samsung.so:libBestComposition.polarr.so:libTracking.polarr.so:libFeature.polarr.so:libPolarrSnap.polarr.so:libYuv.polarr.so:libhumantracking.arcsoft.so:libPortraitDistortionCorrection.arcsoft.so:libPortraitDistortionCorrectionCali.arcsoft.so:libface_landmark.arcsoft.so:libFacialStickerEngine.arcsoft.so:libveengine.arcsoft.so:lib_pet_detection.arcsoft.so:libhigh_res.arcsoft.so:libimage_enhancement.arcsoft.so:liblow_light_hdr.arcsoft.so:libhigh_dynamic_range.arcsoft.so:libsuperresolution.arcsoft.so:libFacialAttributeDetection.arcsoft.so:libBeauty_v4.camera.samsung.so:libexifa.camera.samsung.so:libjpega.camera.samsung.so:libOpenCv.camera.samsung.so:libVideoClassifier.camera.samsung.so:libtensorflowLite.dynamic_viewing.camera.samsung.so:libImageScreener.camera.samsung.so:libMyFilter.camera.samsung.so:libtflite2.myfilters.camera.samsung.so:libSmartScan.camera.samsung.so:l
07-22 10:00:45.768 23221 23221 D nativeloader: Configuring clns-6 for other apk /apex/com.android.extservices/javalib/android.ext.adservices.jar. target_sdk_version=36, uses_libraries=ALL, library_path=/data/app/~~FiJKuuexqt5CBZxFDyhcyg==/ru.amwine.android-6X5dv1wFoCIi1rFTpdumUw==/lib/arm64:/data/app/~~FiJKuuexqt5CBZxFDyhcyg==/ru.amwine.android-6X5dv1wFoCIi1rFTpdumUw==/base.apk!/lib/arm64-v8a:/data/app/~~FiJKuuexqt5CBZxFDyhcyg==/ru.amwine.android-6X5dv1wFoCIi1rFTpdumUw==/split_config.arm64_v8a.apk!/lib/arm64-v8a:/data/app/~~FiJKuuexqt5CBZxFDyhcyg==/ru.amwine.android-6X5dv1wFoCIi1rFTpdumUw==/split_config.ru.apk!/lib/arm64-v8a:/data/app/~~FiJKuuexqt5CBZxFDyhcyg==/ru.amwine.android-6X5dv1wFoCIi1rFTpdumUw==/split_config.xxhdpi.apk!/lib/arm64-v8a, permitted_path=/data:/mnt/expand:/data/user/0/ru.amwine.android
07-22 10:00:45.768 23221 23221 D nativeloader: Extending system_exposed_libraries: libhal.wsm.samsung.so:libperfsdk.performance.samsung.so:libsce_v1.crypto.samsung.so:libss_jni.securestorage.samsung.so:libBestComposition.polarr.so:libTracking.polarr.so:libFeature.polarr.so:libPolarrSnap.polarr.so:libYuv.polarr.so:libhumantracking.arcsoft.so:libPortraitDistortionCorrection.arcsoft.so:libPortraitDistortionCorrectionCali.arcsoft.so:libface_landmark.arcsoft.so:libFacialStickerEngine.arcsoft.so:libveengine.arcsoft.so:lib_pet_detection.arcsoft.so:libhigh_res.arcsoft.so:libimage_enhancement.arcsoft.so:liblow_light_hdr.arcsoft.so:libhigh_dynamic_range.arcsoft.so:libsuperresolution.arcsoft.so:libFacialAttributeDetection.arcsoft.so:libBeauty_v4.camera.samsung.so:libexifa.camera.samsung.so:libjpega.camera.samsung.so:libOpenCv.camera.samsung.so:libVideoClassifier.camera.samsung.so:libtensorflowLite.dynamic_viewing.camera.samsung.so:libImageScreener.camera.samsung.so:libMyFilter.camera.samsung.so:libtflite2.myfilters.camera.samsung.so:libSmartScan.camera.samsung.so:l
07-22 10:00:45.768 23221 23221 D nativeloader: InitApexLibraries:
07-22 10:00:45.768 23221 23221 D nativeloader:   com_android_appsearch: libicing.so
07-22 10:00:45.768 23221 23221 D nativeloader:   com_android_art: libartservice.so
07-22 10:00:45.768 23221 23221 D nativeloader:   com_android_conscrypt: libjavacrypto.so
07-22 10:00:45.768 23221 23221 D nativeloader:   com_android_extservices: libtflite_support_classifiers_native.so
07-22 10:00:45.768 23221 23221 D nativeloader:   com_android_mediaprovider: libpdfclient.so
07-22 10:00:45.768 23221 23221 D nativeloader:   com_android_os_statsd: libstats_jni.so
07-22 10:00:45.768 23221 23221 D nativeloader:   com_android_tethering: libandroid_net_connectivity_com_android_net_module_util_jni.so:libframework-connectivity-jni.so:libframework-connectivity-tiramisu-jni.so:libmainlinecronet.133.0.6876.3.so:libservice-connectivity.so:libservice-thread-jni.so:stable_cronet_libcrypto.so:stable_cronet_libssl.so
07-22 10:00:45.806 23221 23221 W .amwine.androi: Failed to find entry 'classes.dex': Entry not found
07-22 10:00:45.807 23221 23221 W .amwine.androi: Failed to find entry 'classes.dex': Entry not found
07-22 10:00:45.809 23221 23221 W .amwine.androi: Failed to find entry 'classes.dex': Entry not found
07-22 10:00:45.809 23221 23221 D nativeloader: Configuring clns-7 for other apk /data/app/~~FiJKuuexqt5CBZxFDyhcyg==/ru.amwine.android-6X5dv1wFoCIi1rFTpdumUw==/base.apk:/data/app/~~FiJKuuexqt5CBZxFDyhcyg==/ru.amwine.android-6X5dv1wFoCIi1rFTpdumUw==/split_config.arm64_v8a.apk:/data/app/~~FiJKuuexqt5CBZxFDyhcyg==/ru.amwine.android-6X5dv1wFoCIi1rFTpdumUw==/split_config.ru.apk:/data/app/~~FiJKuuexqt5CBZxFDyhcyg==/ru.amwine.android-6X5dv1wFoCIi1rFTpdumUw==/split_config.xxhdpi.apk. target_sdk_version=36, uses_libraries=, library_path=/data/app/~~FiJKuuexqt5CBZxFDyhcyg==/ru.amwine.android-6X5dv1wFoCIi1rFTpdumUw==/lib/arm64:/data/app/~~FiJKuuexqt5CBZxFDyhcyg==/ru.amwine.android-6X5dv1wFoCIi1rFTpdumUw==/base.apk!/lib/arm64-v8a:/data/app/~~FiJKuuexqt5CBZxFDyhcyg==/ru.amwine.android-6X5dv1wFoCIi1rFTpdumUw==/split_config.arm64_v8a.apk!/lib/arm64-v8a:/data/app/~~FiJKuuexqt5CBZxFDyhcyg==/ru.amwine.android-6X5dv1wFoCIi1rFTpdumUw==/split_config.ru.apk!/lib/arm64-v8a:/data/app/~~FiJKuuexqt5CBZxFDyhcyg==/ru.amwine.android-6X5dv1wFoCIi1rFTpdumUw==/split_config.xxhdpi.apk!/
07-22 10:00:45.810  1154  1707 D SemNscXgbL1: L2 NRT 1 sample inference time: 0.541115 msecs
07-22 10:00:45.810  1154  1707 D SemNscXgbL2Rt: L2 RT 1 sample inference time: 0.378962 msecs
07-22 10:00:45.811  1154  1707 D SemNscXgbL2Nrt: L2 NRT 1 sample inference time: 0.327231 msecs
07-22 10:00:45.817 23221 23221 V GraphicsEnvironment: ANGLE Developer option for 'ru.amwine.android' set to: 'default'
07-22 10:00:45.817 23221 23221 V GraphicsEnvironment: App is not on the allowlist for updatable production driver.
07-22 10:00:45.817 23221 23221 D LoadedApk: LoadedApk::makeApplication() appContext.mOpPackageName=ru.amwine.android appContext.mBasePackageName=ru.amwine.android
07-22 10:00:45.818 23221 23221 D NetworkSecurityConfig: Using Network Security Config from resource network_security_config debugBuild: false
07-22 10:00:45.819 23221 23221 D NetworkSecurityConfig: Using Network Security Config from resource network_security_config debugBuild: false
07-22 10:00:45.819  1154  1789 I Pageboost: stop alp by timeout
07-22 10:00:45.819  2750  2750 E pageboostd: Received HALT command code 2
07-22 10:00:45.829 23221 23221 I FirebaseApp: Device unlocked: initializing all Firebase APIs for app [DEFAULT]
07-22 10:00:45.830  1154  1606 D InputReader: Btn_touch(5): value=0 when=554.476297
07-22 10:00:45.831  1154  1606 I InputReader: Touch event's action is 0x1 (id=5, t=0) [pCnt=1, s=] when=554.476297
07-22 10:00:45.831  1154  1605 I InputDispatcher: Delivering touch to (2274): action: 0x1, f=0x0, d=0, 'd491c1a', t=1 
07-22 10:00:45.831  2274  2274 I ViewRootImpl@137bd89[LauncherActivity]: ViewPostIme pointer 1
07-22 10:00:45.831  2274  2274 W PagedView: snapToPage (4), mStartTime = 0
07-22 10:00:45.831  2274  2274 W PagedView: Touch Pos : D-(775, 554359)-M-(757, 554389)-SS-M-(744, 554406)-M-(723, 554414)-M-(686, 554423)-M-(659, 554431)-M-(633, 554439)-M-(603, 554448)-M-(573, 554456)-M-(548, 554465)-M-(523, 554473)-M-(523, 554476)-U-(523, 554476)-End
07-22 10:00:45.831  1154  1154 I SemDvfsHyPerManager: acquire hyper - GESTURE_DETECTED_HRR/1154@30, type = -999
07-22 10:00:45.832  1154  1154 I SemDvfsHyPerManager: acquire hyper - GESTURE_DETECTED_HRR/1154@30, type = -999
07-22 10:00:45.832  1154  1154 I SemDvfsHyPerManager: acquire hyper - SMOOTH_SCROLL/1154@22, type = -999
07-22 10:00:45.832   908   952 I HYPER-HAL: [RequestManager.cpp]acquire(): Acquired ID : 701550  [1154 / 30]    HINT : GESTURE_DETECTED_HRR    list : [TIMEOUT / 1586] 
07-22 10:00:45.832   908   952 I HYPER-HAL: [ResourceManager.cpp]updateResource(): [CPUMinFreq] UpdateResource Request ID : 701550    Value : 1248000
07-22 10:00:45.832   908   952 I HYPER-HAL: [RequestManager.cpp]acquire(): Acquired ID : 701550  [1154 / 30]    HINT : GESTURE_DETECTED_HRR    list : [TIMEOUT / 1586] 
07-22 10:00:45.832   908   952 I HYPER-HAL: [ResourceManager.cpp]updateResource(): [CPUMinFreq] UpdateResource Request ID : 701550    Value : 1248000
07-22 10:00:45.833   908   952 I HYPER-HAL: [RequestManager.cpp]acquire(): Acquired ID : 692098  [1154 / 22]    HINT : SMOOTH_SCROLL    list : 
07-22 10:00:45.833   908   952 I HYPER-HAL: [ResourceManager.cpp]updateResource(): [CPUMinFreq] UpdateResource Request ID : 692098    Value : 1352000
07-22 10:00:45.833   908   952 I HYPER-HAL: [ResourceManager.cpp]removeResource(): [CPUMinFreq] RemoveResource Request ID : 692098
07-22 10:00:45.833   908   952 I HYPER-HAL: [RequestManager.cpp]releaseLocked(): Released ID : 692098
07-22 10:00:45.833 23221 23221 I FirebaseInitProvider: FirebaseApp initialization successful
07-22 10:00:45.833 23221 23221 D ReactNativeFirebaseApp: received application context.
07-22 10:00:45.838  2274  2274 W PagedView: mScroller.getCurrX() = 4393, 554481
07-22 10:00:45.838 23221 23221 D Sentry  : io.sentry.auto-init read: false
07-22 10:00:45.844  1154  3191 D ConnectivityService: Returning BLOCKED NetworkInfo to uid=10047
07-22 10:00:45.845  2274  2274 W PagedView: mScroller.getCurrX() = 4380, 554490
07-22 10:00:45.845 23221 23221 D WM-WrkMgrInitializer: Initializing WorkManager with default configuration.
07-22 10:00:45.846 23221 23238 W .amwine.androi: ClassLoaderContext classpath size mismatch. expected=1, found=0 (DLC[];PCL[base.apk*4129373472]{PCL[/system/framework/org.apache.http.legacy.jar*128607899]#PCL[/apex/com.android.extservices/javalib/android.ext.adservices.jar*1435478441]#PCL[/system/system_ext/framework/org.carconnectivity.android.digitalkey.secureelement.jar*3277496667]#PCL[/system/framework/com.android.location.provider.jar*3633238672]#PCL[/system/framework/com.android.media.remotedisplay.jar*3472798123]#PCL[/apex/com.android.extservices/javalib/android.ext.adservices.jar*1435478441]} | DLC[];PCL[])
07-22 10:00:45.847 23221 23238 I DynamiteModule: Considering local module com.google.android.gms.measurement.dynamite:152 and remote module com.google.android.gms.measurement.dynamite:199
07-22 10:00:45.847 23221 23238 I DynamiteModule: Selected remote version of com.google.android.gms.measurement.dynamite, version >= 199
07-22 10:00:45.847 23221 23238 V DynamiteModule: Dynamite loader version >= 2, using loadModule2NoCrashUtils
07-22 10:00:45.849 23221 23221 D WM-PackageManagerHelper: Skipping component enablement for androidx.work.impl.background.systemjob.SystemJobService
07-22 10:00:45.849 23221 23221 D WM-Schedulers: Created SystemJobScheduler and enabled SystemJobService
07-22 10:00:45.851 23221 23238 W System  : ClassLoader referenced unknown path: 
07-22 10:00:45.851 23221 23238 D nativeloader: Configuring clns-8 for other apk . target_sdk_version=37, uses_libraries=, library_path=/data/app/~~6wFY7zntup73W7asCHRUsQ==/com.google.android.gms-GymQ8ivpjl3OCYBygvlIDg==/lib/arm64:/data/app/~~6wFY7zntup73W7asCHRUsQ==/com.google.android.gms-GymQ8ivpjl3OCYBygvlIDg==/base.apk!/lib/arm64-v8a, permitted_path=/data:/mnt/expand:/data/user/0/com.google.android.gms
07-22 10:00:45.851 23221 23221 D ActivityThread: handleBindApplication() --
07-22 10:00:45.853  2274  2274 W PagedView: mScroller.getCurrX() = 4369, 554498
07-22 10:00:45.859  1154  3191 I GenerationRegistry: mBackingStore.isClosed() : false
07-22 10:00:45.859 23221 23221 D nativeloader: Load /data/app/~~FiJKuuexqt5CBZxFDyhcyg==/ru.amwine.android-6X5dv1wFoCIi1rFTpdumUw==/split_config.arm64_v8a.apk!/lib/arm64-v8a/libconscrypt_jni.so using class loader ns clns-7 (caller=/data/app/~~FiJKuuexqt5CBZxFDyhcyg==/ru.amwine.android-6X5dv1wFoCIi1rFTpdumUw==/base.apk!classes7.dex): ok
07-22 10:00:45.860 23221 23221 V NativeCrypto: Registering org/conscrypt/NativeCrypto's 288 native methods...
07-22 10:00:45.861 23221 23238 W .amwine.androi: ClassLoaderContext classpath element checksum mismatch. expected=4129373472, found=3852728626 (DLC[];PCL[base.apk*4129373472]{PCL[/system/framework/org.apache.http.legacy.jar*128607899]#PCL[/apex/com.android.extservices/javalib/android.ext.adservices.jar*1435478441]#PCL[/system/system_ext/framework/org.carconnectivity.android.digitalkey.secureelement.jar*3277496667]#PCL[/system/framework/com.android.location.provider.jar*3633238672]#PCL[/system/framework/com.android.media.remotedisplay.jar*3472798123]#PCL[/apex/com.android.extservices/javalib/android.ext.adservices.jar*1435478441]} | DLC[];PCL[/data/app/~~FiJKuuexqt5CBZxFDyhcyg==/ru.amwine.android-6X5dv1wFoCIi1rFTpdumUw==/base.apk*3852728626]{PCL[/system/framework/sec_camerax_impl.jar*1367749858]#PCL[/system/framework/org.apache.http.legacy.jar*128607899]#PCL[/apex/com.android.extservices/javalib/android.ext.adservices.jar*1435478441]})
07-22 10:00:45.861  2274  2274 W PagedView: mScroller.getCurrX() = 4359, 554506
07-22 10:00:45.865 23221 23221 W SoLoader: Initializing SoLoader: 0
07-22 10:00:45.865 23221 23221 W SoLoader: Recording new base apk path: /data/app/~~FiJKuuexqt5CBZxFDyhcyg==/ru.amwine.android-6X5dv1wFoCIi1rFTpdumUw==/base.apk
07-22 10:00:45.865 23221 23221 W SoLoader: Previously recorded 0 base apk paths.
07-22 10:00:45.865 23221 23221 I SoLoader: Preparing SO source: DirectorySoSource[root = /vendor/lib64 flags = 2]
07-22 10:00:45.865 23221 23221 I SoLoader: Preparing SO source: DirectorySoSource[root = /system/lib64 flags = 2]
07-22 10:00:45.865 23221 23221 I SoLoader: Preparing SO source: DirectApkSoSource[root = [/data/app/~~FiJKuuexqt5CBZxFDyhcyg==/ru.amwine.android-6X5dv1wFoCIi1rFTpdumUw==/split_config.ru.apk!/lib/arm64-v8a, /data/app/~~FiJKuuexqt5CBZxFDyhcyg==/ru.amwine.android-6X5dv1wFoCIi1rFTpdumUw==/split_config.xxhdpi.apk!/lib/arm64-v8a, /data/app/~~FiJKuuexqt5CBZxFDyhcyg==/ru.amwine.android-6X5dv1wFoCIi1rFTpdumUw==/base.apk!/lib/arm64-v8a, /data/app/~~FiJKuuexqt5CBZxFDyhcyg==/ru.amwine.android-6X5dv1wFoCIi1rFTpdumUw==/split_config.arm64_v8a.apk!/lib/arm64-v8a]]
07-22 10:00:45.868 23221 23221 I SoLoader: Preparing SO source: ApplicationSoSource[DirectorySoSource[root = /data/app/~~FiJKuuexqt5CBZxFDyhcyg==/ru.amwine.android-6X5dv1wFoCIi1rFTpdumUw==/lib/arm64 flags = 0]]
07-22 10:00:45.868 23221 23221 I SoLoader: init finish: 4 SO sources prepared
07-22 10:00:45.868 23221 23221 W SoLoader: SoLoader initialized: 8
07-22 10:00:45.868 23221 23249 D CompatibilityChangeReporter: Compat change id reported: 160794467; UID 10047; state: ENABLED
07-22 10:00:45.870  2274  2274 W PagedView: mScroller.getCurrX() = 4347, 554515
07-22 10:00:45.876 23221 23221 D nativeloader: Load /data/app/~~FiJKuuexqt5CBZxFDyhcyg==/ru.amwine.android-6X5dv1wFoCIi1rFTpdumUw==/split_config.arm64_v8a.apk!/lib/arm64-v8a/libc++_shared.so using class loader ns clns-7 (caller=/data/app/~~FiJKuuexqt5CBZxFDyhcyg==/ru.amwine.android-6X5dv1wFoCIi1rFTpdumUw==/base.apk!classes3.dex): ok
07-22 10:00:45.878  2274  2274 W PagedView: mScroller.getCurrX() = 4338, 554523
07-22 10:00:45.878  2855 22614 I PhenotypeResourceReader: unable to find any Phenotype resource metadata for ru.amwine.android
07-22 10:00:45.881 23221 23221 D nativeloader: Load /data/app/~~FiJKuuexqt5CBZxFDyhcyg==/ru.amwine.android-6X5dv1wFoCIi1rFTpdumUw==/split_config.arm64_v8a.apk!/lib/arm64-v8a/libjsi.so using class loader ns clns-7 (caller=/data/app/~~FiJKuuexqt5CBZxFDyhcyg==/ru.amwine.android-6X5dv1wFoCIi1rFTpdumUw==/base.apk!classes3.dex): ok
07-22 10:00:45.883 23221 23221 D nativeloader: Load /data/app/~~FiJKuuexqt5CBZxFDyhcyg==/ru.amwine.android-6X5dv1wFoCIi1rFTpdumUw==/split_config.arm64_v8a.apk!/lib/arm64-v8a/libfbjni.so using class loader ns clns-7 (caller=/data/app/~~FiJKuuexqt5CBZxFDyhcyg==/ru.amwine.android-6X5dv1wFoCIi1rFTpdumUw==/base.apk!classes3.dex): ok
07-22 10:00:45.886  2274  2274 W PagedView: mScroller.getCurrX() = 4327, 554532
07-22 10:00:45.892 23221 23252 I FA      : App measurement deactivated via the manifest
07-22 10:00:45.892 23221 23252 E .amwine.androi: No package ID 6a found for ID 0x6a0b0013.
07-22 10:00:45.892 23221 23252 I FA      : App measurement initialized, version: 175000
07-22 10:00:45.892 23221 23252 I FA      : To enable debug logging run: adb shell setprop log.tag.FA VERBOSE
07-22 10:00:45.892 23221 23252 I FA      : To enable faster debug mode event logging run:
07-22 10:00:45.892 23221 23252 I FA      :   adb shell setprop debug.firebase.analytics.app ru.amwine.android
07-22 10:00:45.894 23221 23221 D nativeloader: Load /data/app/~~FiJKuuexqt5CBZxFDyhcyg==/ru.amwine.android-6X5dv1wFoCIi1rFTpdumUw==/split_config.arm64_v8a.apk!/lib/arm64-v8a/libreactnative.so using class loader ns clns-7 (caller=/data/app/~~FiJKuuexqt5CBZxFDyhcyg==/ru.amwine.android-6X5dv1wFoCIi1rFTpdumUw==/base.apk!classes3.dex): ok
07-22 10:00:45.894 23221 23221 D jni_lib_merge: Entering merged library JNI_OnLoad.
07-22 10:00:45.894 23221 23221 D jni_lib_merge: Preparing 12 pre-merged libs (including stub)
07-22 10:00:45.894 23221 23221 D jni_lib_merge: Preparing to register libfabricjni_so.  onload_func: 0x786dd73b00
07-22 10:00:45.894 23221 23221 D jni_lib_merge: Preparing to register libreact_devsupportjni_so.  onload_func: 0x786de47444
07-22 10:00:45.894 23221 23221 D jni_lib_merge: Preparing to register libreact_featureflagsjni_so.  onload_func: 0x786de62ef8
07-22 10:00:45.894 23221 23221 D jni_lib_merge: Preparing to register libreact_newarchdefaults_so.  onload_func: 0x786dea5268
07-22 10:00:45.894 23221 23221 D jni_lib_merge: Preparing to register libreactnativeblob_so.  onload_func: 0x786df7faf8
07-22 10:00:45.894 23221 23221 D jni_lib_merge: Preparing to register libreactnativejni_so.  onload_func: 0x786df8bb5c
07-22 10:00:45.894 23221 23221 D jni_lib_merge: Preparing to register libreactnativejni_common_so.  onload_func: 0x786df8ea20
07-22 10:00:45.894 23221 23221 D jni_lib_merge: Preparing to register librninstance_so.  onload_func: 0x786dfb3e44
07-22 10:00:45.894 23221 23221 D jni_lib_merge: Preparing to register libturbomodulejsijni_so.  onload_func: 0x786e057e4c
07-22 10:00:45.894 23221 23221 D jni_lib_merge: Preparing to register libuimanagerjni_so.  onload_func: 0x786e05e864
07-22 10:00:45.894 23221 23221 D jni_lib_merge: Preparing to register libyoga_so.  onload_func: 0x786e065e28
07-22 10:00:45.894 23221 23221 D jni_lib_merge: About to register 11 actual methods.
07-22 10:00:45.895  2274  2274 W PagedView: mScroller.getCurrX() = 4319, 554540
07-22 10:00:45.897  1154  3191 D CompatibilityChangeReporter: Compat change id reported: 168419799; UID 10235; state: DISABLED
07-22 10:00:45.899 26705 26705 D BoundBrokerSvc: onBind: Intent { act=com.google.android.gms.measurement.START pkg=com.google.android.gms }
07-22 10:00:45.899 26705 26705 D BoundBrokerSvc: Loading bound service for intent: Intent { act=com.google.android.gms.measurement.START pkg=com.google.android.gms }
07-22 10:00:45.902 23221 23221 D nativeloader: Load /data/app/~~FiJKuuexqt5CBZxFDyhcyg==/ru.amwine.android-6X5dv1wFoCIi1rFTpdumUw==/split_config.arm64_v8a.apk!/lib/arm64-v8a/libreact_codegen_rnscreens.so using class loader ns clns-7 (caller=/data/app/~~FiJKuuexqt5CBZxFDyhcyg==/ru.amwine.android-6X5dv1wFoCIi1rFTpdumUw==/base.apk!classes3.dex): ok
07-22 10:00:45.902 23221 23221 D jni_lib_merge: Entering merged library JNI_OnLoad.
07-22 10:00:45.902 23221 23221 D jni_lib_merge: Preparing 12 pre-merged libs (including stub)
07-22 10:00:45.902 23221 23221 D jni_lib_merge: Preparing to register libfabricjni_so.  onload_func: 0x786dd73b00
07-22 10:00:45.902 23221 23221 D jni_lib_merge: Preparing to register libreact_devsupportjni_so.  onload_func: 0x786de47444
07-22 10:00:45.902 23221 23221 D jni_lib_merge: Preparing to register libreact_featureflagsjni_so.  onload_func: 0x786de62ef8
07-22 10:00:45.902 23221 23221 D jni_lib_merge: Preparing to register libreact_newarchdefaults_so.  onload_func: 0x786dea5268
07-22 10:00:45.902 23221 23221 D jni_lib_merge: Preparing to register libreactnativeblob_so.  onload_func: 0x786df7faf8
07-22 10:00:45.902 23221 23221 D jni_lib_merge: Preparing to register libreactnativejni_so.  onload_func: 0x786df8bb5c
07-22 10:00:45.902 23221 23221 D jni_lib_merge: Preparing to register libreactnativejni_common_so.  onload_func: 0x786df8ea20
07-22 10:00:45.902 23221 23221 D jni_lib_merge: Preparing to register librninstance_so.  onload_func: 0x786dfb3e44
07-22 10:00:45.902 23221 23221 D jni_lib_merge: Preparing to register libturbomodulejsijni_so.  onload_func: 0x786e057e4c
07-22 10:00:45.902 23221 23221 D jni_lib_merge: Preparing to register libuimanagerjni_so.  onload_func: 0x786e05e864
07-22 10:00:45.902 23221 23221 D jni_lib_merge: Preparing to register libyoga_so.  onload_func: 0x786e065e28
07-22 10:00:45.902 23221 23221 D jni_lib_merge: About to register 11 actual methods.
07-22 10:00:45.903  2274  2274 W PagedView: mScroller.getCurrX() = 4310, 554548
07-22 10:00:45.905 23221 23221 D nativeloader: Load /data/app/~~FiJKuuexqt5CBZxFDyhcyg==/ru.amwine.android-6X5dv1wFoCIi1rFTpdumUw==/split_config.arm64_v8a.apk!/lib/arm64-v8a/libreact_codegen_RNCSlider.so using class loader ns clns-7 (caller=/data/app/~~FiJKuuexqt5CBZxFDyhcyg==/ru.amwine.android-6X5dv1wFoCIi1rFTpdumUw==/base.apk!classes3.dex): ok
07-22 10:00:45.908 23221 23221 D nativeloader: Load /data/app/~~FiJKuuexqt5CBZxFDyhcyg==/ru.amwine.android-6X5dv1wFoCIi1rFTpdumUw==/split_config.arm64_v8a.apk!/lib/arm64-v8a/libreact_codegen_rnsvg.so using class loader ns clns-7 (caller=/data/app/~~FiJKuuexqt5CBZxFDyhcyg==/ru.amwine.android-6X5dv1wFoCIi1rFTpdumUw==/base.apk!classes3.dex): ok
07-22 10:00:45.908 23221 23221 D jni_lib_merge: Entering merged library JNI_OnLoad.
07-22 10:00:45.908 23221 23221 D jni_lib_merge: Preparing 12 pre-merged libs (including stub)
07-22 10:00:45.908 23221 23221 D jni_lib_merge: Preparing to register libfabricjni_so.  onload_func: 0x786dd73b00
07-22 10:00:45.908 23221 23221 D jni_lib_merge: Preparing to register libreact_devsupportjni_so.  onload_func: 0x786de47444
07-22 10:00:45.908 23221 23221 D jni_lib_merge: Preparing to register libreact_featureflagsjni_so.  onload_func: 0x786de62ef8
07-22 10:00:45.908 23221 23221 D jni_lib_merge: Preparing to register libreact_newarchdefaults_so.  onload_func: 0x786dea5268
07-22 10:00:45.908 23221 23221 D jni_lib_merge: Preparing to register libreactnativeblob_so.  onload_func: 0x786df7faf8
07-22 10:00:45.908 23221 23221 D jni_lib_merge: Preparing to register libreactnativejni_so.  onload_func: 0x786df8bb5c
07-22 10:00:45.908 23221 23221 D jni_lib_merge: Preparing to register libreactnativejni_common_so.  onload_func: 0x786df8ea20
07-22 10:00:45.908 23221 23221 D jni_lib_merge: Preparing to register librninstance_so.  onload_func: 0x786dfb3e44
07-22 10:00:45.908 23221 23221 D jni_lib_merge: Preparing to register libturbomodulejsijni_so.  onload_func: 0x786e057e4c
07-22 10:00:45.908 23221 23221 D jni_lib_merge: Preparing to register libuimanagerjni_so.  onload_func: 0x786e05e864
07-22 10:00:45.908 23221 23221 D jni_lib_merge: Preparing to register libyoga_so.  onload_func: 0x786e065e28
07-22 10:00:45.908 23221 23221 D jni_lib_merge: About to register 11 actual methods.
07-22 10:00:45.910 23221 23221 D nativeloader: Load /data/app/~~FiJKuuexqt5CBZxFDyhcyg==/ru.amwine.android-6X5dv1wFoCIi1rFTpdumUw==/split_config.arm64_v8a.apk!/lib/arm64-v8a/libreact_codegen_RNKC.so using class loader ns clns-7 (caller=/data/app/~~FiJKuuexqt5CBZxFDyhcyg==/ru.amwine.android-6X5dv1wFoCIi1rFTpdumUw==/base.apk!classes3.dex): ok
07-22 10:00:45.910 23221 23221 D jni_lib_merge: Entering merged library JNI_OnLoad.
07-22 10:00:45.910 23221 23221 D jni_lib_merge: Preparing 12 pre-merged libs (including stub)
07-22 10:00:45.910 23221 23221 D jni_lib_merge: Preparing to register libfabricjni_so.  onload_func: 0x786dd73b00
07-22 10:00:45.910 23221 23221 D jni_lib_merge: Preparing to register libreact_devsupportjni_so.  onload_func: 0x786de47444
07-22 10:00:45.910 23221 23221 D jni_lib_merge: Preparing to register libreact_featureflagsjni_so.  onload_func: 0x786de62ef8
07-22 10:00:45.910 23221 23221 D jni_lib_merge: Preparing to register libreact_newarchdefaults_so.  onload_func: 0x786dea5268
07-22 10:00:45.910 23221 23221 D jni_lib_merge: Preparing to register libreactnativeblob_so.  onload_func: 0x786df7faf8
07-22 10:00:45.910 23221 23221 D jni_lib_merge: Preparing to register libreactnativejni_so.  onload_func: 0x786df8bb5c
07-22 10:00:45.910 23221 23221 D jni_lib_merge: Preparing to register libreactnativejni_common_so.  onload_func: 0x786df8ea20
07-22 10:00:45.910 23221 23221 D jni_lib_merge: Preparing to register librninstance_so.  onload_func: 0x786dfb3e44
07-22 10:00:45.910 23221 23221 D jni_lib_merge: Preparing to register libturbomodulejsijni_so.  onload_func: 0x786e057e4c
07-22 10:00:45.910 23221 23221 D jni_lib_merge: Preparing to register libuimanagerjni_so.  onload_func: 0x786e05e864
07-22 10:00:45.910 23221 23221 D jni_lib_merge: Preparing to register libyoga_so.  onload_func: 0x786e065e28
07-22 10:00:45.910 23221 23221 D jni_lib_merge: About to register 11 actual methods.
07-22 10:00:45.911  2274  2274 W PagedView: mScroller.getCurrX() = 4301, 554557
07-22 10:00:45.912 23221 23221 D nativeloader: Load /data/app/~~FiJKuuexqt5CBZxFDyhcyg==/ru.amwine.android-6X5dv1wFoCIi1rFTpdumUw==/split_config.arm64_v8a.apk!/lib/arm64-v8a/libreact_codegen_safeareacontext.so using class loader ns clns-7 (caller=/data/app/~~FiJKuuexqt5CBZxFDyhcyg==/ru.amwine.android-6X5dv1wFoCIi1rFTpdumUw==/base.apk!classes3.dex): ok
07-22 10:00:45.913 23221 23221 D nativeloader: Load /data/app/~~FiJKuuexqt5CBZxFDyhcyg==/ru.amwine.android-6X5dv1wFoCIi1rFTpdumUw==/split_config.arm64_v8a.apk!/lib/arm64-v8a/libreact_codegen_rnpicker.so using class loader ns clns-7 (caller=/data/app/~~FiJKuuexqt5CBZxFDyhcyg==/ru.amwine.android-6X5dv1wFoCIi1rFTpdumUw==/base.apk!classes3.dex): ok
07-22 10:00:45.913 23221 23221 D jni_lib_merge: Entering merged library JNI_OnLoad.
07-22 10:00:45.913 23221 23221 D jni_lib_merge: Preparing 12 pre-merged libs (including stub)
07-22 10:00:45.913 23221 23221 D jni_lib_merge: Preparing to register libfabricjni_so.  onload_func: 0x786dd73b00
07-22 10:00:45.913 23221 23221 D jni_lib_merge: Preparing to register libreact_devsupportjni_so.  onload_func: 0x786de47444
07-22 10:00:45.913 23221 23221 D jni_lib_merge: Preparing to register libreact_featureflagsjni_so.  onload_func: 0x786de62ef8
07-22 10:00:45.913 23221 23221 D jni_lib_merge: Preparing to register libreact_newarchdefaults_so.  onload_func: 0x786dea5268
07-22 10:00:45.913 23221 23221 D jni_lib_merge: Preparing to register libreactnativeblob_so.  onload_func: 0x786df7faf8
07-22 10:00:45.913 23221 23221 D jni_lib_merge: Preparing to register libreactnativejni_so.  onload_func: 0x786df8bb5c
07-22 10:00:45.913 23221 23221 D jni_lib_merge: Preparing to register libreactnativejni_common_so.  onload_func: 0x786df8ea20
07-22 10:00:45.913 23221 23221 D jni_lib_merge: Preparing to register librninstance_so.  onload_func: 0x786dfb3e44
07-22 10:00:45.913 23221 23221 D jni_lib_merge: Preparing to register libturbomodulejsijni_so.  onload_func: 0x786e057e4c
07-22 10:00:45.913 23221 23221 D jni_lib_merge: Preparing to register libuimanagerjni_so.  onload_func: 0x786e05e864
07-22 10:00:45.913 23221 23221 D jni_lib_merge: Preparing to register libyoga_so.  onload_func: 0x786e065e28
07-22 10:00:45.913 23221 23221 D jni_lib_merge: About to register 11 actual methods.
07-22 10:00:45.920  2274  2274 W PagedView: mScroller.getCurrX() = 4294, 554565
07-22 10:00:45.923 23221 23221 D nativeloader: Load /data/app/~~FiJKuuexqt5CBZxFDyhcyg==/ru.amwine.android-6X5dv1wFoCIi1rFTpdumUw==/split_config.arm64_v8a.apk!/lib/arm64-v8a/libappmodules.so using class loader ns clns-7 (caller=/data/app/~~FiJKuuexqt5CBZxFDyhcyg==/ru.amwine.android-6X5dv1wFoCIi1rFTpdumUw==/base.apk!classes3.dex): ok
07-22 10:00:45.925 23221 23221 D LicenseClient: Connecting to the main licensing service...
07-22 10:00:45.928  2274  2274 W PagedView: mScroller.getCurrX() = 4287, 554573
07-22 10:00:45.936  2274  2274 W PagedView: mScroller.getCurrX() = 4279, 554582
07-22 10:00:45.944 23221 23221 D LicenseClient: Connected to the licensing service.
07-22 10:00:45.945  2274  2274 W PagedView: mScroller.getCurrX() = 4272, 554590
07-22 10:00:45.945 23221 23257 D LicenseClient: Sending request to license reporting service...
07-22 10:00:45.949 26705 22908 D AdvertisingIdClient: AdvertisingIdClient already created.
07-22 10:00:45.950 26705 22908 I AdvertisingIdClient: shouldSendLog 233337
07-22 10:00:45.950 26705 22908 I AdvertisingIdClient: GetInfoInternal elapse 2ms
07-22 10:00:45.953  2274  2274 W PagedView: mScroller.getCurrX() = 4266, 554598
07-22 10:00:45.961  2274  2274 W PagedView: mScroller.getCurrX() = 4260, 554607
07-22 10:00:45.963 23221 23257 D LicenseClient: Request to licensing reporting service sent.
07-22 10:00:45.970  2274  2274 W PagedView: mScroller.getCurrX() = 4254, 554615
07-22 10:00:45.978  2274  2274 W PagedView: mScroller.getCurrX() = 4249, 554623
07-22 10:00:45.986  2274  2274 W PagedView: mScroller.getCurrX() = 4243, 554632
07-22 10:00:45.995  2274  2274 W PagedView: mScroller.getCurrX() = 4239, 554640
07-22 10:00:46.003  2274  2274 W PagedView: mScroller.getCurrX() = 4234, 554648
07-22 10:00:46.011  2274  2274 W PagedView: mScroller.getCurrX() = 4230, 554657
07-22 10:00:46.020  2274  2274 W PagedView: mScroller.getCurrX() = 4226, 554665
07-22 10:00:46.028  2274  2274 W PagedView: mScroller.getCurrX() = 4222, 554673
07-22 10:00:46.036  2274  2274 W PagedView: mScroller.getCurrX() = 4218, 554682
07-22 10:00:46.045  2274  2274 W PagedView: mScroller.getCurrX() = 4215, 554690
07-22 10:00:46.053  2274  2274 W PagedView: mScroller.getCurrX() = 4212, 554698
07-22 10:00:46.061  2274  2274 W PagedView: mScroller.getCurrX() = 4208, 554707
07-22 10:00:46.070  2274  2274 W PagedView: mScroller.getCurrX() = 4206, 554715
07-22 10:00:46.078  2274  2274 W PagedView: mScroller.getCurrX() = 4203, 554723
07-22 10:00:46.087  2274  2274 W PagedView: mScroller.getCurrX() = 4200, 554732
07-22 10:00:46.095  2274  2274 W PagedView: mScroller.getCurrX() = 4198, 554740
07-22 10:00:46.103  2274  2274 W PagedView: mScroller.getCurrX() = 4196, 554748
07-22 10:00:46.112  2274  2274 W PagedView: mScroller.getCurrX() = 4194, 554757
07-22 10:00:46.120  2274  2274 W PagedView: mScroller.getCurrX() = 4192, 554765
07-22 10:00:46.128  2274  2274 W PagedView: mScroller.getCurrX() = 4190, 554774
07-22 10:00:46.137  2274  2274 W PagedView: mScroller.getCurrX() = 4189, 554782
07-22 10:00:46.145  2274  2274 W PagedView: mScroller.getCurrX() = 4187, 554790
07-22 10:00:46.152   629   629 D io_stats: !@   8,0 r 1617581 53586664 w 157292 1027416 d 42594 1044580 f 0 0 iot 337268 0 th 0 0 0 pt 0 inp 0 0 554.797
07-22 10:00:46.154  2274  2274 W PagedView: mScroller.getCurrX() = 4186, 554799
07-22 10:00:46.162  2274  2274 W PagedView: mScroller.getCurrX() = 4184, 554807
07-22 10:00:46.170  2274  2274 W PagedView: mScroller.getCurrX() = 4183, 554815
07-22 10:00:46.179  2274  2274 W PagedView: mScroller.getCurrX() = 4182, 554824
07-22 10:00:46.187  2274  2274 W PagedView: mScroller.getCurrX() = 4181, 554832
07-22 10:00:46.195  2274  2274 W PagedView: mScroller.getCurrX() = 4180, 554840
07-22 10:00:46.203  2274  2274 W PagedView: mScroller.getCurrX() = 4179, 554849
07-22 10:00:46.212  2274  2274 W PagedView: mScroller.getCurrX() = 4179, 554857
07-22 10:00:46.220  2274  2274 W PagedView: mScroller.getCurrX() = 4178, 554865
07-22 10:00:46.228  2274  2274 W PagedView: mScroller.getCurrX() = 4177, 554874
07-22 10:00:46.237  2274  2274 W PagedView: mScroller.getCurrX() = 4177, 554882
07-22 10:00:46.245  2274  2274 W PagedView: mScroller.getCurrX() = 4176, 554890
07-22 10:00:46.248  1154  1606 D InputReader: Btn_touch(5): value=1 when=554.893728
07-22 10:00:46.248  1154  1606 I InputReader: Touch event's action is 0x0 (id=5, t=0) [pCnt=1, s=0.57 ] when=554.893728
07-22 10:00:46.248  1154  1605 I InputDispatcher: Delivering touch to (1803): action: 0x4, f=0x0, d=0, 'c4c7265', t=1 
07-22 10:00:46.248  1154  1605 I InputDispatcher: Delivering touch to (2274): action: 0x0, f=0x0, d=0, 'd491c1a', t=1 
07-22 10:00:46.248  2274  2274 I ViewRootImpl@137bd89[LauncherActivity]: ViewPostIme pointer 0
07-22 10:00:46.248  2274  2274 W BaseDragLayer: dispatchTouchEvent, ACTION_DOWN - mTouchDispatchState = 9
07-22 10:00:46.248  2274  2274 W PageOverlayMover: isMoving : false
07-22 10:00:46.249  2274  2274 W StatusBarController: onControllerInterceptTouchEvent return false by setting value
07-22 10:00:46.249  2274  2274 W BaseDragLayer: findActiveController return false mTouchDispatchState = 9
07-22 10:00:46.249  2274  2274 I AppStartUtils: isUserUnlocked : true, isUserQuiet : false
07-22 10:00:46.249  2274  2274 W AppStartUtils: sendActiveLaunchBroadcast() v.hasOnClickListeners() : true, iconInfo : AppInfo(id=287 type=APP hidden=0 container=all_apps screen=4 rank=22 rankOfList=-1 user=UserHandle{0} title=GPSTracker componentName=ComponentInfo{org.example.gpstracker/org.kivy.android.PythonActivity} screenType=0)
07-22 10:00:46.250  1154  1777 I Pageboost: start alp : org.example.gpstracker
07-22 10:00:46.250  1154  1777 D ActivityTaskManager: Checking for the Active launch isPkgEverLaunched :true, isPkgStopped : false, isDataCleared :false, isAutoRunBlocked : false
07-22 10:00:46.250  1154  1777 W ContextImpl: Calling a method in the system process without a qualified user: android.app.ContextImpl.startActivity:1117 com.android.server.wm.ActivityTaskManagerService$ActiveLaunchReceiver.onReceive:1166 android.app.LoadedApk$ReceiverDispatcher$Args.lambda$getRunnable$0$LoadedApk$ReceiverDispatcher$Args:1805 android.app.LoadedApk$ReceiverDispatcher$Args$$ExternalSyntheticLambda0.run:2 android.os.Handler.handleCallback:938 
07-22 10:00:46.250  1154  1777 D ActivityTaskManager: startActivityAsUser: callingPid=1154, callingUid=1000, caller=com.android.server.wm.ActivityTaskManagerService.startActivityAsUser:1741 com.android.server.wm.ActivityTaskManagerService.startActivity:1694 android.app.Instrumentation.execStartActivity:1743 android.app.ContextImpl.startActivity:1135 com.android.server.wm.ActivityTaskManagerService$ActiveLaunchReceiver.onReceive:1166 android.app.LoadedApk$ReceiverDispatcher$Args.lambda$getRunnable$0$LoadedApk$ReceiverDispatcher$Args:1805 android.app.LoadedApk$ReceiverDispatcher$Args$$ExternalSyntheticLambda0.run:2 
07-22 10:00:46.250  1154  1777 D ActivityTaskManager: SafeActivityOptions created, mOriginalCallingPid=1154, mOriginalCallingUid=1000, options=ActivityOptions(87546443), mPackageName=null, mAnimationType=-1, mStartX=0, mStartY=0, mWidth=0, mHeight=0, caller=com.android.server.wm.SafeActivityOptions.fromBundle:82 com.android.server.wm.ActivityStarter.setActivityOptions:4360 com.android.server.wm.ActivityTaskManagerService.startActivityAsUser:1865 com.android.server.wm.ActivityTaskManagerService.startActivityAsUser:1741 com.android.server.wm.ActivityTaskManagerService.startActivity:1694 android.app.Instrumentation.execStartActivity:1743 android.app.ContextImpl.startActivity:1135 
07-22 10:00:46.250  1154  1154 I Pageboost: package null
07-22 10:00:46.251  1154  1777 E ActivityTaskManager: TouchDown intent received, starting ActiveLaunch
07-22 10:00:46.251  1154  1777 D ActivityTaskManager: starting Active launch
07-22 10:00:46.251  1154  1375 I am_uid_running: 10397
07-22 10:00:46.251  1154  1375 D CompatibilityChangeReporter: Compat change id reported: 135634846; UID 10397; state: DISABLED
07-22 10:00:46.251  1154  1375 D CompatibilityChangeReporter: Compat change id reported: 177438394; UID 10397; state: DISABLED
07-22 10:00:46.251  1154  1375 D CompatibilityChangeReporter: Compat change id reported: 135772972; UID 10397; state: DISABLED
07-22 10:00:46.251  1154  1375 D CompatibilityChangeReporter: Compat change id reported: 135754954; UID 10397; state: ENABLED
07-22 10:00:46.251  1154  1407 D CompatibilityChangeReporter: Compat change id reported: 143937733; UID 10397; state: ENABLED
07-22 10:00:46.254  1154  1789 I Pageboost: alp skip : org.example.gpstracker , 2
07-22 10:00:46.255  2750  2750 E pageboostd: Received HALT command code 2
07-22 10:00:46.258   988  1054 I heimdall: update_proc_tgid:436, put zygote64(23261) in root memcg
07-22 10:00:46.258   859   859 D Zygote  : Forked child process 23261
07-22 10:00:46.259  1154  1407 I am_proc_start: [0,23261,10397,org.example.gpstracker,activelaunch,{org.example.gpstracker/org.kivy.android.PythonActivity}]
07-22 10:00:46.259  1154  1407 I ActivityManager: Start proc 23261:org.example.gpstracker/u0a397 for activelaunch {org.example.gpstracker/org.kivy.android.PythonActivity}
07-22 10:00:46.259  1154  1407 D ActivityManager: [SecIpm] it's a ML_TYPE_EMPTYPROCESS protected process org.example.gpstracker
07-22 10:00:46.267   988  1054 I heimdall: update_proc_tgid:436, put zygote64(23261) in root memcg
07-22 10:00:46.267 23261 23261 I mple.gpstracke: Late-enabling -Xcheck:jni
07-22 10:00:46.270  2274  2274 W PageOverlayMover: isMoving : false
07-22 10:00:46.270  2274  2274 W StatusBarController: onControllerInterceptTouchEvent return false by setting value
07-22 10:00:46.270  2274  2274 W BaseDragLayer: findActiveController return false mTouchDispatchState = 9
07-22 10:00:46.284 23261 23261 I mple.gpstracke: Using CollectorTypeCC GC.
07-22 10:00:46.287 20263 20270 I adbd    : jdwp connection from 23261
07-22 10:00:46.287 23261 23261 E USNET   : USNET: appName: org.example.gpstracker
07-22 10:00:46.288 23261 23261 D ProcessState: Binder ioctl to enable oneway spam detection failed: Invalid argument
07-22 10:00:46.289   988  1054 I heimdall: update_proc_tgid:436, put zygote64(23261) in root memcg
07-22 10:00:46.289   988  1054 I heimdall: update_proc_tgid:436, put com.google.android.projection.gearhead:car(23261) in root memcg
07-22 10:00:46.290   988  1054 I heimdall: update_proc_tgid:436, put com.google.android.projection.gearhead:car(23261) in root memcg
07-22 10:00:46.290   988  1054 I heimdall: update_proc_tgid:436, put <pre-initialized>(23261) in root memcg
07-22 10:00:46.290 23261 23261 D ActivityThread: setConscryptValidator
07-22 10:00:46.290 23261 23261 D ActivityThread: setConscryptValidator - put
07-22 10:00:46.295  1154  2700 D CompatibilityChangeReporter: Compat change id reported: 168419799; UID 10397; state: DISABLED
07-22 10:00:46.295  1154  2700 I ActivityManager: DSS OFF for org.example.gpstracker
07-22 10:00:46.295  1154  2700 I am_proc_bound: [0,23261,org.example.gpstracker]
07-22 10:00:46.296  2274  2274 W PageOverlayMover: isMoving : false
07-22 10:00:46.296  2274  2274 W StatusBarController: onControllerInterceptTouchEvent return false by setting value
07-22 10:00:46.296  2274  2274 W BaseDragLayer: findActiveController return false mTouchDispatchState = 9
07-22 10:00:46.298  1154  2700 D ActivityManager: attachApplicationLocked() app=ProcessRecord{e4cfc28 23261:org.example.gpstracker/u0a397} app.isolatedEntryPoint=null instr2=null
07-22 10:00:46.300  1154  1371 D NetworkPolicy: onUidStateChanged() uid: 10397, isForeground(false, 19)
07-22 10:00:46.301 23261 23261 D ActivityThread: handleBindApplication()++ app=org.example.gpstracker
07-22 10:00:46.302 23261 23261 D CompatibilityChangeReporter: Compat change id reported: 171979766; UID 10397; state: ENABLED
07-22 10:00:46.302   988  1054 I heimdall: update_proc_tgid:436, put <pre-initialized>(23261) in root memcg
07-22 10:00:46.302   988  1056 I heimdall: insert_task_to_group:64, insert tgid 23261 to group org.example.gpstracker, ret = 0
07-22 10:00:46.310 23261 23261 D nativeloader: Configuring clns-4 for other apk /data/app/~~ktH62Xg5XZj5ghN2v5RR_g==/org.example.gpstracker-8lIXm8zB9AlT33MMoAtD2w==/base.apk. target_sdk_version=33, uses_libraries=, library_path=/data/app/~~ktH62Xg5XZj5ghN2v5RR_g==/org.example.gpstracker-8lIXm8zB9AlT33MMoAtD2w==/lib/arm64:/data/app/~~ktH62Xg5XZj5ghN2v5RR_g==/org.example.gpstracker-8lIXm8zB9AlT33MMoAtD2w==/base.apk!/lib/arm64-v8a, permitted_path=/data:/mnt/expand:/data/user/0/org.example.gpstracker
07-22 10:00:46.312  1154  1707 D SemNscXgbL1: L2 NRT 1 sample inference time: 0.654077 msecs
07-22 10:00:46.312  1154  1707 D SemNscXgbL2Rt: L2 RT 1 sample inference time: 0.341423 msecs
07-22 10:00:46.313  1154  1707 D SemNscXgbL2Nrt: L2 NRT 1 sample inference time: 0.340308 msecs
07-22 10:00:46.313  1154  1707 I SemWifiServiceDetector: Serv. type 2 1 Traff. type 1 Thr 0
07-22 10:00:46.313  1154  1710 D SemWifiOptimizer: enable=0 state=0x10 prev=0x10 new=0x00 force=0
07-22 10:00:46.315 23261 23261 V GraphicsEnvironment: ANGLE Developer option for 'org.example.gpstracker' set to: 'default'
07-22 10:00:46.315 23261 23261 V GraphicsEnvironment: App is not on the allowlist for updatable production driver.
07-22 10:00:46.317 23261 23261 D LoadedApk: LoadedApk::makeApplication() appContext.mOpPackageName=org.example.gpstracker appContext.mBasePackageName=org.example.gpstracker
07-22 10:00:46.317 23261 23261 D NetworkSecurityConfig: No Network Security Config specified, using platform default
07-22 10:00:46.329  2274  2274 W PageOverlayMover: isMoving : false
07-22 10:00:46.329  2274  2274 W StatusBarController: onControllerInterceptTouchEvent return false by setting value
07-22 10:00:46.329  2274  2274 W BaseDragLayer: findActiveController return false mTouchDispatchState = 9
07-22 10:00:46.331  1154  1606 D InputReader: Btn_touch(5): value=0 when=554.977122
07-22 10:00:46.331  1154  1606 I InputReader: Touch event's action is 0x1 (id=5, t=0) [pCnt=1, s=] when=554.977122
07-22 10:00:46.331  1154  1605 I InputDispatcher: Delivering touch to (2274): action: 0x1, f=0x0, d=0, 'd491c1a', t=1 
07-22 10:00:46.331  2274  2274 I ViewRootImpl@137bd89[LauncherActivity]: ViewPostIme pointer 1
07-22 10:00:46.331  2274  2274 W PageOverlayMover: isMoving : false
07-22 10:00:46.332  2274  2274 W StatusBarController: onControllerInterceptTouchEvent return false by setting value
07-22 10:00:46.332  2274  2274 W TaskViewTouchController: onControllerInterceptTouchEvent, clearState.
07-22 10:00:46.332  2274  2274 W BaseDragLayer: findActiveController return false mTouchDispatchState = 0
07-22 10:00:46.332  2274  2274 W ItemClickHandler: Icon Clicked
07-22 10:00:46.332  2274  2274 I DvfsUtil: acquireAppLaunch(intent)
07-22 10:00:46.332  2274  2274 I SemDvfsHyPerManager: acquire hyper - APP_LAUNCH/2274@0, type = -999
07-22 10:00:46.333   908   952 I HYPER-HAL: [RequestManager.cpp]acquire(): Acquired ID : 2586675  [2274 / 0]    HINT : APP_LAUNCH    list : 
07-22 10:00:46.333  3043  3043 I SemDvfsHyPerManager: acquire hyper - APP_START_SHORT/3043@14, type = -999
07-22 10:00:46.333   908   952 I HYPER-HAL: [ResourceManager.cpp]updateResource(): [CPUMinFreq] UpdateResource Request ID : 2586675    Value : 2912000
07-22 10:00:46.334   908   952 I HYPER-HAL: [RequestManager.cpp]acquire(): Acquired ID : 4674167  [3043 / 14]    HINT : APP_START    list : [TIMEOUT / 700] 
07-22 10:00:46.334  2274  2332 I AppIconSolution: getThemeIconWithBG called with public API, pkg = org.example.gpstracker
07-22 10:00:46.334  2274  2332 I AppIconSolution: start to load, pkg=org.example.gpstracker, bg=192-192, dr=384-384, forDefault=true, density=640
07-22 10:00:46.335   908   952 I HYPER-HAL: [ResourceManager.cpp]updateResource(): [CPUMaxFreq] UpdateResource Request ID : 4674167    Value : 2912000
07-22 10:00:46.335  2274  2332 I AppIconSolution: getIconScale, pkg=org.example.gpstracker, size=128, iconScale=IconScale[alpha=5, scale=0.72, isCrop=false]
07-22 10:00:46.336  2274  2332 I AppIconSolution: default container[Contain], pkg=org.example.gpstracker, bg=164-164, dr=128-128, isNight = false
07-22 10:00:46.336  2274  2332 I LauncherActivityInfo: packageName: org.example.gpstracker, useThemeIcon: false, height: 164, width: 164, density: 640
07-22 10:00:46.337  1154  3191 D ActivityTaskManager: startActivityAsUser: callingPid=2274, callingUid=10147, caller=com.android.server.wm.ActivityTaskManagerService.startActivityAsUser:1741 com.android.server.wm.ActivityTaskManagerService.startActivity:1694 android.app.IActivityTaskManager$Stub.onTransact:1123 com.android.server.wm.ActivityTaskManagerService.onTransact:6158 android.os.Binder.execTransactInternal:1215 android.os.Binder.execTransact:1179 <bottom of call stack> 
07-22 10:00:46.337  1154  3191 D ActivityTaskManager: SafeActivityOptions created, mOriginalCallingPid=2274, mOriginalCallingUid=10147, options=ActivityOptions(203935783), mPackageName=null, mAnimationType=13, mStartX=0, mStartY=0, mWidth=0, mHeight=0, caller=com.android.server.wm.SafeActivityOptions.fromBundle:82 com.android.server.wm.ActivityStarter.setActivityOptions:4360 com.android.server.wm.ActivityTaskManagerService.startActivityAsUser:1865 com.android.server.wm.ActivityTaskManagerService.startActivityAsUser:1741 com.android.server.wm.ActivityTaskManagerService.startActivity:1694 android.app.IActivityTaskManager$Stub.onTransact:1123 com.android.server.wm.ActivityTaskManagerService.onTransact:6158 
07-22 10:00:46.338  1154  3191 I ActivityTaskManager: START u0 {act=android.intent.action.MAIN cat=[android.intent.category.LAUNCHER] flg=0x10200000 cmp=org.example.gpstracker/org.kivy.android.PythonActivity bnds=[543,1848][789,2153]} from uid 10147
07-22 10:00:46.338  1154  3191 D ActivityTaskManager: calculate: ActivityOptions LaunchMode(mLaunchWindowingMode=0, mForceLaunchWindowingMode=0, mLaunchDisplayId=-1)
07-22 10:00:46.338  1154  3191 D ActivityTaskManager: TaskLaunchParamsModifier:task=null activity=ActivityRecord{a15ec7d u0 org.example.gpstracker/org.kivy.android.PythonActivity display-area-from-source=DefaultTaskDisplayArea@31545602 display-id=0 display-windowing-mode=1 suggested-display-area=DefaultTaskDisplayArea@31545602
07-22 10:00:46.338  1154  3191 D [secipm]: mSecIpmManager Preload org.example.gpstracker dex files
07-22 10:00:46.338  1154  3191 D ActivityTaskManager: calculate: ActivityOptions LaunchMode(mLaunchWindowingMode=0, mForceLaunchWindowingMode=0, mLaunchDisplayId=-1)
07-22 10:00:46.338  1154  3191 D ActivityTaskManager: TaskLaunchParamsModifier:task=null activity=ActivityRecord{a15ec7d u0 org.example.gpstracker/org.kivy.android.PythonActivity t-1} display-area-from-source=DefaultTaskDisplayArea@31545602 display-id=0 display-windowing-mode=1 suggested-display-area=DefaultTaskDisplayArea@31545602 inherit-from-source=fullscreen activity-options-fullscreen=Rect(0, 0 - 0, 0) non-freeform-display display-area=DefaultTaskDisplayArea@31545602 maximized-bounds
07-22 10:00:46.339  1154  2271 I SemDvfsHyPerManager: acquire hyper - AMS_APP_SWITCH/1154@19, type = -999
07-22 10:00:46.339  1154  2645 D PkgPredictorService-IpmAdcpController: create a new DexPreloadTask pkg:org.example.gpstracker  path:/data/app/~~ktH62Xg5XZj5ghN2v5RR_g==/org.example.gpstracker-8lIXm8zB9AlT33MMoAtD2w==
07-22 10:00:46.339  1154  3191 I wm_task_created: [296,-1]
