07-22 10:00:53.442  1154  1707 D SemNscXgbL2Rt: L2 RT 1 sample inference time: 1.331692 msecs
07-22 10:00:53.443  1154  1707 D SemNscXgbL2Nrt: L2 NRT 1 sample inference time: 1.167539 msecs
07-22 10:00:53.592  1803  1803 D NetworkController.WifiSignalController: notifyListener: enabled=true, connected=true, inetCondition=1, isDefault=true, shouldForceHide=false
07-22 10:00:53.611  1154  1375 I DisplayDeviceRepository: Display device changed: DisplayDeviceInfo{"Встроенный экран": uniqueId="local:4633128672291735937", 1080 x 2400, modeId 3, defaultModeId 3, supportedModes [{id=1, width=1080, height=2400, fps=120.00001, alternativeRefreshRates=[48.000004, 60.000004, 96.00001]}, {id=2, width=1080, height=2400, fps=96.00001, alternativeRefreshRates=[48.000004, 60.000004, 120.00001]}, {id=3, width=1080, height=2400, fps=60.000004, alternativeRefreshRates=[48.000004, 96.00001, 120.00001]}, {id=4, width=1080, height=2400, fps=48.000004, alternativeRefreshRates=[60.000004, 96.00001, 120.00001]}], colorMode 0, supportedColorModes [0, 6, 7], hdrCapabilities HdrCapabilities{mSupportedHdrTypes=[2, 3, 4], mMaxLuminance=450.0, mMaxAverageLuminance=120.0, mMinLuminance=5.0E-4}, allmSupported false, gameContentTypeSupported false, density 480, 422.03 x 423.333 dpi, appVsyncOff 0, presDeadline 17666666, cutout DisplayCutout{insets=Rect(0, 80 - 0, 0) waterfall=Insets{left=0, top=0, right=0, bottom=0} boundingRect={Bounds=[Rect(0, 0 - 0, 0), Rect(510, 0 - 570, 80), Rect(0, 0 - 0, 0), Rect(0, 0 - 0, 0)]} cutoutPathParserInfo={CutoutPathParserInfo{displayWidth=1080 displayHeight=2400 density={3.0} cutoutSpec={M 0,0 H -10 V 26.66666666666667 H 10 V 0 H 0 Z @dp} rotation={0} scale={1.0}}}}, touch INTERNAL, rotation 0, type INTERNAL, address {port=129, model=0x404c2dfae6a049}, deviceProductInfo DeviceProductInfo{name=samsung lcd  , manufacturerPnpId=SAM, productId=0, modelYear=null, manufactureDate=ManufactureDate{week=16, year=2020}, connectionToSinkType=0}, state ON, frameRateOverride , brightnessMinimum 0.0, brightnessMaximum 1.0, brightnessDefault 0.5019608, roundedCorners RoundedCorners{[RoundedCorner{position=TopLeft, radius=78, center=Point(78, 78)}, RoundedCorner{position=TopRight, radius=78, center=Point(1002, 78)}, RoundedCorner{position=BottomRight, radius=78, center=Point(1002, 2322)}, RoundedCorner{position=BottomLeft, radius=78, center=Point(78, 2322)}]}, FLAG_DEFAULT_DISPLAY, FLAG_ROTATES_WITH_CONTENT, FLAG_SECURE, FLAG_SUPPORTS_PROTECTED_BUFFERS}
07-22 10:00:53.614  1154  1154 E Native_CFMS: nativePerfMgrSendFps    Fail    fps : 60    return : -1
07-22 10:00:53.614  1154  1154 D MotionRecognitionService: [DisplayListner] getRefreshRate 60.000004
07-22 10:00:53.614  1154  1587 I CAE     : handleMessage(CaPowerManager.java:200) - AP_WAKEUP_Already_Delivered
07-22 10:00:53.614  1154  1587 I CAE     : handleMessage(CaPowerManager.java:210) - SCREEN_ON_Already_Delivered
07-22 10:00:53.615  1154  1154 D SGM:GameManager: onDisplayChanged. displyId: 0, state: 2
07-22 10:00:53.615  1154  1154 D AODManagerService: requestReCalToTSP IsSingleTouchMode = false / previousDisplayState = ON
07-22 10:00:53.615  1154  1592 D MotionRecognitionService: [REFRESHRATE]  : 60
07-22 10:00:53.615  1154  1592 D SensorService: setSContextDataLocked ints length 3 , byte length 8
07-22 10:00:53.615  1154  1592 D SensorService: setSContextDataLocked 100048c1
07-22 10:00:53.616  1154  1618 D SGM:GameManager: onLooperPrepared(), msg: MSG_LCD_ON
07-22 10:00:53.616   897   897 D Sensors : c1 48 00 10 3c 00 00 00  
07-22 10:00:53.616   897   897 E Sensors : inject_scontext_data: New ssp_data_injection_fd(42)
07-22 10:00:53.618  4737  4737 I CAMERA_CONTROLLER: [2]a.o():2 - display changed
07-22 10:00:53.618  4737  4737 I CAMERA_CONTROLLER: [2]a.o():2
07-22 10:00:53.618  4737  4737 I CAMERA_CONTROLLER: [2]ProviderServiceImpl.checkDisplayModePortrait():39 - presentationDisplaynull
07-22 10:00:53.618  1154  9729 D LiftUpHandler: already ended..
07-22 10:00:53.618  4737  4737 W CAMERA_CONTROLLER: [2]a.z():2 - presentationDisplay is null, return
07-22 10:00:53.618  4737  4737 W CAMERA_CONTROLLER: [2]ProviderServiceImpl$registerDisplayListener$displayListener$1.onDisplayChanged():17 - display is not portrait mode 
07-22 10:00:53.620   897   897 D Sensors : SContext Data Injection return 8
07-22 10:00:53.624  1803  1803 D DisplayLifecycle: updateDisplay id = 0
07-22 10:00:53.625  2274  2331 I DisplayController: Global displayType : -1
07-22 10:00:53.625  2274  2331 I DisplayController: handleInfoChange start
07-22 10:00:53.625  2274  2331 I DisplayController: Update bounds Point(1080, 2176)-1080x2400, Point(2176, 1001)-2400x1080, handleInfoChange end 4
07-22 10:00:53.625  1788  1788 D DCT-C-0 : Screen INTERNAL on
07-22 10:00:53.627  1788  1788 D DCT-C-1 : Screen INTERNAL on
07-22 10:00:53.948  1154  1707 D SemNscXgbL1: L2 NRT 1 sample inference time: 2.786 msecs
07-22 10:00:53.950  1154  1707 D SemNscXgbL2Rt: L2 RT 1 sample inference time: 1.487384 msecs
07-22 10:00:53.951  1154  1707 D SemNscXgbL2Nrt: L2 NRT 1 sample inference time: 1.330462 msecs
07-22 10:00:54.117  1154  1707 I SemWifiServiceDetector: Traff. tracking suspended
07-22 10:00:54.171   629   629 D io_stats: !@   8,0 r 1617645 53587996 w 157355 1027804 d 42594 1044580 f 0 0 iot 337468 0 th 0 0 0 pt 0 inp 0 0 562.814
07-22 10:00:54.522  1154  1481 I commit_sys_config_file: [package-user-0,18]
07-22 10:00:54.705  3043  4606 I SDHMS:D : 37 > surface_temperature_0
07-22 10:00:54.708  3043  4606 I SDHMS:D : writeSysfs:: path() : /sys/class/audio/amp/surface_temperature_0 exist() : true canWrite() : false
07-22 10:00:54.708  3043  4606 I SDHMS:D : 34 > surface_temperature_1
07-22 10:00:54.709  3043  4606 I SDHMS:D : writeSysfs:: path() : /sys/class/audio/amp/surface_temperature_1 exist() : true canWrite() : false
07-22 10:00:54.710  3043  4606 I SDHMS:D : SIOP:: AP:312(416,100) BAT:372(372,0) USB:344(344,0) CHG:410(410,0) PA:403(403,0) CP:406(406,0) WIFI:413(413,0) CF:384(384,0) BLK:0(0,0) SUBBAT:0(0,0) LRP:377(377,0) LRP2:382(382,0) LRF:374(374) LRB:377(377) LRF2:376(376) LRB2:382(382) AP2:382(382) CHG2:380(380) MEM2:382(382) WIFI2:380(380) RCV2:370(371) SPK2:340(341) 
07-22 10:00:54.744  1154  3191 W ProcessStats: Tracking association SourceState{af2d4e8 com.samsung.android.waterplugin/10281 BTopFgs #18782} whose proc state 2 is better than process ProcessState{11603ef com.google.android.gms.persistent/10235 pkg=com.google.android.gms} proc state 3 (117 skipped)
07-22 10:00:54.789  1154  1404 I am_pss  : [22470,15010226,com.google.android.projection.gearhead:car,46109696,40779776,307200,173846528,0,19,42]
07-22 10:00:54.843  1154  1404 I am_pss  : [22406,15010245,com.google.android.apps.maps,113373184,95518720,12103680,241156096,0,19,49]
07-22 10:00:55.399  1154  1606 D InputReader: Btn_touch(5): value=1 when=564.044318
07-22 10:00:55.399  5946 10814 I AppsEdge.Badge: getBadgeIconType -1
07-22 10:00:55.399  1154  1606 I InputReader: Touch event's action is 0x0 (id=5, t=0) [pCnt=1, s=0.58 ] when=564.044318
07-22 10:00:55.401  1154  1605 I input_interaction: Interaction with: a8017d0 org.example.gpstracker/org.kivy.android.PythonActivity (server), PalmMotion (server), PalmMotion (server), PointerEventDispatcher0 (server), 
07-22 10:00:55.401  1154  1605 I InputDispatcher: Delivering touch to (23261): action: 0x0, f=0x0, d=0, 'a8017d0', t=1 +(0,-80)
07-22 10:00:55.403 23261 23261 I ViewRootImpl@281a8c9[PythonActivity]: ViewPostIme pointer 0
07-22 10:00:55.408  1154  1605 D PowerManagerService: UserActivityStateListenerState: 1
07-22 10:00:55.412   985   985 I DisplayDevice: ActiveConfigToHWC, ID : 0, Display : 4633128672291735937
07-22 10:00:55.413 30092  7252 I BadgeProvider: query, [selection] : null
07-22 10:00:55.413   885   956 I display : Set Affinity config for fps(120) : 0, cpuIDs : 255
07-22 10:00:55.413   885   956 I display : Set Affinity CPU ID : 0
07-22 10:00:55.413   885   956 I display : Set Affinity CPU ID : 1
07-22 10:00:55.413   885   956 I display : Set Affinity CPU ID : 2
07-22 10:00:55.413   885   956 I display : Set Affinity CPU ID : 3
07-22 10:00:55.413   885   956 I display : Set Affinity CPU ID : 4
07-22 10:00:55.413   885   956 I display : Set Affinity CPU ID : 5
07-22 10:00:55.413   885   956 I display : Set Affinity CPU ID : 6
07-22 10:00:55.413   885   956 I display : Set Affinity CPU ID : 7
07-22 10:00:55.413   885   956 I display : Set affinity HWC : 885
07-22 10:00:55.413   885   956 I display : CPU set : Cluster(0), min_clock(0)
07-22 10:00:55.413   885   956 I display : CPU set : Cluster(1), min_clock(0)
07-22 10:00:55.413   885   956 I display : CPU set : Cluster(2), min_clock(0)
07-22 10:00:55.414   985   985 I SurfaceFlinger: Touch=1, Idle=0
07-22 10:00:55.421   885   949 I display : doDisplayConfigPostProcess needSetActiveConfig is true - mDesiredConfig: 0
07-22 10:00:55.422   885   949 I display : setActiveConfig(config=0)
07-22 10:00:55.422   885   949 I display : next config(0): width=1080 height=2400 period=8333333 Xdpi=422030 Ydpi=423333 groupId=0
07-22 10:00:55.422   885   949 I display : Current VRR MODE is 3
07-22 10:00:55.425 23261 23295 I python  : GPS STATUS: Проверяем разрешения для фонового GPS
07-22 10:00:55.428   985   985 I Scheduler: DisplayModeChanged : 0
07-22 10:00:55.428  1154  1375 I DisplayDeviceRepository: Display device changed: DisplayDeviceInfo{"Встроенный экран": uniqueId="local:4633128672291735937", 1080 x 2400, modeId 1, defaultModeId 3, supportedModes [{id=1, width=1080, height=2400, fps=120.00001, alternativeRefreshRates=[48.000004, 60.000004, 96.00001]}, {id=2, width=1080, height=2400, fps=96.00001, alternativeRefreshRates=[48.000004, 60.000004, 120.00001]}, {id=3, width=1080, height=2400, fps=60.000004, alternativeRefreshRates=[48.000004, 96.00001, 120.00001]}, {id=4, width=1080, height=2400, fps=48.000004, alternativeRefreshRates=[60.000004, 96.00001, 120.00001]}], colorMode 0, supportedColorModes [0, 6, 7], hdrCapabilities HdrCapabilities{mSupportedHdrTypes=[2, 3, 4], mMaxLuminance=450.0, mMaxAverageLuminance=120.0, mMinLuminance=5.0E-4}, allmSupported false, gameContentTypeSupported false, density 480, 422.03 x 423.333 dpi, appVsyncOff 0, presDeadline 9333333, cutout DisplayCutout{insets=Rect(0, 80 - 0, 0) waterfall=Insets{left=0, top=0, right=0, bottom=0} boundingRect={Bounds=[Rect(0, 0 - 0, 0), Rect(510, 0 - 570, 80), Rect(0, 0 - 0, 0), Rect(0, 0 - 0, 0)]} cutoutPathParserInfo={CutoutPathParserInfo{displayWidth=1080 displayHeight=2400 density={3.0} cutoutSpec={M 0,0 H -10 V 26.66666666666667 H 10 V 0 H 0 Z @dp} rotation={0} scale={1.0}}}}, touch INTERNAL, rotation 0, type INTERNAL, address {port=129, model=0x404c2dfae6a049}, deviceProductInfo DeviceProductInfo{name=samsung lcd  , manufacturerPnpId=SAM, productId=0, modelYear=null, manufactureDate=ManufactureDate{week=16, year=2020}, connectionToSinkType=0}, state ON, frameRateOverride , brightnessMinimum 0.0, brightnessMaximum 1.0, brightnessDefault 0.5019608, roundedCorners RoundedCorners{[RoundedCorner{position=TopLeft, radius=78, center=Point(78, 78)}, RoundedCorner{position=TopRight, radius=78, center=Point(1002, 78)}, RoundedCorner{position=BottomRight, radius=78, center=Point(1002, 2322)}, RoundedCorner{position=BottomLeft, radius=78, center=Point(78, 2322)}]}, FLAG_DEFAULT_DISPLAY, FLAG_ROTATES_WITH_CONTENT, FLAG_SECURE, FLAG_SUPPORTS_PROTECTED_BUFFERS}
07-22 10:00:55.432  1154  1154 E Native_CFMS: nativePerfMgrSendFps    Fail    fps : 120    return : -1
07-22 10:00:55.432  1154  1587 I CAE     : handleMessage(CaPowerManager.java:200) - AP_WAKEUP_Already_Delivered
07-22 10:00:55.432  1154  1587 I CAE     : handleMessage(CaPowerManager.java:210) - SCREEN_ON_Already_Delivered
07-22 10:00:55.437  1154  9729 D LiftUpHandler: already ended..
07-22 10:00:55.437  1154  1154 D MotionRecognitionService: [DisplayListner] getRefreshRate 120.00001
07-22 10:00:55.438  1154  1154 D SGM:GameManager: onDisplayChanged. displyId: 0, state: 2
07-22 10:00:55.438  1154  1618 D SGM:GameManager: onLooperPrepared(), msg: MSG_LCD_ON
07-22 10:00:55.438  1154  1154 D AODManagerService: requestReCalToTSP IsSingleTouchMode = false / previousDisplayState = ON
07-22 10:00:55.439  4737  4737 I CAMERA_CONTROLLER: [2]a.o():2 - display changed
07-22 10:00:55.439  4737  4737 I CAMERA_CONTROLLER: [2]a.o():2
07-22 10:00:55.439  4737  4737 I CAMERA_CONTROLLER: [2]ProviderServiceImpl.checkDisplayModePortrait():39 - presentationDisplaynull
07-22 10:00:55.439  4737  4737 W CAMERA_CONTROLLER: [2]a.z():2 - presentationDisplay is null, return
07-22 10:00:55.439  4737  4737 W CAMERA_CONTROLLER: [2]ProviderServiceImpl$registerDisplayListener$displayListener$1.onDisplayChanged():17 - display is not portrait mode 
07-22 10:00:55.439  1154  1592 D MotionRecognitionService: [REFRESHRATE]  : 120
07-22 10:00:55.440  1154  1592 D SensorService: setSContextDataLocked ints length 3 , byte length 8
07-22 10:00:55.440  1154  1592 D SensorService: setSContextDataLocked 100048c1
07-22 10:00:55.440   897   897 D Sensors : c1 48 00 10 78 00 00 00  
07-22 10:00:55.440   897   897 E Sensors : inject_scontext_data: New ssp_data_injection_fd(42)
07-22 10:00:55.444  1803  1803 D DisplayLifecycle: updateDisplay id = 0
07-22 10:00:55.445   897   897 D Sensors : SContext Data Injection return 8
07-22 10:00:55.445  1154  1376 D CompatibilityChangeReporter: Compat change id reported: 158002302; UID 10397; state: ENABLED
07-22 10:00:55.447  2274  2331 I DisplayController: Global displayType : -1
07-22 10:00:55.447  2274  2331 I DisplayController: handleInfoChange start
07-22 10:00:55.447  2274  2331 I DisplayController: Update bounds Point(1080, 2176)-1080x2400, Point(2176, 1001)-2400x1080, handleInfoChange end 4
07-22 10:00:55.447  1788  1788 D DCT-C-0 : Screen INTERNAL on
07-22 10:00:55.450  1788  1788 D DCT-C-1 : Screen INTERNAL on
07-22 10:00:55.490  1154  1606 D InputReader: Btn_touch(5): value=0 when=564.135882
07-22 10:00:55.490  1154  1606 I InputReader: Touch event's action is 0x1 (id=5, t=0) [pCnt=1, s=] when=564.135882
07-22 10:00:55.490  1154  1605 I InputDispatcher: Delivering touch to (23261): action: 0x1, f=0x0, d=0, 'a8017d0', t=1 +(0,-80)
07-22 10:00:55.491 23261 23261 I ViewRootImpl@281a8c9[PythonActivity]: ViewPostIme pointer 1
07-22 10:00:55.559   839   839 E audit   : type=1400 audit(1784703655.555:3628): avc:  denied  { write } for  pid=7688 comm="ThreadPoolForeg" name="traced_producer" dev="tmpfs" ino=18188 scontext=u:r:gmscore_app:s0:c512,c768 tcontext=u:object_r:traced_producer_socket:s0 tclass=sock_file permissive=0 SEPF_SM-G991B_12_0001 audit_filtered
07-22 10:00:55.559   839   839 E audit   : type=1300 audit(1784703655.555:3628): arch=c00000b7 syscall=203 success=no exit=-13 a0=55 a1=b40000791f785850 a2=1e a3=42708 items=1 ppid=859 pid=7688 auid=4294967295 uid=10235 gid=10235 euid=10235 suid=10235 fsuid=10235 egid=10235 sgid=10235 fsgid=10235 tty=(none) ses=4294967295 comm="ThreadPoolForeg" exe="/system/bin/app_process64" subj=u:r:gmscore_app:s0:c512,c768 key=(null)
07-22 10:00:55.559   839   839 E audit   : type=1306 audit(1784703655.555:3628): saddr=01002F6465762F736F636B65742F7472616365645F70726F647563657200
07-22 10:00:55.559   839   839 E audit   : type=1302 audit(1784703655.555:3628): item=0 name="/dev/socket/traced_producer" inode=18188 dev=00:12 mode=0140666 ouid=0 ogid=0 rdev=00:00 obj=u:object_r:traced_producer_socket:s0 nametype=NORMAL cap_fp=0 cap_fi=0 cap_fe=0 cap_fver=0 cap_frootid=0
07-22 10:00:55.559   839   839 E audit   : type=1327 audit(1784703655.555:3628): proctitle="com.google.android.gms.unstable"
07-22 10:00:55.608  1154  3191 D CompatibilityChangeReporter: Compat change id reported: 135634846; UID 10397; state: DISABLED
07-22 10:00:55.609  1154  3191 D CompatibilityChangeReporter: Compat change id reported: 177438394; UID 10397; state: DISABLED
07-22 10:00:55.609  1154  3191 D CompatibilityChangeReporter: Compat change id reported: 135772972; UID 10397; state: DISABLED
07-22 10:00:55.609  1154  3191 D CompatibilityChangeReporter: Compat change id reported: 135754954; UID 10397; state: ENABLED
07-22 10:00:55.609  1154  1407 D CompatibilityChangeReporter: Compat change id reported: 143937733; UID 10397; state: ENABLED
07-22 10:00:55.610 23261 23295 I python  : Началась пробежка: run_id=21
07-22 10:00:55.614 23261 23295 I python  : GPS STATUS: Фоновая запись маршрута запущена
07-22 10:00:55.619   859   859 D Zygote  : Forked child process 23345
07-22 10:00:55.620  1154  1407 I am_proc_start: [0,23345,10397,org.example.gpstracker:service_tracking,service,{org.example.gpstracker/org.example.gpstracker.ServiceTracking}]
07-22 10:00:55.620  1154  1407 I ActivityManager: Start proc 23345:org.example.gpstracker:service_tracking/u0a397 for service {org.example.gpstracker/org.example.gpstracker.ServiceTracking}
07-22 10:00:55.620   988  1054 I heimdall: update_proc_tgid:436, put zygote64(23345) in root memcg
07-22 10:00:55.636   988  1054 I heimdall: update_proc_tgid:436, put zygote64(23345) in root memcg
07-22 10:00:55.636 23345 23345 I ervice_trackin: Late-enabling -Xcheck:jni
07-22 10:00:55.662 23345 23345 I ervice_trackin: Using CollectorTypeCC GC.
07-22 10:00:55.666 20263 20270 I adbd    : jdwp connection from 23345
07-22 10:00:55.668 23345 23345 E USNET   : USNET: appName: org.example.gpstracker:service_tracking
07-22 10:00:55.671 23345 23345 D ProcessState: Binder ioctl to enable oneway spam detection failed: Invalid argument
07-22 10:00:55.671   988  1054 I heimdall: update_proc_tgid:436, put zygote64(23345) in root memcg
07-22 10:00:55.671   988  1054 I heimdall: update_proc_tgid:436, put com.google.android.projection.gearhead:car(23345) in root memcg
07-22 10:00:55.673   988  1054 I heimdall: update_proc_tgid:436, put com.google.android.projection.gearhead:car(23345) in root memcg
07-22 10:00:55.673   988  1054 I heimdall: update_proc_tgid:436, put <pre-initialized>(23345) in root memcg
07-22 10:00:55.673 23345 23345 D ActivityThread: setConscryptValidator
07-22 10:00:55.673 23345 23345 D ActivityThread: setConscryptValidator - put
07-22 10:00:55.680  1154  3191 D CompatibilityChangeReporter: Compat change id reported: 168419799; UID 10397; state: DISABLED
07-22 10:00:55.681  1154  3191 I ActivityManager: DSS OFF for org.example.gpstracker
07-22 10:00:55.681  1154  3191 I am_proc_bound: [0,23345,org.example.gpstracker:service_tracking]
07-22 10:00:55.684  1154  3191 D DexController: init process display: set packageProcessId, displayId=0, same_package_proc=ProcessRecord{e4cfc28 23261:org.example.gpstracker/u0a397}, app=ProcessRecord{47b7a68 23345:org.example.gpstracker:service_tracking/u0a397}
07-22 10:00:55.684  1154  3191 D ActivityManager: attachApplicationLocked() app=ProcessRecord{47b7a68 23345:org.example.gpstracker:service_tracking/u0a397} app.isolatedEntryPoint=null instr2=null
07-22 10:00:55.685  1154  3191 D CompatibilityChangeReporter: Compat change id reported: 181136395; UID 10397; state: DISABLED
07-22 10:00:55.685  1154  3191 D CompatibilityChangeReporter: Compat change id reported: 174042936; UID 10397; state: DISABLED
07-22 10:00:55.689 23345 23345 D ActivityThread: handleBindApplication()++ app=org.example.gpstracker:service_tracking
07-22 10:00:55.690 23345 23345 D CompatibilityChangeReporter: Compat change id reported: 171979766; UID 10397; state: ENABLED
07-22 10:00:55.691   988  1054 I heimdall: update_proc_tgid:436, put <pre-initialized>(23345) in root memcg
07-22 10:00:55.691   988  1054 I heimdall: update_proc_tgid:436, put org.example.gpstracker:service_tracking(23345) in root memcg
07-22 10:00:55.707 23345 23345 D nativeloader: Configuring clns-4 for other apk /data/app/~~ktH62Xg5XZj5ghN2v5RR_g==/org.example.gpstracker-8lIXm8zB9AlT33MMoAtD2w==/base.apk. target_sdk_version=33, uses_libraries=, library_path=/data/app/~~ktH62Xg5XZj5ghN2v5RR_g==/org.example.gpstracker-8lIXm8zB9AlT33MMoAtD2w==/lib/arm64:/data/app/~~ktH62Xg5XZj5ghN2v5RR_g==/org.example.gpstracker-8lIXm8zB9AlT33MMoAtD2w==/base.apk!/lib/arm64-v8a, permitted_path=/data:/mnt/expand:/data/user/0/org.example.gpstracker
07-22 10:00:55.716 23345 23345 V GraphicsEnvironment: ANGLE Developer option for 'org.example.gpstracker' set to: 'default'
07-22 10:00:55.716 23345 23345 V GraphicsEnvironment: App is not on the allowlist for updatable production driver.
07-22 10:00:55.718 23345 23345 D LoadedApk: LoadedApk::makeApplication() appContext.mOpPackageName=org.example.gpstracker appContext.mBasePackageName=org.example.gpstracker
07-22 10:00:55.718 23345 23345 D NetworkSecurityConfig: No Network Security Config specified, using platform default
07-22 10:00:55.762 23345 23345 D NetworkSecurityConfig: No Network Security Config specified, using platform default
07-22 10:00:55.762 23345 23345 D ActivityThread: handleBindApplication() --
07-22 10:00:55.763   908 23231 I HYPER-HAL: [RequestManager.cpp]releaseLocked(): Released ID : 2588951
07-22 10:00:55.766 23345 23362 V pythonutil: Checking pattern libsqlite3\.so against libSDL2.so
07-22 10:00:55.766 23345 23362 V pythonutil: Checking pattern libsqlite3\.so against libSDL2_ttf.so
07-22 10:00:55.766 23345 23345 D CompatibilityChangeReporter: Compat change id reported: 160794467; UID 10397; state: ENABLED
07-22 10:00:55.766 23345 23362 V pythonutil: Checking pattern libsqlite3\.so against libpng16.so
07-22 10:00:55.766 23345 23362 V pythonutil: Checking pattern libsqlite3\.so against libfreetype.so
07-22 10:00:55.766 23345 23362 V pythonutil: Checking pattern libsqlite3\.so against libmain.so
07-22 10:00:55.766 23345 23362 V pythonutil: Checking pattern libsqlite3\.so against libffi.so
07-22 10:00:55.766 23345 23362 V pythonutil: Checking pattern libsqlite3\.so against libSDL2_image.so
07-22 10:00:55.766 23345 23362 V pythonutil: Checking pattern libsqlite3\.so against libcrypto.so
07-22 10:00:55.766 23345 23362 V pythonutil: Checking pattern libsqlite3\.so against libpythonbin.so
07-22 10:00:55.766 23345 23362 V pythonutil: Checking pattern libsqlite3\.so against libSDL2_mixer.so
07-22 10:00:55.766 23345 23362 V pythonutil: Checking pattern libsqlite3\.so against libssl.so
07-22 10:00:55.767 23345 23362 V pythonutil: Checking pattern libsqlite3\.so against libpybundle.so
07-22 10:00:55.767 23345 23362 V pythonutil: Checking pattern libsqlite3\.so against libsqlite3.so
07-22 10:00:55.767 23345 23362 V pythonutil: Pattern libsqlite3\.so matched file libsqlite3.so
07-22 10:00:55.767 23345 23362 V pythonutil: Checking pattern libsqlite3\.so against libpython3.14.so
07-22 10:00:55.767 23345 23362 V pythonutil: Checking pattern libffi\.so against libSDL2.so
07-22 10:00:55.767 23345 23362 V pythonutil: Checking pattern libffi\.so against libSDL2_ttf.so
07-22 10:00:55.767 23345 23362 V pythonutil: Checking pattern libffi\.so against libpng16.so
07-22 10:00:55.767 23345 23362 V pythonutil: Checking pattern libffi\.so against libfreetype.so
07-22 10:00:55.768 23345 23362 V pythonutil: Checking pattern libffi\.so against libmain.so
07-22 10:00:55.768 23345 23362 V pythonutil: Checking pattern libffi\.so against libffi.so
07-22 10:00:55.768 23345 23362 V pythonutil: Pattern libffi\.so matched file libffi.so
07-22 10:00:55.768 23345 23362 V pythonutil: Checking pattern libffi\.so against libSDL2_image.so
07-22 10:00:55.768 23345 23362 V pythonutil: Checking pattern libffi\.so against libcrypto.so
07-22 10:00:55.768 23345 23362 V pythonutil: Checking pattern libffi\.so against libpythonbin.so
07-22 10:00:55.768 23345 23362 V pythonutil: Checking pattern libffi\.so against libSDL2_mixer.so
07-22 10:00:55.768 23345 23362 V pythonutil: Checking pattern libffi\.so against libssl.so
07-22 10:00:55.768 23345 23362 V pythonutil: Checking pattern libffi\.so against libpybundle.so
07-22 10:00:55.768 23345 23362 V pythonutil: Checking pattern libffi\.so against libsqlite3.so
07-22 10:00:55.768 23345 23362 V pythonutil: Checking pattern libffi\.so against libpython3.14.so
07-22 10:00:55.768 23345 23362 V pythonutil: Checking pattern libpng16\.so against libSDL2.so
07-22 10:00:55.768 23345 23362 V pythonutil: Checking pattern libpng16\.so against libSDL2_ttf.so
07-22 10:00:55.769 23345 23362 V pythonutil: Checking pattern libpng16\.so against libpng16.so
07-22 10:00:55.769 23345 23362 V pythonutil: Pattern libpng16\.so matched file libpng16.so
07-22 10:00:55.769 23345 23362 V pythonutil: Checking pattern libpng16\.so against libfreetype.so
07-22 10:00:55.769 23345 23362 V pythonutil: Checking pattern libpng16\.so against libmain.so
07-22 10:00:55.769 23345 23362 V pythonutil: Checking pattern libpng16\.so against libffi.so
07-22 10:00:55.769 23345 23362 V pythonutil: Checking pattern libpng16\.so against libSDL2_image.so
07-22 10:00:55.769 23345 23362 V pythonutil: Checking pattern libpng16\.so against libcrypto.so
07-22 10:00:55.769 23345 23362 V pythonutil: Checking pattern libpng16\.so against libpythonbin.so
07-22 10:00:55.769 23345 23362 V pythonutil: Checking pattern libpng16\.so against libSDL2_mixer.so
07-22 10:00:55.769 23345 23362 V pythonutil: Checking pattern libpng16\.so against libssl.so
07-22 10:00:55.769 23345 23362 V pythonutil: Checking pattern libpng16\.so against libpybundle.so
07-22 10:00:55.769 23345 23362 V pythonutil: Checking pattern libpng16\.so against libsqlite3.so
07-22 10:00:55.769 23345 23362 V pythonutil: Checking pattern libpng16\.so against libpython3.14.so
07-22 10:00:55.769 23345 23362 V pythonutil: Checking pattern libssl.*\.so against libSDL2.so
07-22 10:00:55.769 23345 23362 V pythonutil: Checking pattern libssl.*\.so against libSDL2_ttf.so
07-22 10:00:55.769 23345 23362 V pythonutil: Checking pattern libssl.*\.so against libpng16.so
07-22 10:00:55.769 23345 23362 V pythonutil: Checking pattern libssl.*\.so against libfreetype.so
07-22 10:00:55.769 23345 23362 V pythonutil: Checking pattern libssl.*\.so against libmain.so
07-22 10:00:55.769 23345 23362 V pythonutil: Checking pattern libssl.*\.so against libffi.so
07-22 10:00:55.769 23345 23362 V pythonutil: Checking pattern libssl.*\.so against libSDL2_image.so
07-22 10:00:55.769 23345 23362 V pythonutil: Checking pattern libssl.*\.so against libcrypto.so
07-22 10:00:55.769 23345 23362 V pythonutil: Checking pattern libssl.*\.so against libpythonbin.so
07-22 10:00:55.770 23345 23362 V pythonutil: Checking pattern libssl.*\.so against libSDL2_mixer.so
07-22 10:00:55.770 23345 23362 V pythonutil: Checking pattern libssl.*\.so against libssl.so
07-22 10:00:55.770 23345 23362 V pythonutil: Pattern libssl.*\.so matched file libssl.so
07-22 10:00:55.770 23345 23362 V pythonutil: Checking pattern libssl.*\.so against libpybundle.so
07-22 10:00:55.770 23345 23362 V pythonutil: Checking pattern libssl.*\.so against libsqlite3.so
07-22 10:00:55.770 23345 23362 V pythonutil: Checking pattern libssl.*\.so against libpython3.14.so
07-22 10:00:55.770 23345 23362 V pythonutil: Checking pattern libcrypto.*\.so against libSDL2.so
07-22 10:00:55.770 23345 23362 V pythonutil: Checking pattern libcrypto.*\.so against libSDL2_ttf.so
07-22 10:00:55.770 23345 23362 V pythonutil: Checking pattern libcrypto.*\.so against libpng16.so
07-22 10:00:55.770 23345 23362 V pythonutil: Checking pattern libcrypto.*\.so against libfreetype.so
07-22 10:00:55.770 23345 23362 V pythonutil: Checking pattern libcrypto.*\.so against libmain.so
07-22 10:00:55.770 23345 23362 V pythonutil: Checking pattern libcrypto.*\.so against libffi.so
07-22 10:00:55.770 23345 23362 V pythonutil: Checking pattern libcrypto.*\.so against libSDL2_image.so
07-22 10:00:55.770 23345 23362 V pythonutil: Checking pattern libcrypto.*\.so against libcrypto.so
07-22 10:00:55.770 23345 23362 V pythonutil: Pattern libcrypto.*\.so matched file libcrypto.so
07-22 10:00:55.770 23345 23362 V pythonutil: Checking pattern libcrypto.*\.so against libpythonbin.so
07-22 10:00:55.770 23345 23362 V pythonutil: Checking pattern libcrypto.*\.so against libSDL2_mixer.so
07-22 10:00:55.770 23345 23362 V pythonutil: Checking pattern libcrypto.*\.so against libssl.so
07-22 10:00:55.770 23345 23362 V pythonutil: Checking pattern libcrypto.*\.so against libpybundle.so
07-22 10:00:55.770 23345 23362 V pythonutil: Checking pattern libcrypto.*\.so against libsqlite3.so
07-22 10:00:55.770 23345 23362 V pythonutil: Checking pattern libcrypto.*\.so against libpython3.14.so
07-22 10:00:55.771 23345 23362 V pythonutil: Checking pattern libSDL2\.so against libSDL2.so
07-22 10:00:55.771 23345 23362 V pythonutil: Pattern libSDL2\.so matched file libSDL2.so
07-22 10:00:55.771 23345 23362 V pythonutil: Checking pattern libSDL2\.so against libSDL2_ttf.so
07-22 10:00:55.771 23345 23362 V pythonutil: Checking pattern libSDL2\.so against libpng16.so
07-22 10:00:55.771 23345 23362 V pythonutil: Checking pattern libSDL2\.so against libfreetype.so
07-22 10:00:55.771 23345 23362 V pythonutil: Checking pattern libSDL2\.so against libmain.so
07-22 10:00:55.771 23345 23362 V pythonutil: Checking pattern libSDL2\.so against libffi.so
07-22 10:00:55.771 23345 23362 V pythonutil: Checking pattern libSDL2\.so against libSDL2_image.so
07-22 10:00:55.771 23345 23362 V pythonutil: Checking pattern libSDL2\.so against libcrypto.so
07-22 10:00:55.771 23345 23362 V pythonutil: Checking pattern libSDL2\.so against libpythonbin.so
07-22 10:00:55.771 23345 23362 V pythonutil: Checking pattern libSDL2\.so against libSDL2_mixer.so
07-22 10:00:55.771 23345 23362 V pythonutil: Checking pattern libSDL2\.so against libssl.so
07-22 10:00:55.771 23345 23362 V pythonutil: Checking pattern libSDL2\.so against libpybundle.so
07-22 10:00:55.771 23345 23362 V pythonutil: Checking pattern libSDL2\.so against libsqlite3.so
07-22 10:00:55.771 23345 23362 V pythonutil: Checking pattern libSDL2\.so against libpython3.14.so
07-22 10:00:55.771 23345 23362 V pythonutil: Checking pattern libSDL2_image\.so against libSDL2.so
07-22 10:00:55.771 23345 23362 V pythonutil: Checking pattern libSDL2_image\.so against libSDL2_ttf.so
07-22 10:00:55.772 23345 23362 V pythonutil: Checking pattern libSDL2_image\.so against libpng16.so
07-22 10:00:55.772 23345 23362 V pythonutil: Checking pattern libSDL2_image\.so against libfreetype.so
07-22 10:00:55.772 23345 23362 V pythonutil: Checking pattern libSDL2_image\.so against libmain.so
07-22 10:00:55.772 23345 23362 V pythonutil: Checking pattern libSDL2_image\.so against libffi.so
07-22 10:00:55.772 23345 23362 V pythonutil: Checking pattern libSDL2_image\.so against libSDL2_image.so
07-22 10:00:55.772 23345 23362 V pythonutil: Pattern libSDL2_image\.so matched file libSDL2_image.so
07-22 10:00:55.772 23345 23362 V pythonutil: Checking pattern libSDL2_image\.so against libcrypto.so
07-22 10:00:55.772 23345 23362 V pythonutil: Checking pattern libSDL2_image\.so against libpythonbin.so
07-22 10:00:55.773 23345 23362 V pythonutil: Checking pattern libSDL2_image\.so against libSDL2_mixer.so
07-22 10:00:55.773 23345 23362 V pythonutil: Checking pattern libSDL2_image\.so against libssl.so
07-22 10:00:55.773 23345 23362 V pythonutil: Checking pattern libSDL2_image\.so against libpybundle.so
07-22 10:00:55.773 23345 23362 V pythonutil: Checking pattern libSDL2_image\.so against libsqlite3.so
07-22 10:00:55.773 23345 23362 V pythonutil: Checking pattern libSDL2_image\.so against libpython3.14.so
07-22 10:00:55.773 23345 23362 V pythonutil: Checking pattern libSDL2_mixer\.so against libSDL2.so
07-22 10:00:55.773 23345 23362 V pythonutil: Checking pattern libSDL2_mixer\.so against libSDL2_ttf.so
07-22 10:00:55.773 23345 23362 V pythonutil: Checking pattern libSDL2_mixer\.so against libpng16.so
07-22 10:00:55.773 23345 23362 V pythonutil: Checking pattern libSDL2_mixer\.so against libfreetype.so
07-22 10:00:55.773 23345 23362 V pythonutil: Checking pattern libSDL2_mixer\.so against libmain.so
07-22 10:00:55.773 23345 23362 V pythonutil: Checking pattern libSDL2_mixer\.so against libffi.so
07-22 10:00:55.773 23345 23362 V pythonutil: Checking pattern libSDL2_mixer\.so against libSDL2_image.so
07-22 10:00:55.773 23345 23362 V pythonutil: Checking pattern libSDL2_mixer\.so against libcrypto.so
07-22 10:00:55.773 23345 23362 V pythonutil: Checking pattern libSDL2_mixer\.so against libpythonbin.so
07-22 10:00:55.773 23345 23362 V pythonutil: Checking pattern libSDL2_mixer\.so against libSDL2_mixer.so
07-22 10:00:55.773 23345 23362 V pythonutil: Pattern libSDL2_mixer\.so matched file libSDL2_mixer.so
07-22 10:00:55.773 23345 23362 V pythonutil: Checking pattern libSDL2_mixer\.so against libssl.so
07-22 10:00:55.773 23345 23362 V pythonutil: Checking pattern libSDL2_mixer\.so against libpybundle.so
07-22 10:00:55.774 23345 23362 V pythonutil: Checking pattern libSDL2_mixer\.so against libsqlite3.so
07-22 10:00:55.774 23345 23362 V pythonutil: Checking pattern libSDL2_mixer\.so against libpython3.14.so
07-22 10:00:55.774 23345 23362 V pythonutil: Checking pattern libSDL2_ttf\.so against libSDL2.so
07-22 10:00:55.774 23345 23362 V pythonutil: Checking pattern libSDL2_ttf\.so against libSDL2_ttf.so
07-22 10:00:55.774 23345 23362 V pythonutil: Pattern libSDL2_ttf\.so matched file libSDL2_ttf.so
07-22 10:00:55.774 23345 23362 V pythonutil: Checking pattern libSDL2_ttf\.so against libpng16.so
07-22 10:00:55.774 23345 23362 V pythonutil: Checking pattern libSDL2_ttf\.so against libfreetype.so
07-22 10:00:55.774 23345 23362 V pythonutil: Checking pattern libSDL2_ttf\.so against libmain.so
07-22 10:00:55.774 23345 23362 V pythonutil: Checking pattern libSDL2_ttf\.so against libffi.so
07-22 10:00:55.774 23345 23362 V pythonutil: Checking pattern libSDL2_ttf\.so against libSDL2_image.so
07-22 10:00:55.774 23345 23362 V pythonutil: Checking pattern libSDL2_ttf\.so against libcrypto.so
07-22 10:00:55.774 23345 23362 V pythonutil: Checking pattern libSDL2_ttf\.so against libpythonbin.so
07-22 10:00:55.774 23345 23362 V pythonutil: Checking pattern libSDL2_ttf\.so against libSDL2_mixer.so
07-22 10:00:55.774 23345 23362 V pythonutil: Checking pattern libSDL2_ttf\.so against libssl.so
07-22 10:00:55.774 23345 23362 V pythonutil: Checking pattern libSDL2_ttf\.so against libpybundle.so
07-22 10:00:55.774 23345 23362 V pythonutil: Checking pattern libSDL2_ttf\.so against libsqlite3.so
07-22 10:00:55.774 23345 23362 V pythonutil: Checking pattern libSDL2_ttf\.so against libpython3.14.so
07-22 10:00:55.775 23345 23362 V pythonutil: Checking pattern libSDL3\.so against libSDL2.so
07-22 10:00:55.775 23345 23362 V pythonutil: Checking pattern libSDL3\.so against libSDL2_ttf.so
07-22 10:00:55.775 23345 23362 V pythonutil: Checking pattern libSDL3\.so against libpng16.so
07-22 10:00:55.775 23345 23362 V pythonutil: Checking pattern libSDL3\.so against libfreetype.so
07-22 10:00:55.775 23345 23362 V pythonutil: Checking pattern libSDL3\.so against libmain.so
07-22 10:00:55.775 23345 23362 V pythonutil: Checking pattern libSDL3\.so against libffi.so
07-22 10:00:55.775 23345 23362 V pythonutil: Checking pattern libSDL3\.so against libSDL2_image.so
07-22 10:00:55.775 23345 23362 V pythonutil: Checking pattern libSDL3\.so against libcrypto.so
07-22 10:00:55.775 23345 23362 V pythonutil: Checking pattern libSDL3\.so against libpythonbin.so
07-22 10:00:55.775 23345 23362 V pythonutil: Checking pattern libSDL3\.so against libSDL2_mixer.so
07-22 10:00:55.775 23345 23362 V pythonutil: Checking pattern libSDL3\.so against libssl.so
07-22 10:00:55.775 23345 23362 V pythonutil: Checking pattern libSDL3\.so against libpybundle.so
07-22 10:00:55.775 23345 23362 V pythonutil: Checking pattern libSDL3\.so against libsqlite3.so
07-22 10:00:55.775 23345 23362 V pythonutil: Checking pattern libSDL3\.so against libpython3.14.so
07-22 10:00:55.775 23345 23362 V pythonutil: Checking pattern libSDL3_image\.so against libSDL2.so
07-22 10:00:55.775 23345 23362 V pythonutil: Checking pattern libSDL3_image\.so against libSDL2_ttf.so
07-22 10:00:55.775 23345 23362 V pythonutil: Checking pattern libSDL3_image\.so against libpng16.so
07-22 10:00:55.775 23345 23362 V pythonutil: Checking pattern libSDL3_image\.so against libfreetype.so
07-22 10:00:55.775 23345 23362 V pythonutil: Checking pattern libSDL3_image\.so against libmain.so
07-22 10:00:55.775 23345 23362 V pythonutil: Checking pattern libSDL3_image\.so against libffi.so
07-22 10:00:55.775 23345 23362 V pythonutil: Checking pattern libSDL3_image\.so against libSDL2_image.so
07-22 10:00:55.775 23345 23362 V pythonutil: Checking pattern libSDL3_image\.so against libcrypto.so
07-22 10:00:55.776 23345 23362 V pythonutil: Checking pattern libSDL3_image\.so against libpythonbin.so
07-22 10:00:55.776 23345 23362 V pythonutil: Checking pattern libSDL3_image\.so against libSDL2_mixer.so
07-22 10:00:55.776 23345 23362 V pythonutil: Checking pattern libSDL3_image\.so against libssl.so
07-22 10:00:55.776 23345 23362 V pythonutil: Checking pattern libSDL3_image\.so against libpybundle.so
07-22 10:00:55.776 23345 23362 V pythonutil: Checking pattern libSDL3_image\.so against libsqlite3.so
07-22 10:00:55.776 23345 23362 V pythonutil: Checking pattern libSDL3_image\.so against libpython3.14.so
07-22 10:00:55.776 23345 23362 V pythonutil: Checking pattern libSDL3_mixer\.so against libSDL2.so
07-22 10:00:55.776 23345 23362 V pythonutil: Checking pattern libSDL3_mixer\.so against libSDL2_ttf.so
07-22 10:00:55.776 23345 23362 V pythonutil: Checking pattern libSDL3_mixer\.so against libpng16.so
07-22 10:00:55.776 23345 23362 V pythonutil: Checking pattern libSDL3_mixer\.so against libfreetype.so
07-22 10:00:55.776 23345 23362 V pythonutil: Checking pattern libSDL3_mixer\.so against libmain.so
07-22 10:00:55.776 23345 23362 V pythonutil: Checking pattern libSDL3_mixer\.so against libffi.so
07-22 10:00:55.776 23345 23362 V pythonutil: Checking pattern libSDL3_mixer\.so against libSDL2_image.so
07-22 10:00:55.776 23345 23362 V pythonutil: Checking pattern libSDL3_mixer\.so against libcrypto.so
07-22 10:00:55.776 23345 23362 V pythonutil: Checking pattern libSDL3_mixer\.so against libpythonbin.so
07-22 10:00:55.776 23345 23362 V pythonutil: Checking pattern libSDL3_mixer\.so against libSDL2_mixer.so
07-22 10:00:55.776 23345 23362 V pythonutil: Checking pattern libSDL3_mixer\.so against libssl.so
07-22 10:00:55.776 23345 23362 V pythonutil: Checking pattern libSDL3_mixer\.so against libpybundle.so
07-22 10:00:55.776 23345 23362 V pythonutil: Checking pattern libSDL3_mixer\.so against libsqlite3.so
07-22 10:00:55.776 23345 23362 V pythonutil: Checking pattern libSDL3_mixer\.so against libpython3.14.so
07-22 10:00:55.777 23345 23362 V pythonutil: Checking pattern libSDL3_ttf\.so against libSDL2.so
07-22 10:00:55.777 23345 23362 V pythonutil: Checking pattern libSDL3_ttf\.so against libSDL2_ttf.so
07-22 10:00:55.777 23345 23362 V pythonutil: Checking pattern libSDL3_ttf\.so against libpng16.so
07-22 10:00:55.777 23345 23362 V pythonutil: Checking pattern libSDL3_ttf\.so against libfreetype.so
07-22 10:00:55.777 23345 23362 V pythonutil: Checking pattern libSDL3_ttf\.so against libmain.so
07-22 10:00:55.777 23345 23362 V pythonutil: Checking pattern libSDL3_ttf\.so against libffi.so
07-22 10:00:55.777 23345 23362 V pythonutil: Checking pattern libSDL3_ttf\.so against libSDL2_image.so
07-22 10:00:55.777 23345 23362 V pythonutil: Checking pattern libSDL3_ttf\.so against libcrypto.so
07-22 10:00:55.777 23345 23362 V pythonutil: Checking pattern libSDL3_ttf\.so against libpythonbin.so
07-22 10:00:55.777 23345 23362 V pythonutil: Checking pattern libSDL3_ttf\.so against libSDL2_mixer.so
07-22 10:00:55.777 23345 23362 V pythonutil: Checking pattern libSDL3_ttf\.so against libssl.so
07-22 10:00:55.777 23345 23362 V pythonutil: Checking pattern libSDL3_ttf\.so against libpybundle.so
07-22 10:00:55.777 23345 23362 V pythonutil: Checking pattern libSDL3_ttf\.so against libsqlite3.so
07-22 10:00:55.777 23345 23362 V pythonutil: Checking pattern libSDL3_ttf\.so against libpython3.14.so
07-22 10:00:55.777 23345 23362 V pythonutil: Loading library: sqlite3
07-22 10:00:55.779 23345 23362 D nativeloader: Load /data/app/~~ktH62Xg5XZj5ghN2v5RR_g==/org.example.gpstracker-8lIXm8zB9AlT33MMoAtD2w==/lib/arm64/libsqlite3.so using class loader ns clns-4 (caller=/data/app/~~ktH62Xg5XZj5ghN2v5RR_g==/org.example.gpstracker-8lIXm8zB9AlT33MMoAtD2w==/base.apk!classes6.dex): ok
07-22 10:00:55.779 23345 23362 V pythonutil: Loading library: ffi
07-22 10:00:55.780 23345 23362 D nativeloader: Load /data/app/~~ktH62Xg5XZj5ghN2v5RR_g==/org.example.gpstracker-8lIXm8zB9AlT33MMoAtD2w==/lib/arm64/libffi.so using class loader ns clns-4 (caller=/data/app/~~ktH62Xg5XZj5ghN2v5RR_g==/org.example.gpstracker-8lIXm8zB9AlT33MMoAtD2w==/base.apk!classes6.dex): ok
07-22 10:00:55.780 23345 23362 V pythonutil: Loading library: png16
07-22 10:00:55.780 23345 23362 D nativeloader: Load /data/app/~~ktH62Xg5XZj5ghN2v5RR_g==/org.example.gpstracker-8lIXm8zB9AlT33MMoAtD2w==/lib/arm64/libpng16.so using class loader ns clns-4 (caller=/data/app/~~ktH62Xg5XZj5ghN2v5RR_g==/org.example.gpstracker-8lIXm8zB9AlT33MMoAtD2w==/base.apk!classes6.dex): ok
07-22 10:00:55.780 23345 23362 V pythonutil: Loading library: ssl
07-22 10:00:55.782 23345 23362 D nativeloader: Load /data/app/~~ktH62Xg5XZj5ghN2v5RR_g==/org.example.gpstracker-8lIXm8zB9AlT33MMoAtD2w==/lib/arm64/libssl.so using class loader ns clns-4 (caller=/data/app/~~ktH62Xg5XZj5ghN2v5RR_g==/org.example.gpstracker-8lIXm8zB9AlT33MMoAtD2w==/base.apk!classes6.dex): ok
07-22 10:00:55.782 23345 23362 V pythonutil: Loading library: crypto
07-22 10:00:55.782 23345 23362 D nativeloader: Load /data/app/~~ktH62Xg5XZj5ghN2v5RR_g==/org.example.gpstracker-8lIXm8zB9AlT33MMoAtD2w==/lib/arm64/libcrypto.so using class loader ns clns-4 (caller=/data/app/~~ktH62Xg5XZj5ghN2v5RR_g==/org.example.gpstracker-8lIXm8zB9AlT33MMoAtD2w==/base.apk!classes6.dex): ok
07-22 10:00:55.783 23345 23362 V pythonutil: Loading library: SDL2
07-22 10:00:55.783 23345 23362 D nativeloader: Load /data/app/~~ktH62Xg5XZj5ghN2v5RR_g==/org.example.gpstracker-8lIXm8zB9AlT33MMoAtD2w==/lib/arm64/libSDL2.so using class loader ns clns-4 (caller=/data/app/~~ktH62Xg5XZj5ghN2v5RR_g==/org.example.gpstracker-8lIXm8zB9AlT33MMoAtD2w==/base.apk!classes6.dex): ok
07-22 10:00:55.784 23345 23362 V pythonutil: Loading library: SDL2_image
07-22 10:00:55.784 23345 23362 D nativeloader: Load /data/app/~~ktH62Xg5XZj5ghN2v5RR_g==/org.example.gpstracker-8lIXm8zB9AlT33MMoAtD2w==/lib/arm64/libSDL2_image.so using class loader ns clns-4 (caller=/data/app/~~ktH62Xg5XZj5ghN2v5RR_g==/org.example.gpstracker-8lIXm8zB9AlT33MMoAtD2w==/base.apk!classes6.dex): ok
07-22 10:00:55.784 23345 23362 V pythonutil: Loading library: SDL2_mixer
07-22 10:00:55.785 23345 23362 D nativeloader: Load /data/app/~~ktH62Xg5XZj5ghN2v5RR_g==/org.example.gpstracker-8lIXm8zB9AlT33MMoAtD2w==/lib/arm64/libSDL2_mixer.so using class loader ns clns-4 (caller=/data/app/~~ktH62Xg5XZj5ghN2v5RR_g==/org.example.gpstracker-8lIXm8zB9AlT33MMoAtD2w==/base.apk!classes6.dex): ok
07-22 10:00:55.785 23345 23362 V pythonutil: Loading library: SDL2_ttf
07-22 10:00:55.787 23345 23362 D nativeloader: Load /data/app/~~ktH62Xg5XZj5ghN2v5RR_g==/org.example.gpstracker-8lIXm8zB9AlT33MMoAtD2w==/lib/arm64/libSDL2_ttf.so using class loader ns clns-4 (caller=/data/app/~~ktH62Xg5XZj5ghN2v5RR_g==/org.example.gpstracker-8lIXm8zB9AlT33MMoAtD2w==/base.apk!classes6.dex): ok
07-22 10:00:55.788 23345 23362 V pythonutil: Loading library: python3.14
07-22 10:00:55.789 23345 23362 D nativeloader: Load /data/app/~~ktH62Xg5XZj5ghN2v5RR_g==/org.example.gpstracker-8lIXm8zB9AlT33MMoAtD2w==/lib/arm64/libpython3.14.so using class loader ns clns-4 (caller=/data/app/~~ktH62Xg5XZj5ghN2v5RR_g==/org.example.gpstracker-8lIXm8zB9AlT33MMoAtD2w==/base.apk!classes6.dex): ok
07-22 10:00:55.789 23345 23362 V pythonutil: Loading library: main
07-22 10:00:55.790 23345 23362 D nativeloader: Load /data/app/~~ktH62Xg5XZj5ghN2v5RR_g==/org.example.gpstracker-8lIXm8zB9AlT33MMoAtD2w==/lib/arm64/libmain.so using class loader ns clns-4 (caller=/data/app/~~ktH62Xg5XZj5ghN2v5RR_g==/org.example.gpstracker-8lIXm8zB9AlT33MMoAtD2w==/base.apk!classes6.dex): ok
07-22 10:00:55.790 23345 23362 V pythonutil: Loaded everything!
07-22 10:00:55.790 23345 23362 I python  : Initializing Python for Android
07-22 10:00:55.790 23345 23362 I python  : Setting additional env vars from p4a_env_vars.txt
07-22 10:00:55.790 23345 23362 I python  : Changing directory to '/data/user/0/org.example.gpstracker/files/app'
07-22 10:00:55.790 23345 23362 I python  : Preparing to initialize python
07-22 10:00:55.790 23345 23362 I python  : _python_bundle dir exists
07-22 10:00:55.790 23345 23362 I python  : set wchar paths...
07-22 10:00:55.818 23345 23362 I python  : Initialized python
07-22 10:00:55.819 23345 23362 I tracking: testing python print redirection
07-22 10:00:55.820 23345 23362 I tracking: Android kivy bootstrap done. __name__ is __main__
07-22 10:00:55.823 23345 23362 I tracking: BACKGROUND MODULE LOADED
07-22 10:00:55.906 23345 23362 I tracking: BACKGROUND IMPORTS STARTED
07-22 10:00:56.173   629   629 D io_stats: !@   8,0 r 1617662 53588332 w 157573 1030784 d 42701 1045808 f 0 0 iot 337564 0 th 0 0 0 pt 0 inp 0 0 564.817
07-22 10:00:56.173   629   629 D io_stats: !@ Read_top(KB): system_server(1154) 180 facebook.katana(22849) 100 SDLActivity(23261) 28
07-22 10:00:56.173   629   629 D io_stats: !@ Write_top(KB): loop35(2761) 1792 system_server(1154) 416 SDLActivity(23261) 244
07-22 10:00:56.441  1154  3191 D NetdEventListenerService: DNS Requested by : 100, 10305
07-22 10:00:56.445  1154  3191 D NetdEventListenerService: DNS Requested by : 100, 10305
07-22 10:00:56.530 23345 23362 I tracking: BACKGROUND IMPORTS COMPLETED
07-22 10:00:56.531 23345 23362 I tracking: BACKGROUND CALLING MAIN
07-22 10:00:56.531 23345 23362 I tracking: BACKGROUND ENTRYPOINT STARTED
07-22 10:00:56.531 23345 23362 I tracking: BACKGROUND ARGUMENT: '{"run_id": 21, "database_path": "/data/user/0/org.example.gpstracker/files/gpstracker.db", "state_path": "/data/user/0/org.example.gpstracker/files/tracking_state.json", "min_time": 1000, "min_distance": 1.0}'
07-22 10:00:56.531 23345 23362 I tracking: BACKGROUND PARAMETERS OK: run_id=21, database=/data/user/0/org.example.gpstracker/files/gpstracker.db, state=/data/user/0/org.example.gpstracker/files/tracking_state.json, min_time=1000, min_distance=1.0
07-22 10:00:56.540   897  1547 I Sensors : AutoRotation: data = -1756981316, time = 104
07-22 10:00:56.543  1154  1371 I WindowOrientationListener: OrientationSensorJudge.onSensorChanged, Rotation: -1
07-22 10:00:56.544  1154  1371 V WindowManager: rotationForOrientation(orient=SCREEN_ORIENTATION_PORTRAIT (1), last=ROTATION_0 (0)); user=ROTATION_0 (0) USER_ROTATION_LOCKED
07-22 10:00:56.544  1154  1371 D WindowManager: rotationForOrientation, orientationSource=ActivityRecord{a15ec7d u0 org.example.gpstracker/org.kivy.android.PythonActivity t296}
07-22 10:00:56.544  1154  1371 V WindowManager: Computed rotation=ROTATION_0 (0) for display id=0 based on lastOrientation=SCREEN_ORIENTATION_PORTRAIT (1) and oldRotation=ROTATION_0 (0), caller=com.android.server.wm.DisplayContent.updateRotationUnchecked:2272 com.android.server.wm.WindowManagerService.updateRotationUnchecked:4478 com.android.server.wm.WindowManagerService.updateRotation:4459 com.android.server.wm.DisplayRotation$OrientationListener$UpdateRunnable.run:1791 android.os.Handler.handleCallback:938 android.os.Handler.dispatchMessage:99 
07-22 10:00:56.562 23345 23362 I tracking: BACKGROUND DATABASE CONFIGURED
07-22 10:00:56.635  1803  1803 D NetworkController.WifiSignalController: notifyListener: enabled=true, connected=true, inetCondition=1, isDefault=true, shouldForceHide=false
07-22 10:00:56.714   839   839 E audit   : type=1400 audit(1784703656.707:3652): avc:  denied  { write } for  pid=22269 comm="ThreadPoolForeg" name="traced_producer" dev="tmpfs" ino=18188 scontext=u:r:gmscore_app:s0:c662,c768 tcontext=u:object_r:traced_producer_socket:s0 tclass=sock_file permissive=0 SEPF_SM-G991B_12_0001 audit_filtered
07-22 10:00:56.714   839   839 E audit   : type=1300 audit(1784703656.707:3652): arch=c00000b7 syscall=203 success=no exit=-13 a0=6 a1=b40000791f744720 a2=1e a3=42948 items=1 ppid=859 pid=22269 auid=4294967295 uid=15010235 gid=15010235 euid=15010235 suid=15010235 fsuid=15010235 egid=15010235 sgid=15010235 fsgid=15010235 tty=(none) ses=4294967295 comm="ThreadPoolForeg" exe="/system/bin/app_process64" subj=u:r:gmscore_app:s0:c662,c768 key=(null)
07-22 10:00:56.714   839   839 E audit   : type=1306 audit(1784703656.707:3652): saddr=01002F6465762F736F636B65742F7472616365645F70726F647563657200
07-22 10:00:56.714   839   839 E audit   : type=1302 audit(1784703656.707:3652): item=0 name="/dev/socket/traced_producer" inode=18188 dev=00:12 mode=0140666 ouid=0 ogid=0 rdev=00:00 obj=u:object_r:traced_producer_socket:s0 nametype=NORMAL cap_fp=0 cap_fi=0 cap_fe=0 cap_fver=0 cap_frootid=0
07-22 10:00:56.714   839   839 E audit   : type=1327 audit(1784703656.707:3652): proctitle="com.google.android.gms.unstable"
07-22 10:00:56.792 23345 23362 I tracking: BACKGROUND SERVICE CONTEXT READY
07-22 10:00:56.974 23345 23362 I tracking: BACKGROUND PERMISSIONS: fine=True, coarse=True
07-22 10:00:57.122  1154  1707 I SemWifiServiceDetector: Traff. tracking resumed
07-22 10:00:57.138 23345 23362 I tracking: BACKGROUND WAKE LOCK ACQUIRED
07-22 10:00:57.139  1154  3191 I power_partial_wake_state: [2,GPSTracker:BackgroundTracking:org.example.gpstracker]
07-22 10:00:57.140 23345 23362 I tracking: BACKGROUND WAKE LOCK RELEASED
07-22 10:00:57.140 23345 23362 I tracking: BACKGROUND TRACKING STOPPED: run_id=21
07-22 10:00:57.145  1154  1154 I notification_cancel: [10397,23345,org.example.gpstracker,1,NULL,0,0,0,8,NULL]
07-22 10:00:57.149 23345 23345 I Process : Sending signal. PID: 23345 SIG: 9
07-22 10:00:57.191  1154  3191 D CompatibilityChangeReporter: Compat change id reported: 135634846; UID 15010235; state: DISABLED
