07-22 10:00:46.410 23261 23261 V pythonutil: Checking pattern libssl.*\.so against libmain.so
07-22 10:00:46.410 23261 23261 V pythonutil: Checking pattern libssl.*\.so against libffi.so
07-22 10:00:46.410 23261 23261 V pythonutil: Checking pattern libssl.*\.so against libSDL2_image.so
07-22 10:00:46.410 23261 23261 V pythonutil: Checking pattern libssl.*\.so against libcrypto.so
07-22 10:00:46.410 23261 23261 V pythonutil: Checking pattern libssl.*\.so against libpythonbin.so
07-22 10:00:46.410 23261 23261 V pythonutil: Checking pattern libssl.*\.so against libSDL2_mixer.so
07-22 10:00:46.410 23261 23261 V pythonutil: Checking pattern libssl.*\.so against libssl.so
07-22 10:00:46.410 23261 23261 V pythonutil: Pattern libssl.*\.so matched file libssl.so
07-22 10:00:46.410 23261 23261 V pythonutil: Checking pattern libssl.*\.so against libpybundle.so
07-22 10:00:46.410 23261 23261 V pythonutil: Checking pattern libssl.*\.so against libsqlite3.so
07-22 10:00:46.410 23261 23261 V pythonutil: Checking pattern libssl.*\.so against libpython3.14.so
07-22 10:00:46.410 23261 23261 V pythonutil: Checking pattern libcrypto.*\.so against libSDL2.so
07-22 10:00:46.410 23261 23261 V pythonutil: Checking pattern libcrypto.*\.so against libSDL2_ttf.so
07-22 10:00:46.410 23261 23261 V pythonutil: Checking pattern libcrypto.*\.so against libpng16.so
07-22 10:00:46.410 23261 23261 V pythonutil: Checking pattern libcrypto.*\.so against libfreetype.so
07-22 10:00:46.410 23261 23261 V pythonutil: Checking pattern libcrypto.*\.so against libmain.so
07-22 10:00:46.410 23261 23261 V pythonutil: Checking pattern libcrypto.*\.so against libffi.so
07-22 10:00:46.410 23261 23261 V pythonutil: Checking pattern libcrypto.*\.so against libSDL2_image.so
07-22 10:00:46.410 23261 23261 V pythonutil: Checking pattern libcrypto.*\.so against libcrypto.so
07-22 10:00:46.410 23261 23261 V pythonutil: Pattern libcrypto.*\.so matched file libcrypto.so
07-22 10:00:46.410 23261 23261 V pythonutil: Checking pattern libcrypto.*\.so against libpythonbin.so
07-22 10:00:46.410 23261 23261 V pythonutil: Checking pattern libcrypto.*\.so against libSDL2_mixer.so
07-22 10:00:46.410 23261 23261 V pythonutil: Checking pattern libcrypto.*\.so against libssl.so
07-22 10:00:46.410 23261 23261 V pythonutil: Checking pattern libcrypto.*\.so against libpybundle.so
07-22 10:00:46.410 23261 23261 V pythonutil: Checking pattern libcrypto.*\.so against libsqlite3.so
07-22 10:00:46.410 23261 23261 V pythonutil: Checking pattern libcrypto.*\.so against libpython3.14.so
07-22 10:00:46.410 23261 23261 V pythonutil: Checking pattern libSDL2\.so against libSDL2.so
07-22 10:00:46.411 23261 23261 V pythonutil: Pattern libSDL2\.so matched file libSDL2.so
07-22 10:00:46.411 23261 23261 V pythonutil: Checking pattern libSDL2\.so against libSDL2_ttf.so
07-22 10:00:46.411 23261 23261 V pythonutil: Checking pattern libSDL2\.so against libpng16.so
07-22 10:00:46.411 23261 23261 V pythonutil: Checking pattern libSDL2\.so against libfreetype.so
07-22 10:00:46.411 23261 23261 V pythonutil: Checking pattern libSDL2\.so against libmain.so
07-22 10:00:46.411 23261 23261 V pythonutil: Checking pattern libSDL2\.so against libffi.so
07-22 10:00:46.411 23261 23261 V pythonutil: Checking pattern libSDL2\.so against libSDL2_image.so
07-22 10:00:46.411 23261 23261 V pythonutil: Checking pattern libSDL2\.so against libcrypto.so
07-22 10:00:46.411 23261 23261 V pythonutil: Checking pattern libSDL2\.so against libpythonbin.so
07-22 10:00:46.411 23261 23261 V pythonutil: Checking pattern libSDL2\.so against libSDL2_mixer.so
07-22 10:00:46.411 23261 23261 V pythonutil: Checking pattern libSDL2\.so against libssl.so
07-22 10:00:46.411 23261 23261 V pythonutil: Checking pattern libSDL2\.so against libpybundle.so
07-22 10:00:46.411 23261 23261 V pythonutil: Checking pattern libSDL2\.so against libsqlite3.so
07-22 10:00:46.411 23261 23261 V pythonutil: Checking pattern libSDL2\.so against libpython3.14.so
07-22 10:00:46.411 23261 23261 V pythonutil: Checking pattern libSDL2_image\.so against libSDL2.so
07-22 10:00:46.411 23261 23261 V pythonutil: Checking pattern libSDL2_image\.so against libSDL2_ttf.so
07-22 10:00:46.411 23261 23261 V pythonutil: Checking pattern libSDL2_image\.so against libpng16.so
07-22 10:00:46.411 23261 23261 V pythonutil: Checking pattern libSDL2_image\.so against libfreetype.so
07-22 10:00:46.411 23261 23261 V pythonutil: Checking pattern libSDL2_image\.so against libmain.so
07-22 10:00:46.411 23261 23261 V pythonutil: Checking pattern libSDL2_image\.so against libffi.so
07-22 10:00:46.411 23261 23261 V pythonutil: Checking pattern libSDL2_image\.so against libSDL2_image.so
07-22 10:00:46.411 23261 23261 V pythonutil: Pattern libSDL2_image\.so matched file libSDL2_image.so
07-22 10:00:46.411 23261 23261 V pythonutil: Checking pattern libSDL2_image\.so against libcrypto.so
07-22 10:00:46.411 23261 23261 V pythonutil: Checking pattern libSDL2_image\.so against libpythonbin.so
07-22 10:00:46.411 23261 23261 V pythonutil: Checking pattern libSDL2_image\.so against libSDL2_mixer.so
07-22 10:00:46.411 23261 23261 V pythonutil: Checking pattern libSDL2_image\.so against libssl.so
07-22 10:00:46.411 23261 23261 V pythonutil: Checking pattern libSDL2_image\.so against libpybundle.so
07-22 10:00:46.411 23261 23261 V pythonutil: Checking pattern libSDL2_image\.so against libsqlite3.so
07-22 10:00:46.411 23261 23261 V pythonutil: Checking pattern libSDL2_image\.so against libpython3.14.so
07-22 10:00:46.411 23261 23261 V pythonutil: Checking pattern libSDL2_mixer\.so against libSDL2.so
07-22 10:00:46.411 23261 23261 V pythonutil: Checking pattern libSDL2_mixer\.so against libSDL2_ttf.so
07-22 10:00:46.411 23261 23261 V pythonutil: Checking pattern libSDL2_mixer\.so against libpng16.so
07-22 10:00:46.411 23261 23261 V pythonutil: Checking pattern libSDL2_mixer\.so against libfreetype.so
07-22 10:00:46.411 23261 23261 V pythonutil: Checking pattern libSDL2_mixer\.so against libmain.so
07-22 10:00:46.411 23261 23261 V pythonutil: Checking pattern libSDL2_mixer\.so against libffi.so
07-22 10:00:46.411 23261 23261 V pythonutil: Checking pattern libSDL2_mixer\.so against libSDL2_image.so
07-22 10:00:46.411 23261 23261 V pythonutil: Checking pattern libSDL2_mixer\.so against libcrypto.so
07-22 10:00:46.411 23261 23261 V pythonutil: Checking pattern libSDL2_mixer\.so against libpythonbin.so
07-22 10:00:46.411 23261 23261 V pythonutil: Checking pattern libSDL2_mixer\.so against libSDL2_mixer.so
07-22 10:00:46.411 23261 23261 V pythonutil: Pattern libSDL2_mixer\.so matched file libSDL2_mixer.so
07-22 10:00:46.411 23261 23261 V pythonutil: Checking pattern libSDL2_mixer\.so against libssl.so
07-22 10:00:46.411 23261 23261 V pythonutil: Checking pattern libSDL2_mixer\.so against libpybundle.so
07-22 10:00:46.411 23261 23261 V pythonutil: Checking pattern libSDL2_mixer\.so against libsqlite3.so
07-22 10:00:46.412 23261 23261 V pythonutil: Checking pattern libSDL2_mixer\.so against libpython3.14.so
07-22 10:00:46.412 23261 23261 V pythonutil: Checking pattern libSDL2_ttf\.so against libSDL2.so
07-22 10:00:46.412 23261 23261 V pythonutil: Checking pattern libSDL2_ttf\.so against libSDL2_ttf.so
07-22 10:00:46.412 23261 23261 V pythonutil: Pattern libSDL2_ttf\.so matched file libSDL2_ttf.so
07-22 10:00:46.412 23261 23261 V pythonutil: Checking pattern libSDL2_ttf\.so against libpng16.so
07-22 10:00:46.412 23261 23261 V pythonutil: Checking pattern libSDL2_ttf\.so against libfreetype.so
07-22 10:00:46.412 23261 23261 V pythonutil: Checking pattern libSDL2_ttf\.so against libmain.so
07-22 10:00:46.412 23261 23261 V pythonutil: Checking pattern libSDL2_ttf\.so against libffi.so
07-22 10:00:46.412 23261 23261 V pythonutil: Checking pattern libSDL2_ttf\.so against libSDL2_image.so
07-22 10:00:46.412 23261 23261 V pythonutil: Checking pattern libSDL2_ttf\.so against libcrypto.so
07-22 10:00:46.412 23261 23261 V pythonutil: Checking pattern libSDL2_ttf\.so against libpythonbin.so
07-22 10:00:46.412 23261 23261 V pythonutil: Checking pattern libSDL2_ttf\.so against libSDL2_mixer.so
07-22 10:00:46.412 23261 23261 V pythonutil: Checking pattern libSDL2_ttf\.so against libssl.so
07-22 10:00:46.412 23261 23261 V pythonutil: Checking pattern libSDL2_ttf\.so against libpybundle.so
07-22 10:00:46.412 23261 23261 V pythonutil: Checking pattern libSDL2_ttf\.so against libsqlite3.so
07-22 10:00:46.412 23261 23261 V pythonutil: Checking pattern libSDL2_ttf\.so against libpython3.14.so
07-22 10:00:46.412 23261 23261 V pythonutil: Checking pattern libSDL3\.so against libSDL2.so
07-22 10:00:46.412 23261 23261 V pythonutil: Checking pattern libSDL3\.so against libSDL2_ttf.so
07-22 10:00:46.412 23261 23261 V pythonutil: Checking pattern libSDL3\.so against libpng16.so
07-22 10:00:46.412 23261 23261 V pythonutil: Checking pattern libSDL3\.so against libfreetype.so
07-22 10:00:46.412 23261 23261 V pythonutil: Checking pattern libSDL3\.so against libmain.so
07-22 10:00:46.412 23261 23261 V pythonutil: Checking pattern libSDL3\.so against libffi.so
07-22 10:00:46.412 23261 23261 V pythonutil: Checking pattern libSDL3\.so against libSDL2_image.so
07-22 10:00:46.412 23261 23261 V pythonutil: Checking pattern libSDL3\.so against libcrypto.so
07-22 10:00:46.412 23261 23261 V pythonutil: Checking pattern libSDL3\.so against libpythonbin.so
07-22 10:00:46.412 23261 23261 V pythonutil: Checking pattern libSDL3\.so against libSDL2_mixer.so
07-22 10:00:46.412 23261 23261 V pythonutil: Checking pattern libSDL3\.so against libssl.so
07-22 10:00:46.412 23261 23261 V pythonutil: Checking pattern libSDL3\.so against libpybundle.so
07-22 10:00:46.412 23261 23261 V pythonutil: Checking pattern libSDL3\.so against libsqlite3.so
07-22 10:00:46.412 23261 23261 V pythonutil: Checking pattern libSDL3\.so against libpython3.14.so
07-22 10:00:46.412   985   985 D SurfaceFlinger: GPIS:: requestGPIS
07-22 10:00:46.412 23261 23261 V pythonutil: Checking pattern libSDL3_image\.so against libSDL2.so
07-22 10:00:46.412 23261 23261 V pythonutil: Checking pattern libSDL3_image\.so against libSDL2_ttf.so
07-22 10:00:46.412 23261 23261 V pythonutil: Checking pattern libSDL3_image\.so against libpng16.so
07-22 10:00:46.412 23261 23261 V pythonutil: Checking pattern libSDL3_image\.so against libfreetype.so
07-22 10:00:46.412 23261 23261 V pythonutil: Checking pattern libSDL3_image\.so against libmain.so
07-22 10:00:46.413 23261 23261 V pythonutil: Checking pattern libSDL3_image\.so against libffi.so
07-22 10:00:46.413 23261 23261 V pythonutil: Checking pattern libSDL3_image\.so against libSDL2_image.so
07-22 10:00:46.413 23261 23261 V pythonutil: Checking pattern libSDL3_image\.so against libcrypto.so
07-22 10:00:46.413 23261 23261 V pythonutil: Checking pattern libSDL3_image\.so against libpythonbin.so
07-22 10:00:46.413 23261 23261 V pythonutil: Checking pattern libSDL3_image\.so against libSDL2_mixer.so
07-22 10:00:46.413 23261 23261 V pythonutil: Checking pattern libSDL3_image\.so against libssl.so
07-22 10:00:46.413 23261 23261 V pythonutil: Checking pattern libSDL3_image\.so against libpybundle.so
07-22 10:00:46.413 23261 23261 V pythonutil: Checking pattern libSDL3_image\.so against libsqlite3.so
07-22 10:00:46.413 23261 23261 V pythonutil: Checking pattern libSDL3_image\.so against libpython3.14.so
07-22 10:00:46.413 23261 23261 V pythonutil: Checking pattern libSDL3_mixer\.so against libSDL2.so
07-22 10:00:46.413 23261 23261 V pythonutil: Checking pattern libSDL3_mixer\.so against libSDL2_ttf.so
07-22 10:00:46.413 23261 23261 V pythonutil: Checking pattern libSDL3_mixer\.so against libpng16.so
07-22 10:00:46.413 23261 23261 V pythonutil: Checking pattern libSDL3_mixer\.so against libfreetype.so
07-22 10:00:46.413 23261 23261 V pythonutil: Checking pattern libSDL3_mixer\.so against libmain.so
07-22 10:00:46.413 23261 23261 V pythonutil: Checking pattern libSDL3_mixer\.so against libffi.so
07-22 10:00:46.413 23261 23261 V pythonutil: Checking pattern libSDL3_mixer\.so against libSDL2_image.so
07-22 10:00:46.413 23261 23261 V pythonutil: Checking pattern libSDL3_mixer\.so against libcrypto.so
07-22 10:00:46.413 23261 23261 V pythonutil: Checking pattern libSDL3_mixer\.so against libpythonbin.so
07-22 10:00:46.413 23261 23261 V pythonutil: Checking pattern libSDL3_mixer\.so against libSDL2_mixer.so
07-22 10:00:46.413 23261 23261 V pythonutil: Checking pattern libSDL3_mixer\.so against libssl.so
07-22 10:00:46.413 23261 23261 V pythonutil: Checking pattern libSDL3_mixer\.so against libpybundle.so
07-22 10:00:46.413 23261 23261 V pythonutil: Checking pattern libSDL3_mixer\.so against libsqlite3.so
07-22 10:00:46.413 23261 23261 V pythonutil: Checking pattern libSDL3_mixer\.so against libpython3.14.so
07-22 10:00:46.413 23261 23261 V pythonutil: Checking pattern libSDL3_ttf\.so against libSDL2.so
07-22 10:00:46.413 23261 23261 V pythonutil: Checking pattern libSDL3_ttf\.so against libSDL2_ttf.so
07-22 10:00:46.413 23261 23261 V pythonutil: Checking pattern libSDL3_ttf\.so against libpng16.so
07-22 10:00:46.413 23261 23261 V pythonutil: Checking pattern libSDL3_ttf\.so against libfreetype.so
07-22 10:00:46.413 23261 23261 V pythonutil: Checking pattern libSDL3_ttf\.so against libmain.so
07-22 10:00:46.413 23261 23261 V pythonutil: Checking pattern libSDL3_ttf\.so against libffi.so
07-22 10:00:46.413 23261 23261 V pythonutil: Checking pattern libSDL3_ttf\.so against libSDL2_image.so
07-22 10:00:46.413 23261 23261 V pythonutil: Checking pattern libSDL3_ttf\.so against libcrypto.so
07-22 10:00:46.413 23261 23261 V pythonutil: Checking pattern libSDL3_ttf\.so against libpythonbin.so
07-22 10:00:46.413 23261 23261 V pythonutil: Checking pattern libSDL3_ttf\.so against libSDL2_mixer.so
07-22 10:00:46.413 23261 23261 V pythonutil: Checking pattern libSDL3_ttf\.so against libssl.so
07-22 10:00:46.413 23261 23261 V pythonutil: Checking pattern libSDL3_ttf\.so against libpybundle.so
07-22 10:00:46.413 23261 23261 V pythonutil: Checking pattern libSDL3_ttf\.so against libsqlite3.so
07-22 10:00:46.413 23261 23261 V pythonutil: Checking pattern libSDL3_ttf\.so against libpython3.14.so
07-22 10:00:46.413 23261 23261 V pythonutil: Loading library: sqlite3
07-22 10:00:46.414 23261 23261 D nativeloader: Load /data/app/~~ktH62Xg5XZj5ghN2v5RR_g==/org.example.gpstracker-8lIXm8zB9AlT33MMoAtD2w==/lib/arm64/libsqlite3.so using class loader ns clns-4 (caller=/data/app/~~ktH62Xg5XZj5ghN2v5RR_g==/org.example.gpstracker-8lIXm8zB9AlT33MMoAtD2w==/base.apk!classes6.dex): ok
07-22 10:00:46.414 23261 23261 V pythonutil: Loading library: ffi
07-22 10:00:46.415 23261 23261 D nativeloader: Load /data/app/~~ktH62Xg5XZj5ghN2v5RR_g==/org.example.gpstracker-8lIXm8zB9AlT33MMoAtD2w==/lib/arm64/libffi.so using class loader ns clns-4 (caller=/data/app/~~ktH62Xg5XZj5ghN2v5RR_g==/org.example.gpstracker-8lIXm8zB9AlT33MMoAtD2w==/base.apk!classes6.dex): ok
07-22 10:00:46.415 23261 23261 V pythonutil: Loading library: png16
07-22 10:00:46.415 23261 23261 D nativeloader: Load /data/app/~~ktH62Xg5XZj5ghN2v5RR_g==/org.example.gpstracker-8lIXm8zB9AlT33MMoAtD2w==/lib/arm64/libpng16.so using class loader ns clns-4 (caller=/data/app/~~ktH62Xg5XZj5ghN2v5RR_g==/org.example.gpstracker-8lIXm8zB9AlT33MMoAtD2w==/base.apk!classes6.dex): ok
07-22 10:00:46.415 23261 23261 V pythonutil: Loading library: ssl
07-22 10:00:46.416 23261 23261 D nativeloader: Load /data/app/~~ktH62Xg5XZj5ghN2v5RR_g==/org.example.gpstracker-8lIXm8zB9AlT33MMoAtD2w==/lib/arm64/libssl.so using class loader ns clns-4 (caller=/data/app/~~ktH62Xg5XZj5ghN2v5RR_g==/org.example.gpstracker-8lIXm8zB9AlT33MMoAtD2w==/base.apk!classes6.dex): ok
07-22 10:00:46.416 23261 23261 V pythonutil: Loading library: crypto
07-22 10:00:46.416 23261 23261 D nativeloader: Load /data/app/~~ktH62Xg5XZj5ghN2v5RR_g==/org.example.gpstracker-8lIXm8zB9AlT33MMoAtD2w==/lib/arm64/libcrypto.so using class loader ns clns-4 (caller=/data/app/~~ktH62Xg5XZj5ghN2v5RR_g==/org.example.gpstracker-8lIXm8zB9AlT33MMoAtD2w==/base.apk!classes6.dex): ok
07-22 10:00:46.416 23261 23261 V pythonutil: Loading library: SDL2
07-22 10:00:46.417 23261 23261 D nativeloader: Load /data/app/~~ktH62Xg5XZj5ghN2v5RR_g==/org.example.gpstracker-8lIXm8zB9AlT33MMoAtD2w==/lib/arm64/libSDL2.so using class loader ns clns-4 (caller=/data/app/~~ktH62Xg5XZj5ghN2v5RR_g==/org.example.gpstracker-8lIXm8zB9AlT33MMoAtD2w==/base.apk!classes6.dex): ok
07-22 10:00:46.417 23261 23261 V pythonutil: Loading library: SDL2_image
07-22 10:00:46.417 23261 23261 D nativeloader: Load /data/app/~~ktH62Xg5XZj5ghN2v5RR_g==/org.example.gpstracker-8lIXm8zB9AlT33MMoAtD2w==/lib/arm64/libSDL2_image.so using class loader ns clns-4 (caller=/data/app/~~ktH62Xg5XZj5ghN2v5RR_g==/org.example.gpstracker-8lIXm8zB9AlT33MMoAtD2w==/base.apk!classes6.dex): ok
07-22 10:00:46.417 23261 23261 V pythonutil: Loading library: SDL2_mixer
07-22 10:00:46.418 23261 23261 D nativeloader: Load /data/app/~~ktH62Xg5XZj5ghN2v5RR_g==/org.example.gpstracker-8lIXm8zB9AlT33MMoAtD2w==/lib/arm64/libSDL2_mixer.so using class loader ns clns-4 (caller=/data/app/~~ktH62Xg5XZj5ghN2v5RR_g==/org.example.gpstracker-8lIXm8zB9AlT33MMoAtD2w==/base.apk!classes6.dex): ok
07-22 10:00:46.418 23261 23261 V pythonutil: Loading library: SDL2_ttf
07-22 10:00:46.419 23261 23261 D nativeloader: Load /data/app/~~ktH62Xg5XZj5ghN2v5RR_g==/org.example.gpstracker-8lIXm8zB9AlT33MMoAtD2w==/lib/arm64/libSDL2_ttf.so using class loader ns clns-4 (caller=/data/app/~~ktH62Xg5XZj5ghN2v5RR_g==/org.example.gpstracker-8lIXm8zB9AlT33MMoAtD2w==/base.apk!classes6.dex): ok
07-22 10:00:46.419 23261 23261 V pythonutil: Loading library: python3.14
07-22 10:00:46.420 23261 23261 D nativeloader: Load /data/app/~~ktH62Xg5XZj5ghN2v5RR_g==/org.example.gpstracker-8lIXm8zB9AlT33MMoAtD2w==/lib/arm64/libpython3.14.so using class loader ns clns-4 (caller=/data/app/~~ktH62Xg5XZj5ghN2v5RR_g==/org.example.gpstracker-8lIXm8zB9AlT33MMoAtD2w==/base.apk!classes6.dex): ok
07-22 10:00:46.420   839   839 E audit   : type=1400 audit(1784703646.415:3564): avc:  denied  { read } for  pid=23261 comm="SDLActivity" name="overcommit_memory" dev="proc" ino=505130 scontext=u:r:untrusted_app:s0:c141,c257,c512,c768 tcontext=u:object_r:proc_overcommit_memory:s0 tclass=file permissive=0 SEPF_SM-G991B_12_0001 audit_filtered
07-22 10:00:46.420   839   839 E audit   : type=1300 audit(1784703646.415:3564): arch=c00000b7 syscall=56 success=no exit=-13 a0=ffffff9c a1=786ca86c32 a2=0 a3=0 items=1 ppid=859 pid=23261 auid=4294967295 uid=10397 gid=10397 euid=10397 suid=10397 fsuid=10397 egid=10397 sgid=10397 fsgid=10397 tty=(none) ses=4294967295 comm="SDLActivity" exe="/system/bin/app_process64" subj=u:r:untrusted_app:s0:c141,c257,c512,c768 key=(null)
07-22 10:00:46.420   839   839 E audit   : type=1302 audit(1784703646.415:3564): item=0 name="/proc/sys/vm/overcommit_memory" inode=505130 dev=00:05 mode=0100644 ouid=0 ogid=0 rdev=00:00 obj=u:object_r:proc_overcommit_memory:s0 nametype=NORMAL cap_fp=0 cap_fi=0 cap_fe=0 cap_fver=0 cap_frootid=0
07-22 10:00:46.420   839   839 E audit   : type=1327 audit(1784703646.415:3564): proctitle="org.example.gpstracker"
07-22 10:00:46.420 23261 23261 V pythonutil: Loading library: main
07-22 10:00:46.421 23261 23261 D nativeloader: Load /data/app/~~ktH62Xg5XZj5ghN2v5RR_g==/org.example.gpstracker-8lIXm8zB9AlT33MMoAtD2w==/lib/arm64/libmain.so using class loader ns clns-4 (caller=/data/app/~~ktH62Xg5XZj5ghN2v5RR_g==/org.example.gpstracker-8lIXm8zB9AlT33MMoAtD2w==/base.apk!classes6.dex): ok
07-22 10:00:46.421 23261 23261 V pythonutil: Loaded everything!
07-22 10:00:46.421 23261 23261 V SDL     : nativeSetupJNI()
07-22 10:00:46.421 23261 23261 V SDL     : AUDIO nativeSetupJNI()
07-22 10:00:46.421 23261 23261 V SDL     : CONTROLLER nativeSetupJNI()
07-22 10:00:46.423   976  2850 V APM_AudioPolicyManager: listAudioPorts() role 0 type 0 num_ports 0 ports 0xb40000728f8e4910
07-22 10:00:46.424   976  2850 V APM_AudioPolicyManager: listAudioPorts() got 0 ports needed 12
07-22 10:00:46.424   976  2850 V APM_AudioPolicyManager: listAudioPorts() role 0 type 0 num_ports 12 ports 0xb4000074af920030
07-22 10:00:46.424   976  2850 V APM_AudioPolicyManager: listAudioPorts() got 12 ports needed 12
07-22 10:00:46.433  1154  3744 W ServiceManager: Permission failure: android.permission.HIGH_SAMPLING_RATE_SENSORS from uid=10397 pid=23261
07-22 10:00:46.435 23261 23261 V PythonActivity: Setting env vars for start.c and Python to use
07-22 10:00:46.435 23261 23261 V PythonActivity: Access to our meta-data...
07-22 10:00:46.436 23261 23261 I PythonActivity: Surface will NOT be transparent
07-22 10:00:46.437 23261 23261 I SurfaceView: onWindowVisibilityChanged(0) true org.libsdl.app.SDLSurface{98bd9e8 VFE...... .F....I. 0,0-0,0} of ViewRootImpl@281a8c9[PythonActivity]
07-22 10:00:46.439  1154  3744 V WindowManager: Relayout Window{a8017d0 u0 org.example.gpstracker/org.kivy.android.PythonActivity}: viewVisibility=0 req=1080x2400 d0
07-22 10:00:46.439  1154  3744 D RestrictionPolicy: isScreenCaptureEnabled : ret=true userId=0
07-22 10:00:46.440   985  2358 I SurfaceFlinger: id=351 createSurf (1x1),-3 flag=40004, org.example.gpstracker/org.kivy.android.PythonActivity$_23261#0
07-22 10:00:46.441  1154  3744 D WindowManager: makeSurface duration=2 name=org.example.gpstracker/org.kivy.android.PythonActivity$_23261
07-22 10:00:46.442  1154  3744 V WindowManager: Changing focus from null to Window{a8017d0 u0 org.example.gpstracker/org.kivy.android.PythonActivity} displayId=0 Callers=com.android.server.wm.RootWindowContainer.updateFocusedWindowLocked:582 com.android.server.wm.WindowManagerService.updateFocusedWindowLocked:6415 com.android.server.wm.WindowManagerService.relayoutWindow:2744 com.android.server.wm.Session.relayout:242 
07-22 10:00:46.442  1154  3744 I WindowManager: Cancelling animation restarting=true, leash=Surface(name=Surface(name=db79f74 StatusBar)/@0xd7bc1b - animation-leash of insets_animation)/@0x64d0c0f
07-22 10:00:46.442  1154  3744 I WindowManager: Reparenting to original parent: Surface(name=WindowToken{1964686 android.os.BinderProxy@4275ec8})/@0xf0d81b8, destroy=false, surface=Surface(name=db79f74 StatusBar)/@0xd7bc1b
07-22 10:00:46.442  1154  3744 I WindowManager: Reparenting to leash, surface=Surface(name=db79f74 StatusBar)/@0xd7bc1b, leashParent=Surface(name=WindowToken{1964686 android.os.BinderProxy@4275ec8})/@0xf0d81b8
07-22 10:00:46.442   985  2358 I SurfaceFlinger: id=352 createSurf (0x0),-1 flag=24000, Surface(name=db79f74 StatusBar)/@0xd7bc1b - animation-leash of insets_animation#0
07-22 10:00:46.443  1154  3744 D WindowManager: makeSurface duration=0 leash=Surface(name=Surface(name=db79f74 StatusBar)/@0xd7bc1b - animation-leash of insets_animation)/@0xfdbef83
07-22 10:00:46.443  1154  3744 I WindowManager: Cancelling animation restarting=true, leash=Surface(name=Surface(name=c4c7265 NavigationBar0)/@0x6defaf6 - animation-leash of insets_animation)/@0x2350ea5
07-22 10:00:46.443  1154  3744 I WindowManager: Reparenting to original parent: Surface(name=WindowToken{4a07f5c android.os.BinderProxy@d2e1a2e})/@0xdabfef7, destroy=false, surface=Surface(name=c4c7265 NavigationBar0)/@0x6defaf6
07-22 10:00:46.443  1154  3744 I WindowManager: Reparenting to leash, surface=Surface(name=c4c7265 NavigationBar0)/@0x6defaf6, leashParent=Surface(name=WindowToken{4a07f5c android.os.BinderProxy@d2e1a2e})/@0xdabfef7
07-22 10:00:46.443   985  2358 I SurfaceFlinger: id=353 createSurf (0x0),-1 flag=24000, Surface(name=c4c7265 NavigationBar0)/@0x6defaf6 - animation-leash of insets_animation#0
07-22 10:00:46.443  1154  3744 D WindowManager: makeSurface duration=1 leash=Surface(name=Surface(name=c4c7265 NavigationBar0)/@0x6defaf6 - animation-leash of insets_animation)/@0xa0c2139
07-22 10:00:46.443  1154  3744 D StatusBarManagerService: notifyRequestedSystemKey recent=false home=false
07-22 10:00:46.443  1803  1803 D NavigationBar: onSystemBarAttributesChanged() -  displayId:0, appearance:16 (APPEARANCE_LIGHT_NAVIGATION_BARS ), navbarColorManagedByIme:false
07-22 10:00:46.443  1154  1376 I input_focus: [Focus request a8017d0 org.example.gpstracker/org.kivy.android.PythonActivity,reason=UpdateInputWindows]
07-22 10:00:46.444  1154  3744 V WindowManager: Relayout hash=a8017d0, pid=23261: mAttrs={(0,0)(fillxfill) sim={adjust=pan forwardNavigation} ty=BASE_APPLICATION fmt=TRANSLUCENT wanim=0x1030303 sysuil=true
07-22 10:00:46.444  1154  3744 V WindowManager:   fl=81810100
07-22 10:00:46.444  1154  3744 V WindowManager:   pfl=12020040
07-22 10:00:46.444  1154  3744 V WindowManager:   apr=LIGHT_NAVIGATION_BARS
07-22 10:00:46.444  1154  3744 V WindowManager:   bhv=DEFAULT
07-22 10:00:46.444  1154  3744 V WindowManager:   fitSides= naviIconColor=0
07-22 10:00:46.444  1154  3744 V WindowManager:   sfl=100000}
07-22 10:00:46.445 23261 23261 I ViewRootImpl@281a8c9[PythonActivity]: Relayout returned: old=(0,0,1080,2400) new=(0,0,1080,2400) req=(1080,2400)0 dur=5 res=0x7 s={true -5476376620758429552} ch=true fn=-1
07-22 10:00:46.445   885   956 I display : getColorModes:: Supported color modes (3)
07-22 10:00:46.445   885   956 I display : 	[0] mode 0
07-22 10:00:46.445   885   956 I display : 	[1] mode 7
07-22 10:00:46.445   885   956 I display : 	[2] mode 6
07-22 10:00:46.446 23261 23261 I SurfaceView: windowStopped(false) true org.libsdl.app.SDLSurface{98bd9e8 VFE...... .F....ID 0,0-1080,2176} of ViewRootImpl@281a8c9[PythonActivity]
07-22 10:00:46.446 23261 23282 D hw-ProcessState: Binder ioctl to enable oneway spam detection failed: Invalid argument
07-22 10:00:46.446 23261 23261 I ViewRootImpl@281a8c9[PythonActivity]: [DP] dp(1) 1 android.view.ViewRootImpl.reportNextDraw:11233 android.view.ViewRootImpl.performTraversals:4075 android.view.ViewRootImpl.doTraversal:2819 
07-22 10:00:46.446   985  2462 I SurfaceFlinger: id=354 createSurf (0x0),-1 flag=20004, Bounds for - org.example.gpstracker/org.kivy.android.PythonActivity@0#0
07-22 10:00:46.447   985  1033 I SurfaceFlinger: id=355 createSurf (0x0),-1 flag=80004, SurfaceView - org.example.gpstracker/org.kivy.android.PythonActivity@98bd9e8@0#0
07-22 10:00:46.447   985  1033 I SurfaceFlinger: id=356 createSurf (0x0),-1 flag=40400, SurfaceView - org.example.gpstracker/org.kivy.android.PythonActivity@98bd9e8@0(BLAST)#0
07-22 10:00:46.447   985  1033 I SurfaceFlinger: id=357 createSurf (0x0),-1 flag=20404, Background for SurfaceView - org.example.gpstracker/org.kivy.android.PythonActivity@98bd9e8@0#0
07-22 10:00:46.448 23261 23261 I SurfaceView: updateSurface: mVisible = true mSurface.isValid() = true
07-22 10:00:46.448 23261 23261 I SurfaceView: updateSurface: mSurfaceCreated = false surfaceChanged = true visibleChanged = true
07-22 10:00:46.448 23261 23261 I SurfaceView: surfaceCreated 1 #8 org.libsdl.app.SDLSurface{98bd9e8 VFE...... .F....ID 0,0-1080,2176}
07-22 10:00:46.448 23261 23261 V SDL     : surfaceCreated()
07-22 10:00:46.448 23261 23261 I SurfaceView: surfaceChanged (1080,2176) 1 #8 org.libsdl.app.SDLSurface{98bd9e8 VFE...... .F....ID 0,0-1080,2176}
07-22 10:00:46.448 23261 23261 V SDL     : surfaceChanged()
07-22 10:00:46.448 23261 23261 V SDL     : Window size: 1080x2176
07-22 10:00:46.448 23261 23261 V SDL     : Device size: 1080x2400
07-22 10:00:46.449  1154  3744 W ServiceManager: Permission failure: android.permission.HIGH_SAMPLING_RATE_SENSORS from uid=10397 pid=23261
07-22 10:00:46.449  1154  3744 W ServiceManager: Permission failure: android.permission.HIGH_SAMPLING_RATE_SENSORS from uid=10397 pid=23261
07-22 10:00:46.449  1154  3744 D SensorService: Calling batch handle==1 flags=0 rate=20000000 timeout== 0
07-22 10:00:46.449   897   897 I Sensors : batch(0) - accelerometer_sensor try to batching with 20000000
07-22 10:00:46.452   897   897 I Sensors : flush accelerometer_sensor
07-22 10:00:46.454   985   985 I Layer   : id=348 removeFromCurrentState Surface(name=db79f74 StatusBar)/@0xd7bc1b - animation-leash of insets_animation#1 (118)
07-22 10:00:46.454   985   985 I Layer   : id=349 removeFromCurrentState Surface(name=c4c7265 NavigationBar0)/@0x6defaf6 - animation-leash of insets_animation#1 (118)
07-22 10:00:46.454   985   985 I SurfaceFlinger: [a8017d0 org.example.gpstracker/org.kivy.android.PythonActivity#0] FrameRatePriority: 1
07-22 10:00:46.454 23261 23261 D SensorManager: registerListener :: 1, LSM6DSO Accelerometer, 20000, 0, 
07-22 10:00:46.454   985   985 I SurfaceFlinger: id=348 Removed Surface(name=db79f74 StatusBar)/@0xd7bc1b - animation-leash of insets_animation#1 (118)
07-22 10:00:46.454   985   985 I SurfaceFlinger: id=349 Removed Surface(name=c4c7265 NavigationBar0)/@0x6defaf6 - animation-leash of insets_animation#1 (118)
07-22 10:00:46.454   985   985 I Layer   : id=348 Destroyed Surface(name=db79f74 StatusBar)/@0xd7bc1b - animation-leash of insets_animation#1
07-22 10:00:46.454   985   985 I Layer   : id=349 Destroyed Surface(name=c4c7265 NavigationBar0)/@0x6defaf6 - animation-leash of insets_animation#1
07-22 10:00:46.454 23261 23261 D SensorManager: registerListener fail (2) :: 1, LSM6DSO Accelerometer, 20000, 0, org.libsdl.app.SDLSurface{98bd9e8 VFE...... .F....ID 0,0-1080,2176}
07-22 10:00:46.454 23261 23295 V SDL     : Running main function SDL_main from library /data/app/~~ktH62Xg5XZj5ghN2v5RR_g==/org.example.gpstracker-8lIXm8zB9AlT33MMoAtD2w==/lib/arm64/libmain.so
07-22 10:00:46.454 23261 23295 V PythonActivity: appConfirmedActive() -> preparing loading screen removal
07-22 10:00:46.454 23261 23261 I ViewRootImpl@281a8c9[PythonActivity]: [DP] dp(2) 1 android.view.SurfaceView.updateSurface:1369 android.view.SurfaceView.lambda$new$1$SurfaceView:253 android.view.SurfaceView$$ExternalSyntheticLambda2.onPreDraw:2 
07-22 10:00:46.454 23261 23295 V SDL     : nativeRunMain()
07-22 10:00:46.454 23261 23261 I ViewRootImpl@281a8c9[PythonActivity]: [DP] pdf(1) 1 android.view.SurfaceView.notifyDrawFinished:607 android.view.SurfaceView.performDrawFinished:594 android.view.SurfaceView.$r8$lambda$st27mCkd9jfJkTrN_P3qIGKX6NY:0 
07-22 10:00:46.455 23261 23261 D ViewRootImpl@281a8c9[PythonActivity]: Creating frameCompleteCallback mNextDrawUseBlastSync=false mReportNextDraw=true commitCallbacks size=0
07-22 10:00:46.455  1154  3241 D InputDispatcher: Focus request (0): a8017d0 org.example.gpstracker/org.kivy.android.PythonActivity but waiting because NOT_VISIBLE
07-22 10:00:46.455 23261 23295 I python  : Initializing Python for Android
07-22 10:00:46.455 23261 23295 I python  : Setting additional env vars from p4a_env_vars.txt
07-22 10:00:46.455 23261 23295 I python  : Changing directory to '/data/user/0/org.example.gpstracker/files/app'
07-22 10:00:46.455 23261 23295 I python  : Preparing to initialize python
07-22 10:00:46.455 23261 23295 I python  : _python_bundle dir exists
07-22 10:00:46.455 23261 23295 I python  : set wchar paths...
07-22 10:00:46.457  2274 20220 I RecentModel: onTaskStackChangedBackground
07-22 10:00:46.458  2274 20220 I RecentTasksList: getTaskKeys, numTasks :3 callback : com.android.quickstep.-$$Lambda$RecentsModel$k1Mm-BV64Bc89eJHYugywZmW_Js@8d08de7
07-22 10:00:46.458  1154  3241 D ActivityTaskManager: getRecentPairTasks() maxNum :3 from 10147
07-22 10:00:46.458  1154  3241 D RecentTaskItemController: getRecentPairTasksImpl() maxNum :3 from 10147
07-22 10:00:46.459  2274  2331 I RecentTasksList: loadTasksInBackground() task id : 288
07-22 10:00:46.459  2274  2331 I RecentTasksList: loadTasksInBackground() task id : 296
07-22 10:00:46.469 23261 23282 D ViewRootImpl@281a8c9[PythonActivity]: Received frameCompleteCallback frameNum=1
07-22 10:00:46.473 23261 23261 I ViewRootImpl@281a8c9[PythonActivity]: [DP] pdf(0) 1 android.view.ViewRootImpl.lambda$createFrameCompleteCallback$3$ViewRootImpl:4833 android.view.ViewRootImpl$$ExternalSyntheticLambda15.run:6 android.os.Handler.handleCallback:938 
07-22 10:00:46.473 23261 23261 I ViewRootImpl@281a8c9[PythonActivity]: [DP] rdf()
07-22 10:00:46.473  1154  3744 D WindowManager: finishDrawingWindow: Window{a8017d0 u0 org.example.gpstracker/org.kivy.android.PythonActivity} mDrawState=DRAW_PENDING
07-22 10:00:46.474  1154  1376 I WindowManager: Reparenting to leash, surface=Surface(name=a8017d0 org.example.gpstracker/org.kivy.android.PythonActivity)/@0x45fb37e, leashParent=Surface(name=ActivityRecord{a15ec7d u0 org.example.gpstracker/org.kivy.android.PythonActivity t296})/@0x6e400df
07-22 10:00:46.474   985  1032 I SurfaceFlinger: id=358 createSurf (0x0),-1 flag=24000, Surface(name=a8017d0 org.example.gpstracker/org.kivy.android.PythonActivity)/@0x45fb37e - animation-leash of starting_reveal#0
07-22 10:00:46.476  1154  1376 D WindowManager: makeSurface duration=1 leash=Surface(name=Surface(name=a8017d0 org.example.gpstracker/org.kivy.android.PythonActivity)/@0x45fb37e - animation-leash of starting_reveal)/@0x2d2812c
07-22 10:00:46.476  1154  3744 V WindowManager: Relayout Window{a8017d0 u0 org.example.gpstracker/org.kivy.android.PythonActivity}: viewVisibility=0 req=1080x2400 d0
07-22 10:00:46.477  1154  3744 V WindowManager: Relayout hash=a8017d0, pid=23261: mAttrs={(0,0)(fillxfill) sim={adjust=pan forwardNavigation} ty=BASE_APPLICATION fmt=TRANSLUCENT wanim=0x1030303 sysuil=true
07-22 10:00:46.477  1154  3744 V WindowManager:   fl=81810900
07-22 10:00:46.477  1154  3744 V WindowManager:   pfl=12020040
07-22 10:00:46.477  1154  3744 V WindowManager:   vsysui=100
07-22 10:00:46.477  1154  3744 V WindowManager:   apr=LIGHT_NAVIGATION_BARS
07-22 10:00:46.477  1154  3744 V WindowManager:   bhv=DEFAULT
07-22 10:00:46.477  1154  3744 V WindowManager:   fitSides= naviIconColor=0
07-22 10:00:46.477  1154  3744 V WindowManager:   sfl=100000}
07-22 10:00:46.478  1154  1370 I sysui_multi_action: [319,44,321,40,322,138,325,554,757,761,758,8,759,1,806,org.example.gpstracker,871,org.kivy.android.PythonActivity,904,com.sec.android.app.launcher,905,0,1320,4,1321,21]
07-22 10:00:46.478 23261 23261 I ViewRootImpl@281a8c9[PythonActivity]: Relayout returned: old=(0,0,1080,2400) new=(0,0,1080,2400) req=(1080,2400)0 dur=2 res=0x1 s={true -5476376620758429552} ch=false fn=2
07-22 10:00:46.478  1154  1370 I am_app_transition: [org.example.gpstracker,org.kivy.android.PythonActivity,SPLASH_SCREEN,44,40,-1,138,WARM,verify]
07-22 10:00:46.478  1154  1370 D [secipm]: mSecIpmManager report to nap
07-22 10:00:46.478  1154  1370 I PkgPredictorService-SecIpmManagerServiceImpl: reportToNAP uid:10397 org.example.gpstracker/org.kivy.android.PythonActivity thisTime:138
07-22 10:00:46.479 23261 23261 I ViewRootImpl@281a8c9[PythonActivity]: updateBoundsLayer: t = android.view.SurfaceControl$Transaction@e60a801 sc = Surface(name=Bounds for - org.example.gpstracker/org.kivy.android.PythonActivity@0)/@0x41e06a6 frame = 2
07-22 10:00:46.479  1154  2629 I PkgPredictorService-NapClassifier: it's ready to run
07-22 10:00:46.479  1154  1370 I wm_activity_launch_time: [0,169208957,org.example.gpstracker/org.kivy.android.PythonActivity,138]
07-22 10:00:46.479  1154  2629 W PkgPredictorService-NapPredictor: err:Attempt to invoke virtual method 'boolean java.util.concurrent.CopyOnWriteArrayList.contains(java.lang.Object)' on a null object reference
07-22 10:00:46.479   897  1547 E Sensors : Sensor : Meta event
07-22 10:00:46.480  1154  2700 D InputDispatcher: Focus entered window (0): a8017d0 org.example.gpstracker/org.kivy.android.PythonActivity
07-22 10:00:46.480 23261 23261 I wm_on_idle_called: {org.example.gpstracker/org.kivy.android.PythonActivity}
07-22 10:00:46.480  1154  1605 I input_focus: [Focus entering a8017d0 org.example.gpstracker/org.kivy.android.PythonActivity (server),reason=Window became focusable. Previous reason: NOT_VISIBLE]
07-22 10:00:46.480 23261 23261 I ViewRootImpl@281a8c9[PythonActivity]: MSG_WINDOW_FOCUS_CHANGED 1 1
07-22 10:00:46.480 23261 23261 V SDL     : onWindowFocusChanged(): true
07-22 10:00:46.480 23261 23261 D InputMethodManager: startInputInner - Id : 0
07-22 10:00:46.480 23261 23261 I InputMethodManager: startInputInner - mService.startInputOrWindowGainedFocus
07-22 10:00:46.481  1154  1936 D InputMethodManagerService: mSecureKeypadEnabled = false
07-22 10:00:46.481  1154  1370 I ActivityTaskManager: Displayed org.example.gpstracker/org.kivy.android.PythonActivity: +138ms
07-22 10:00:46.482  1154  1936 V InputMethodManagerService: Unspecified window will hide input
07-22 10:00:46.482  1154  1936 V InputMethodManagerService: hideCurrentInputLocked : shouldHideSoftInput is false
07-22 10:00:46.482  1154  1936 D InputMethodManagerService: DESKTOP MODE! : 2
07-22 10:00:46.482  1154  1936 D InputMethodManagerService: NOT IN KNOX DESKTOP MODE!
07-22 10:00:46.482  1154  1936 V InputMethodManagerService: getDisplayIdOfInputMethodWindowToBeAdded : 0
07-22 10:00:46.482  1154  1936 V InputMethodManagerService: Creating new session for client ClientState{f31cbfb uid=10397 pid=23261 displayId=0}
07-22 10:00:46.482  1154  1936 D InputTransport: Input channel constructed: 'ClientS', fd=967
07-22 10:00:46.482  1154  1936 D InputTransport: Input channel constructed: 'ClientS', fd=977
07-22 10:00:46.483  1154  1936 D InputTransport: Input channel destroyed: 'ClientS', fd=977
07-22 10:00:46.483  1154  2700 I wm_idle_activity: [0,169208957,org.example.gpstracker/org.kivy.android.PythonActivity]
07-22 10:00:46.483  1154  2700 I SemDvfsHyPerManager: acquire hyper - AMS_RESUME_TAIL/1154@16, type = -999
07-22 10:00:46.483  1154  2700 I SemDvfsHyPerManager: acquire hyper - AMS_ACT_LAZY/1154@17, type = -999
07-22 10:00:46.483  1154  2700 D ActivityManagerPerformance: AMP_acquire() TAIL
07-22 10:00:46.483  1154  2700 D ActivityManagerPerformance: AMP_release() APP_SWITCH
07-22 10:00:46.483  1154  1370 I Pageboost: Launch time gathered : pid 23261 org.example.gpstracker 138
07-22 10:00:46.484  1154  2700 I power_partial_wake_state: [140,*launch*:android]
07-22 10:00:46.484   908   952 I HYPER-HAL: [RequestManager.cpp]acquire(): Acquired ID : 685051  [1154 / 16]    HINT : AMS_RESUME_TAIL    list : 
07-22 10:00:46.484  2750  2750 E pageboostd: Received HALT command code 2
07-22 10:00:46.484   908   952 I HYPER-HAL: [ResourceManager.cpp]updateResource(): [CPUMinFreq] UpdateResource Request ID : 685051    Value : 1768000
07-22 10:00:46.484   908   952 I HYPER-HAL: [RequestManager.cpp]acquire(): Acquired ID : 686223  [1154 / 17]    HINT :      list : 
07-22 10:00:46.485   908   952 E HYPER-HAL: [Request.cpp]acquire(): Request:: id : 686223, No Resource to set, but wrong args existed
07-22 10:00:46.485   908   952 I HYPER-HAL: [ResourceManager.cpp]removeResource(): [CPUMinFreq] RemoveResource Request ID : 688570
07-22 10:00:46.485   908   952 I HYPER-HAL: [RequestManager.cpp]releaseLocked(): Released ID : 688570
07-22 10:00:46.485   985   985 D SurfaceFlinger: Display 4633128672291735937 HWC layers:
07-22 10:00:46.485   985   985 D SurfaceFlinger:      CLIENT | 0xb400006fc8f312d0 | 0100 | RGBx_8888    |  182.0    0.0 1262.0 2400.0 |    0    0 1080 2400 | Wallpaper BBQ wrapper#0
07-22 10:00:46.485   985   985 D SurfaceFlinger:      CLIENT |              | 0000 |  Unknown  |    0.0    0.0    0.0    0.0 |    0    0 1080 2400 | OneUiHome-BlurLayer#0 (backgroundBlurRadius)
07-22 10:00:46.485   985   985 D SurfaceFlinger:      CLIENT | 0xb400006fc8f39290 | 0100 | RGBA_8888    |    0.0    0.0 1080.0 2400.0 |    0    0 1080 2400 | com.sec.android.app.launcher/com.sec[...].activities.LauncherActivity$_2274#0
07-22 10:00:46.485   985   985 D SurfaceFlinger:      CLIENT |              | 0002 |  Unknown  |    0.0    0.0    0.0    0.0 |  311 1094  902 2141 | Background for SurfaceView - org.exa[...]y.android.PythonActivity@98bd9e8@0#0
07-22 10:00:46.485   985   985 D SurfaceFlinger:      CLIENT | 0xb400006fc8f216d0 | 0100 | RGBA_8888    |    0.0  342.0 1080.0 2319.0 |  311 1094  902 2175 | org.example.gpstracker/org.kivy.android.PythonActivity$_23261#0
07-22 10:00:46.485   985   985 D SurfaceFlinger:      CLIENT | 0xb400006fc8f358d0 | 0100 | RGBA_8888    |    0.0  342.0 1080.0 2319.0 |  311 1094  902 2175 | Splash Screen org.example.gpstracker$_1803#0
07-22 10:00:46.485   985   985 D SurfaceFlinger:      DEVICE |
07-22 10:00:46.485   985   985 D SurfaceFlinger:  0xb400006fc8f34050 | 0100 | RGBA_8888    |    0.0    0.0 1080.0   79.0 |    0    0 1080   79 | StatusBar$_1803#0
07-22 10:00:46.485   985   985 D SurfaceFlinger:      DEVICE | 0xb400006fc8f38d50 | 0100 | RGBA_8888    |    0.0    0.0   67.0  466.0 | 1013  247 1080  713 | com.samsung.android.app.cocktailbars[...]arservice.CocktailBarService$_5946#0
07-22 10:00:46.485   985   985 D SurfaceFlinger:      DEVICE | 0xb400006fc8f35550 | 0100 | RGBA_8888    |    0.0    0.0 1080.0  144.0 |    0 2256 1080 2400 | NavigationBar0$_1803#0
07-22 10:00:46.485   985   985 D SurfaceFlinger: 
07-22 10:00:46.486  1154  3744 D InputMethodManagerService: checkDisplayOfStartInputAndUpdateKeyboard display Id 0last 0
07-22 10:00:46.486  1154  3744 D InputTransport: Input channel constructed: 'ClientS', fd=985
07-22 10:00:46.487  1154  3744 D InputTransport: Input channel destroyed: 'ClientS', fd=985
07-22 10:00:46.487 23261 23261 D InputMethodManager: startInputInner - Id : 0
07-22 10:00:46.487  4789  4789 I HBD     : HoneyBoardService onFinishInput 
07-22 10:00:46.488  4789  4789 I HBD     : a IC have been unbinding,  InputConnectionWrapper{idHash=#7821a9e mMissingMethods=}
07-22 10:00:46.488  4789  4789 I HBD     : HoneyBoardService [PF_CL][onFinishInput]  291039 ns 
07-22 10:00:46.488  4789  4789 I HBD     : HoneyBoardService [IMI] onStartInput - caller pid : 23261 , caller uid : 10397 
07-22 10:00:46.488  4789  4789 I HBD     : j updateConfigs 
07-22 10:00:46.488  4789  4789 I HBD     : j isEnabledNightMode : false 
07-22 10:00:46.488  4789  4789 I HBD     : a IC have been binding, InputConnectionWrapper{idHash=#380d4c mMissingMethods=} 
07-22 10:00:46.488  4789  4789 I HBD     : h [EditorInputType]setPrivateImeOptionsToTable privateImeOptions ( null )
07-22 10:00:46.488  4789  4789 I HBD     : b incognitoMode : false 
07-22 10:00:46.488  4789  4789 I HBD     : a needOff = true , isForceOff = false, isNullInputClass : true 
07-22 10:00:46.488  4789  4789 I HBD     : h getDefaultInputRange : UNKNOWN 
07-22 10:00:46.488  4789  4789 I HBD     : h getDefaultInputRange : UNKNOWN 
07-22 10:00:46.488  4789  4789 I HBD     : h getDefaultInputRange : UNKNOWN 
07-22 10:00:46.489  1154  3744 D RestrictionPolicy: isScreenCaptureEnabled : ret=true userId=0
07-22 10:00:46.489  1154  3744 I WindowManager: Cancelling animation restarting=true, leash=Surface(name=Surface(name=31f3673 InputMethod)/@0x2bde85c - animation-leash of insets_animation)/@0xe74085a
07-22 10:00:46.489  1154  3744 I WindowManager: Reparenting to original parent: Surface(name=WindowToken{7578ed1 android.os.Binder@525d9f8})/@0xad02765, destroy=false, surface=Surface(name=31f3673 InputMethod)/@0x2bde85c
07-22 10:00:46.489  1154  3744 I WindowManager: Reparenting to leash, surface=Surface(name=31f3673 InputMethod)/@0x2bde85c, leashParent=Surface(name=WindowToken{7578ed1 android.os.Binder@525d9f8})/@0xad02765
07-22 10:00:46.490   985  2462 I SurfaceFlinger: id=359 createSurf (0x0),-1 flag=24004, Surface(name=31f3673 InputMethod)/@0x2bde85c - animation-leash of insets_animation#1
07-22 10:00:46.491  1154  3744 D WindowManager: makeSurface duration=1 leash=Surface(name=Surface(name=31f3673 InputMethod)/@0x2bde85c - animation-leash of insets_animation)/@0xd09a9eb
07-22 10:00:46.491  1154  3241 D DARUtil : Device owner status not updated yet...
07-22 10:00:46.491  1154  3241 D DARUtil : Not an enterprise user : 0
07-22 10:00:46.492  4789  4789 I HBD     : h getDefaultInputRange : UNKNOWN 
07-22 10:00:46.492  4789  4789 I HBD     : a currentState : 0 
07-22 10:00:46.493  1154  3241 D InputMethodManagerServicePhysicalKey: isConnectedDexOnPC false
07-22 10:00:46.493  1154  3241 D InputMethodManagerService: isImeSwitcherDisabledPackage : false
07-22 10:00:46.493  4789  4789 I HBD     : h load selected json path : /data/user/0/com.samsung.android.honeyboard/files/selected.json 
07-22 10:00:46.493  4789  4789 I HBD     : h load selected json info : {"version":"1.0","currentLanguageOrder":0,"selected":[{"activeOptionList":["auto_replace","auto_spacing"],"engName":"Russian","id":3342336,"inputType":"qwerty","isUsed":true},{"activeOptionList":["auto_replace","auto_spacing","spell_check","writing_assistant"],"engName":"English","id":65537,"inputType":"qwerty","isUsed":true}]} 
07-22 10:00:46.494  4789  4789 I HBD     : a [UpdatePolicy] [post] a: 0 cl: 3342336 kit: [0/0] vt: 0 ir: 1 
07-22 10:00:46.496   985   985 I Layer   : id=340 removeFromCurrentState Surface(name=31f3673 InputMethod)/@0x2bde85c - animation-leash of insets_animation#0 (118)
07-22 10:00:46.496  4789  4789 I HBD     : HoneyBoardService [PF_OP][onStartInput]  7949154 ns 
07-22 10:00:46.496   985   985 I SurfaceFlinger: id=340 Removed Surface(name=31f3673 InputMethod)/@0x2bde85c - animation-leash of insets_animation#0 (118)
07-22 10:00:46.496   985   985 I Layer   : id=340 Destroyed Surface(name=31f3673 InputMethod)/@0x2bde85c - animation-leash of insets_animation#0
07-22 10:00:46.496  4789  4789 I MSHandlerLifeCycle: isMultiSplitHandlerRequested: ignored. pkg=com.samsung.android.honeyboard isActivity=false callers=com.android.internal.policy.DecorView.setVisibility:4216 android.app.Dialog.hide:700 android.inputmethodservice.InputMethodService.removeImeSurface:1135 android.inputmethodservice.InputMethodService.scheduleImeSurfaceRemoval:1128 android.inputmethodservice.InputMethodService.access$1500:354 
07-22 10:00:46.496  4789  4789 I MSHandlerLifeCycle: removeMultiSplitHandler: no exist. decor=DecorView@f1a4d8e[InputMethod]
07-22 10:00:46.498  1154  1825 D MdnieScenarioControlService:  packageName : org.example.gpstracker    className : org.kivy.android.PythonActivity
07-22 10:00:46.498  1154  1825 V MdnieScenarioControlService: setUIMode from UI function(3)
07-22 10:00:46.505 23261 23295 I python  : Initialized python
07-22 10:00:46.505 23261 23295 I python  : testing python print redirection
07-22 10:00:46.506 23261 23295 I python  : Android kivy bootstrap done. __name__ is __main__
07-22 10:00:46.506  1154  2695 D FreecessController: com.google.android.videos(state: Initial -> Freezeable, Reason: uidIdle)
07-22 10:00:46.506  1154  2695 D FreecessController: com.facebook.katana(state: Initial -> Freezeable, Reason: uidIdle)
07-22 10:00:46.506  1154  2695 D FreecessController: ru.yandex.searchplugin(state: Initial -> Freezeable, Reason: uidIdle)
07-22 10:00:46.506  1154  2695 D FreecessController: com.viber.voip(state: Initial -> Freezeable, Reason: uidIdle)
07-22 10:00:46.506  1154  2695 D FreecessController: com.whatsapp(state: Initial -> Freezeable, Reason: uidIdle)
07-22 10:00:46.506  1154  2695 D FreecessController: com.yandex.browser(state: Initial -> Freezeable, Reason: uidIdle)
07-22 10:00:46.506  1154  2695 D FreecessController: com.instagram.android(state: Initial -> Freezeable, Reason: uidIdle)
07-22 10:00:46.506  1154  2695 D FreecessController: ru.drom.pdd.android.app(state: Initial -> Freezeable, Reason: uidIdle)
07-22 10:00:46.506  1154  2695 D FreecessController: ru.yandex.taxi(state: Initial -> Freezeable, Reason: uidIdle)
07-22 10:00:46.506  1154  2695 D FreecessController: com.samsung.android.calendar(state: Initial -> Freezeable, Reason: uidIdle)
07-22 10:00:46.506  1154  2695 D FreecessController: com.samsung.android.app.reminder(state: Initial -> Freezeable, Reason: uidIdle)
07-22 10:00:46.506  1154  2695 D FreecessController: ru.yandex.searchplugin(state: Initial -> Freezeable, Reason: uidIdle)
07-22 10:00:46.532  1154  3744 V WindowManager: Relayout Window{90418be u0 Splash Screen org.example.gpstracker}: viewVisibility=8 req=1080x2400 d0
07-22 10:00:46.532  1154  3744 I WindowManager: Reparenting to leash, surface=Surface(name=90418be Splash Screen org.example.gpstracker)/@0xb0d4951, leashParent=Surface(name=ActivityRecord{a15ec7d u0 org.example.gpstracker/org.kivy.android.PythonActivity t296})/@0x6e400df
07-22 10:00:46.533   985  1033 I SurfaceFlinger: id=360 createSurf (0x0),-1 flag=24000, Surface(name=90418be Splash Screen org.example.gpstracker)/@0xb0d4951 - animation-leash of window_animation#0
07-22 10:00:46.534  1154  3744 D WindowManager: makeSurface duration=2 leash=Surface(name=Surface(name=90418be Splash Screen org.example.gpstracker)/@0xb0d4951 - animation-leash of window_animation)/@0x6a515b6
07-22 10:00:46.536  1154  3744 V WindowManager: Relayout hash=90418be, pid=1803: mAttrs={(0,0)(fillxfill) sim={adjust=pan} ty=APPLICATION_STARTING fmt=TRANSLUCENT
07-22 10:00:46.536  1154  3744 V WindowManager:   fl=81030118
07-22 10:00:46.536  1154  3744 V WindowManager:   pfl=36000010
07-22 10:00:46.536  1154  3744 V WindowManager:   apr=LIGHT_STATUS_BARS LIGHT_NAVIGATION_BARS
07-22 10:00:46.536  1154  3744 V WindowManager:   bhv=DEFAULT
07-22 10:00:46.536  1154  3744 V WindowManager:   fitSides= naviIconColor=0}
07-22 10:00:46.536  1803  1948 I ViewRootImpl@ca67180[gpstracker]: Relayout returned: old=(0,0,1080,2400) new=(0,0,1080,2400) req=(1080,2400)8 dur=5 res=0x5 s={false 0} ch=true fn=8
07-22 10:00:46.536  1803  1948 I ViewRootImpl@ca67180[gpstracker]: dispatchDetachedFromWindow
07-22 10:00:46.537  1154  3744 I WindowManager: Cancelling animation restarting=false, leash=Surface(name=Surface(name=a8017d0 org.example.gpstracker/org.kivy.android.PythonActivity)/@0x45fb37e - animation-leash of starting_reveal)/@0x2d2812c
07-22 10:00:46.537  1154  3744 I WindowManager: Reparenting to original parent: Surface(name=ActivityRecord{a15ec7d u0 org.example.gpstracker/org.kivy.android.PythonActivity t296})/@0x6e400df, destroy=false, surface=Surface(name=a8017d0 org.example.gpstracker/org.kivy.android.PythonActivity)/@0x45fb37e
07-22 10:00:46.537  1154  3744 D InputTransport: Input channel destroyed: '90418be', fd=947
